Archive member included to satisfy reference by file (symbol)

d:/stm32/gcc-arm-none-eabi-10.3-2021.10/bin/../lib/gcc/arm-none-eabi/10.3.1/thumb/v7e-m/nofp\libgcc.a(_arm_muldf3.o)
                              CMakeFiles/STM32F4xProject.elf.dir/App/TMC220xUart/tmc220xUart.c.obj (__aeabi_dmul)
d:/stm32/gcc-arm-none-eabi-10.3-2021.10/bin/../lib/gcc/arm-none-eabi/10.3.1/thumb/v7e-m/nofp\libgcc.a(_arm_mulsf3.o)
                              CMakeFiles/STM32F4xProject.elf.dir/App/dht/dht.c.obj (__aeabi_fmul)
d:/stm32/gcc-arm-none-eabi-10.3-2021.10/bin/../lib/gcc/arm-none-eabi/10.3.1/thumb/v7e-m/nofp\libgcc.a(_arm_addsubdf3.o)
                              CMakeFiles/STM32F4xProject.elf.dir/App/TMC220xUart/tmc220xUart.c.obj (__aeabi_ui2d)
d:/stm32/gcc-arm-none-eabi-10.3-2021.10/bin/../lib/gcc/arm-none-eabi/10.3.1/thumb/v7e-m/nofp\libgcc.a(_arm_muldivdf3.o)
                              CMakeFiles/STM32F4xProject.elf.dir/App/TMC220xUart/tmc220xUart.c.obj (__aeabi_ddiv)
d:/stm32/gcc-arm-none-eabi-10.3-2021.10/bin/../lib/gcc/arm-none-eabi/10.3.1/thumb/v7e-m/nofp\libgcc.a(_arm_truncdfsf2.o)
                              CMakeFiles/STM32F4xProject.elf.dir/App/TMC220xUart/tmc220xUart.c.obj (__aeabi_d2f)
d:/stm32/gcc-arm-none-eabi-10.3-2021.10/bin/../lib/gcc/arm-none-eabi/10.3.1/thumb/v7e-m/nofp\libgcc.a(_arm_addsubsf3.o)
                              CMakeFiles/STM32F4xProject.elf.dir/App/max31865/max31865.c.obj (__aeabi_fsub)
d:/stm32/gcc-arm-none-eabi-10.3-2021.10/bin/../lib/gcc/arm-none-eabi/10.3.1/thumb/v7e-m/nofp\libgcc.a(_arm_muldivsf3.o)
                              CMakeFiles/STM32F4xProject.elf.dir/App/max31865/max31865.c.obj (__aeabi_fdiv)
d:/stm32/gcc-arm-none-eabi-10.3-2021.10/bin/../lib/gcc/arm-none-eabi/10.3.1/thumb/v7e-m/nofp\libgcc.a(_arm_fixunssfsi.o)
                              CMakeFiles/STM32F4xProject.elf.dir/App/TMC220xUart/tmc220xUart.c.obj (__aeabi_f2uiz)
d:/stm32/gcc-arm-none-eabi-10.3-2021.10/bin/../lib/gcc/arm-none-eabi/10.3.1/thumb/v7e-m/nofp\libgcc.a(_aeabi_uldivmod.o)
                              CMakeFiles/STM32F4xProject.elf.dir/Drivers/STM32F4xx_HAL_Driver/Src/stm32f4xx_hal_rcc.c.obj (__aeabi_uldivmod)
d:/stm32/gcc-arm-none-eabi-10.3-2021.10/bin/../lib/gcc/arm-none-eabi/10.3.1/thumb/v7e-m/nofp\libgcc.a(_fixunsdfdi.o)
                              CMakeFiles/STM32F4xProject.elf.dir/App/TMC220xUart/tmc220xUart.c.obj (__aeabi_d2ulz)
d:/stm32/gcc-arm-none-eabi-10.3-2021.10/bin/../lib/gcc/arm-none-eabi/10.3.1/thumb/v7e-m/nofp\libgcc.a(_udivmoddi4.o)
                              d:/stm32/gcc-arm-none-eabi-10.3-2021.10/bin/../lib/gcc/arm-none-eabi/10.3.1/thumb/v7e-m/nofp\libgcc.a(_aeabi_uldivmod.o) (__udivmoddi4)
d:/stm32/gcc-arm-none-eabi-10.3-2021.10/bin/../lib/gcc/arm-none-eabi/10.3.1/thumb/v7e-m/nofp\libgcc.a(_dvmd_tls.o)
                              d:/stm32/gcc-arm-none-eabi-10.3-2021.10/bin/../lib/gcc/arm-none-eabi/10.3.1/thumb/v7e-m/nofp\libgcc.a(_aeabi_uldivmod.o) (__aeabi_ldiv0)
d:/stm32/gcc-arm-none-eabi-10.3-2021.10/bin/../lib/gcc/arm-none-eabi/10.3.1/thumb/v7e-m/nofp\libgcc.a(_arm_fixunsdfsi.o)
                              d:/stm32/gcc-arm-none-eabi-10.3-2021.10/bin/../lib/gcc/arm-none-eabi/10.3.1/thumb/v7e-m/nofp\libgcc.a(_fixunsdfdi.o) (__aeabi_d2uiz)
d:/stm32/gcc-arm-none-eabi-10.3-2021.10/bin/../lib/gcc/arm-none-eabi/10.3.1/../../../../arm-none-eabi/lib/thumb/v7e-m/nofp\libg.a(lib_a-errno.o)
                              CMakeFiles/STM32F4xProject.elf.dir/Core/Src/syscalls.c.obj (__errno)
d:/stm32/gcc-arm-none-eabi-10.3-2021.10/bin/../lib/gcc/arm-none-eabi/10.3.1/../../../../arm-none-eabi/lib/thumb/v7e-m/nofp\libg.a(lib_a-exit.o)
                              d:/stm32/gcc-arm-none-eabi-10.3-2021.10/bin/../lib/gcc/arm-none-eabi/10.3.1/../../../../arm-none-eabi/lib/thumb/v7e-m/nofp/crt0.o (exit)
d:/stm32/gcc-arm-none-eabi-10.3-2021.10/bin/../lib/gcc/arm-none-eabi/10.3.1/../../../../arm-none-eabi/lib/thumb/v7e-m/nofp\libg.a(lib_a-impure.o)
                              d:/stm32/gcc-arm-none-eabi-10.3-2021.10/bin/../lib/gcc/arm-none-eabi/10.3.1/../../../../arm-none-eabi/lib/thumb/v7e-m/nofp\libg.a(lib_a-exit.o) (_global_impure_ptr)
d:/stm32/gcc-arm-none-eabi-10.3-2021.10/bin/../lib/gcc/arm-none-eabi/10.3.1/../../../../arm-none-eabi/lib/thumb/v7e-m/nofp\libg.a(lib_a-init.o)
                              d:/stm32/gcc-arm-none-eabi-10.3-2021.10/bin/../lib/gcc/arm-none-eabi/10.3.1/../../../../arm-none-eabi/lib/thumb/v7e-m/nofp/crt0.o (__libc_init_array)
d:/stm32/gcc-arm-none-eabi-10.3-2021.10/bin/../lib/gcc/arm-none-eabi/10.3.1/../../../../arm-none-eabi/lib/thumb/v7e-m/nofp\libg.a(lib_a-memset.o)
                              d:/stm32/gcc-arm-none-eabi-10.3-2021.10/bin/../lib/gcc/arm-none-eabi/10.3.1/../../../../arm-none-eabi/lib/thumb/v7e-m/nofp/crt0.o (memset)
d:/stm32/gcc-arm-none-eabi-10.3-2021.10/bin/../lib/gcc/arm-none-eabi/10.3.1/../../../../arm-none-eabi/lib/thumb/v7e-m/nofp\libg.a(lib_a-setvbuf.o)
[...]
Memory Configuration

Name             Origin             Length             Attributes
CCMRAM           0x10000000         0x00010000         xrw
RAM              0x20000000         0x00020000         xrw
FLASH            0x08000000         0x00080000         xr
*default*        0x00000000         0xffffffff

Linker script and memory map

LOAD d:/stm32/gcc-arm-none-eabi-10.3-2021.10/bin/../lib/gcc/arm-none-eabi/10.3.1/thumb/v7e-m/nofp/crti.o
LOAD d:/stm32/gcc-arm-none-eabi-10.3-2021.10/bin/../lib/gcc/arm-none-eabi/10.3.1/thumb/v7e-m/nofp/crtbegin.o
LOAD d:/stm32/gcc-arm-none-eabi-10.3-2021.10/bin/../lib/gcc/arm-none-eabi/10.3.1/../../../../arm-none-eabi/lib/thumb/v7e-m/nofp/crt0.o
LOAD CMakeFiles/STM32F4xProject.elf.dir/App/TMC220xUart/tmc220xUart.c.obj
LOAD CMakeFiles/STM32F4xProject.elf.dir/App/dht/dht.c.obj
LOAD CMakeFiles/STM32F4xProject.elf.dir/App/humidifier/humidifier.c.obj
LOAD CMakeFiles/STM32F4xProject.elf.dir/App/max31865/max31865.c.obj
LOAD CMakeFiles/STM32F4xProject.elf.dir/App/tools/tools.c.obj
LOAD CMakeFiles/STM32F4xProject.elf.dir/Core/Src/gpio.c.obj
LOAD CMakeFiles/STM32F4xProject.elf.dir/Core/Src/main.c.obj
LOAD CMakeFiles/STM32F4xProject.elf.dir/Core/Src/stm32f4xx_hal_msp.c.obj
LOAD CMakeFiles/STM32F4xProject.elf.dir/Core/Src/stm32f4xx_it.c.obj
LOAD CMakeFiles/STM32F4xProject.elf.dir/Core/Src/syscalls.c.obj
LOAD CMakeFiles/STM32F4xProject.elf.dir/Core/Src/sysmem.c.obj
LOAD CMakeFiles/STM32F4xProject.elf.dir/Core/Src/system_stm32f4xx.c.obj
LOAD CMakeFiles/STM32F4xProject.elf.dir/Core/Src/tim.c.obj
LOAD CMakeFiles/STM32F4xProject.elf.dir/Core/Src/usart.c.obj
LOAD CMakeFiles/STM32F4xProject.elf.dir/Core/Startup/startup_stm32f407vetx.s.obj
LOAD CMakeFiles/STM32F4xProject.elf.dir/Drivers/STM32F4xx_HAL_Driver/Src/stm32f4xx_hal.c.obj
LOAD CMakeFiles/STM32F4xProject.elf.dir/Drivers/STM32F4xx_HAL_Driver/Src/stm32f4xx_hal_cortex.c.obj
LOAD CMakeFiles/STM32F4xProject.elf.dir/Drivers/STM32F4xx_HAL_Driver/Src/stm32f4xx_hal_dma.c.obj
LOAD CMakeFiles/STM32F4xProject.elf.dir/Drivers/STM32F4xx_HAL_Driver/Src/stm32f4xx_hal_dma_ex.c.obj
LOAD CMakeFiles/STM32F4xProject.elf.dir/Drivers/STM32F4xx_HAL_Driver/Src/stm32f4xx_hal_exti.c.obj
LOAD CMakeFiles/STM32F4xProject.elf.dir/Drivers/STM32F4xx_HAL_Driver/Src/stm32f4xx_hal_flash.c.obj
LOAD CMakeFiles/STM32F4xProject.elf.dir/Drivers/STM32F4xx_HAL_Driver/Src/stm32f4xx_hal_flash_ex.c.obj
LOAD CMakeFiles/STM32F4xProject.elf.dir/Drivers/STM32F4xx_HAL_Driver/Src/stm32f4xx_hal_flash_ramfunc.c.obj
LOAD CMakeFiles/STM32F4xProject.elf.dir/Drivers/STM32F4xx_HAL_Driver/Src/stm32f4xx_hal_gpio.c.obj
LOAD CMakeFiles/STM32F4xProject.elf.dir/Drivers/STM32F4xx_HAL_Driver/Src/stm32f4xx_hal_pwr.c.obj
LOAD CMakeFiles/STM32F4xProject.elf.dir/Drivers/STM32F4xx_HAL_Driver/Src/stm32f4xx_hal_pwr_ex.c.obj
LOAD CMakeFiles/STM32F4xProject.elf.dir/Drivers/STM32F4xx_HAL_Driver/Src/stm32f4xx_hal_rcc.c.obj
LOAD CMakeFiles/STM32F4xProject.elf.dir/Drivers/STM32F4xx_HAL_Driver/Src/stm32f4xx_hal_rcc_ex.c.obj
LOAD CMakeFiles/STM32F4xProject.elf.dir/Drivers/STM32F4xx_HAL_Driver/Src/stm32f4xx_hal_tim.c.obj
LOAD CMakeFiles/STM32F4xProject.elf.dir/Drivers/STM32F4xx_HAL_Driver/Src/stm32f4xx_hal_tim_ex.c.obj
LOAD CMakeFiles/STM32F4xProject.elf.dir/Drivers/STM32F4xx_HAL_Driver/Src/stm32f4xx_hal_uart.c.obj
START GROUP
LOAD d:/stm32/gcc-arm-none-eabi-10.3-2021.10/bin/../lib/gcc/arm-none-eabi/10.3.1/thumb/v7e-m/nofp\libgcc.a
LOAD d:/stm32/gcc-arm-none-eabi-10.3-2021.10/bin/../lib/gcc/arm-none-eabi/10.3.1/../../../../arm-none-eabi/lib/thumb/v7e-m/nofp\libg.a
LOAD d:/stm32/gcc-arm-none-eabi-10.3-2021.10/bin/../lib/gcc/arm-none-eabi/10.3.1/../../../../arm-none-eabi/lib/thumb/v7e-m/nofp\libc.a
END GROUP
LOAD d:/stm32/gcc-arm-none-eabi-10.3-2021.10/bin/../lib/gcc/arm-none-eabi/10.3.1/thumb/v7e-m/nofp/crtend.o
LOAD d:/stm32/gcc-arm-none-eabi-10.3-2021.10/bin/../lib/gcc/arm-none-eabi/10.3.1/thumb/v7e-m/nofp/crtn.o
                0x20020000                _estack = (ORIGIN (RAM) + LENGTH (RAM))
                0x00000200                _Min_Heap_Size = 0x200
                0x00000400                _Min_Stack_Size = 0x400

.isr_vector     0x08000000      0x188
                0x08000000                . = ALIGN (0x4)
 *(.isr_vector)
 .isr_vector    0x08000000      0x188 CMakeFiles/STM32F4xProject.elf.dir/Core/Startup/startup_stm32f407vetx.s.obj
                0x08000000                g_pfnVectors
                0x08000188                . = ALIGN (0x4)

.text           0x08000188     0x3c18
                0x08000188                . = ALIGN (0x4)
 *(.text)
 .text          0x08000188       0x40 d:/stm32/gcc-arm-none-eabi-10.3-2021.10/bin/../lib/gcc/arm-none-eabi/10.3.1/thumb/v7e-m/nofp/crtbegin.o
 .text          0x080001c8      0x378 d:/stm32/gcc-arm-none-eabi-10.3-2021.10/bin/../lib/gcc/arm-none-eabi/10.3.1/thumb/v7e-m/nofp\libgcc.a(_arm_addsubdf3.o)
                0x080001c8                __aeabi_drsub
                0x080001d0                __aeabi_dsub
                0x080001d0                __subdf3
                0x080001d4                __aeabi_dadd
                0x080001d4                __adddf3
                0x0800044c                __floatunsidf
                0x0800044c                __aeabi_ui2d
                0x0800046c                __floatsidf
                0x0800046c                __aeabi_i2d
                0x08000490                __aeabi_f2d
                0x08000490                __extendsfdf2
                0x080004d4                __floatundidf
                0x080004d4                __aeabi_ul2d
                0x080004e4                __floatdidf
                0x080004e4                __aeabi_l2d
 .text          0x08000540      0x424 d:/stm32/gcc-arm-none-eabi-10.3-2021.10/bin/../lib/gcc/arm-none-eabi/10.3.1/thumb/v7e-m/nofp\libgcc.a(_arm_muldivdf3.o)
                0x08000540                __aeabi_dmul
                0x08000540                __muldf3
                0x08000794                __divdf3
                0x08000794                __aeabi_ddiv
 .text          0x08000964       0xa0 d:/stm32/gcc-arm-none-eabi-10.3-2021.10/bin/../lib/gcc/arm-none-eabi/10.3.1/thumb/v7e-m/nofp\libgcc.a(_arm_truncdfsf2.o)
                0x08000964                __truncdfsf2
                0x08000964                __aeabi_d2f
 .text          0x08000a04      0x21c d:/stm32/gcc-arm-none-eabi-10.3-2021.10/bin/../lib/gcc/arm-none-eabi/10.3.1/thumb/v7e-m/nofp\libgcc.a(_arm_addsubsf3.o)
                0x08000a04                __aeabi_frsub
                0x08000a0c                __subsf3
                0x08000a0c                __aeabi_fsub
                0x08000a10                __aeabi_fadd
                0x08000a10                __addsf3
                0x08000b70                __aeabi_ui2f
                0x08000b70                __floatunsisf
                0x08000b78                __aeabi_i2f
                0x08000b78                __floatsisf
                0x08000b94                __aeabi_ul2f
                0x08000b94                __floatundisf
                0x08000ba4                __aeabi_l2f
                0x08000ba4                __floatdisf
 .text          0x08000c20      0x2a0 d:/stm32/gcc-arm-none-eabi-10.3-2021.10/bin/../lib/gcc/arm-none-eabi/10.3.1/thumb/v7e-m/nofp\libgcc.a(_arm_muldivsf3.o)
                0x08000c20                __mulsf3
                0x08000c20                __aeabi_fmul
                0x08000d88                __aeabi_fdiv
                0x08000d88                __divsf3
 .text          0x08000ec0       0x40 d:/stm32/gcc-arm-none-eabi-10.3-2021.10/bin/../lib/gcc/arm-none-eabi/10.3.1/thumb/v7e-m/nofp\libgcc.a(_arm_fixunssfsi.o)
                0x08000ec0                __fixunssfsi
                0x08000ec0                __aeabi_f2uiz
 .text          0x08000f00       0x30 d:/stm32/gcc-arm-none-eabi-10.3-2021.10/bin/../lib/gcc/arm-none-eabi/10.3.1/thumb/v7e-m/nofp\libgcc.a(_aeabi_uldivmod.o)
                0x08000f00                __aeabi_uldivmod
 .text          0x08000f30       0x3c d:/stm32/gcc-arm-none-eabi-10.3-2021.10/bin/../lib/gcc/arm-none-eabi/10.3.1/thumb/v7e-m/nofp\libgcc.a(_fixunsdfdi.o)
                0x08000f30                __fixunsdfdi
                0x08000f30                __aeabi_d2ulz
 .text          0x08000f6c      0x2d0 d:/stm32/gcc-arm-none-eabi-10.3-2021.10/bin/../lib/gcc/arm-none-eabi/10.3.1/thumb/v7e-m/nofp\libgcc.a(_udivmoddi4.o)
                0x08000f6c                __udivmoddi4
 .text          0x0800123c        0x4 d:/stm32/gcc-arm-none-eabi-10.3-2021.10/bin/../lib/gcc/arm-none-eabi/10.3.1/thumb/v7e-m/nofp\libgcc.a(_dvmd_tls.o)
                0x0800123c                __aeabi_idiv0
                0x0800123c                __aeabi_ldiv0
 .text          0x08001240       0x40 d:/stm32/gcc-arm-none-eabi-10.3-2021.10/bin/../lib/gcc/arm-none-eabi/10.3.1/thumb/v7e-m/nofp\libgcc.a(_arm_fixunsdfsi.o)
                0x08001240                __aeabi_d2uiz
                0x08001240                __fixunsdfsi
 *(.text*)
 .text.calcCrc  0x08001280       0x4e CMakeFiles/STM32F4xProject.elf.dir/App/TMC220xUart/tmc220xUart.c.obj
                0x08001280                calcCrc
 *fill*         0x080012ce        0x2 
 .text.stopMotor
                0x080012d0       0x20 CMakeFiles/STM32F4xProject.elf.dir/App/TMC220xUart/tmc220xUart.c.obj
                0x080012d0                stopMotor
 .text.startMotor
                0x080012f0       0x20 CMakeFiles/STM32F4xProject.elf.dir/App/TMC220xUart/tmc220xUart.c.obj
                0x080012f0                startMotor
 .text.uartWriteInt
                0x08001310       0x54 CMakeFiles/STM32F4xProject.elf.dir/App/TMC220xUart/tmc220xUart.c.obj
                0x08001310                uartWriteInt
 .text.moveStepUart
                0x08001364       0x58 CMakeFiles/STM32F4xProject.elf.dir/App/TMC220xUart/tmc220xUart.c.obj
                0x08001364                moveStepUart
 .text.moveToUART
                0x080013bc       0xd8 CMakeFiles/STM32F4xProject.elf.dir/App/TMC220xUart/tmc220xUart.c.obj
                0x080013bc                moveToUART
 .text.readReg  0x08001494       0x6c CMakeFiles/STM32F4xProject.elf.dir/App/TMC220xUart/tmc220xUart.c.obj
                0x08001494                readReg
 .text.clearGSTAT
                0x08001500       0x18 CMakeFiles/STM32F4xProject.elf.dir/App/TMC220xUart/tmc220xUart.c.obj
                0x08001500                clearGSTAT
 .text.fastLog2
                0x08001518        0xe CMakeFiles/STM32F4xProject.elf.dir/App/TMC220xUart/tmc220xUart.c.obj
                0x08001518                fastLog2
 .text.setSpreadCycle
                0x08001526       0x22 CMakeFiles/STM32F4xProject.elf.dir/App/TMC220xUart/tmc220xUart.c.obj
                0x08001526                setSpreadCycle
 .text.setStepResolutionRegSelect
                0x08001548       0x22 CMakeFiles/STM32F4xProject.elf.dir/App/TMC220xUart/tmc220xUart.c.obj
                0x08001548                setStepResolutionRegSelect
 *fill*         0x0800156a        0x2 
 .text.setMicrosteppingResolution
                0x0800156c       0x40 CMakeFiles/STM32F4xProject.elf.dir/App/TMC220xUart/tmc220xUart.c.obj
                0x0800156c                setMicrosteppingResolution
 .text.setVactual
                0x080015ac       0x28 CMakeFiles/STM32F4xProject.elf.dir/App/TMC220xUart/tmc220xUart.c.obj
                0x080015ac                setVactual
 *fill*         0x080015d4        0x4 
 .text.setVactualRps
                0x080015d8       0x4c CMakeFiles/STM32F4xProject.elf.dir/App/TMC220xUart/tmc220xUart.c.obj
                0x080015d8                setVactualRps
 .text.setVactualRpm
                0x08001624       0x20 CMakeFiles/STM32F4xProject.elf.dir/App/TMC220xUart/tmc220xUart.c.obj
                0x08001624                setVactualRpm
 .text.stallGuard
                0x08001644       0x2c CMakeFiles/STM32F4xProject.elf.dir/App/TMC220xUart/tmc220xUart.c.obj
                0x08001644                stallGuard
 .text.initTMC2209
                0x08001670       0x94 CMakeFiles/STM32F4xProject.elf.dir/App/TMC220xUart/tmc220xUart.c.obj
                0x08001670                initTMC2209
 .text.TMC220X_Callback
                0x08001704       0x4c CMakeFiles/STM32F4xProject.elf.dir/App/TMC220xUart/tmc220xUart.c.obj
                0x08001704                TMC220X_Callback
 .text.goToOutput
                0x08001750       0x38 CMakeFiles/STM32F4xProject.elf.dir/App/dht/dht.c.obj
 .text.goToInput
                0x08001788       0x26 CMakeFiles/STM32F4xProject.elf.dir/App/dht/dht.c.obj
 *fill*         0x080017ae        0x2 
 .text.DHT_getData
                0x080017b0      0x218 CMakeFiles/STM32F4xProject.elf.dir/App/dht/dht.c.obj
                0x080017b0                DHT_getData
 .text.initHumidifier
                0x080019c8       0x14 CMakeFiles/STM32F4xProject.elf.dir/App/humidifier/humidifier.c.obj
                0x080019c8                initHumidifier
 .text.openHumidifier
                0x080019dc       0x38 CMakeFiles/STM32F4xProject.elf.dir/App/humidifier/humidifier.c.obj
                0x080019dc                openHumidifier
 .text.closeHumidifier
                0x08001a14       0x58 CMakeFiles/STM32F4xProject.elf.dir/App/humidifier/humidifier.c.obj
                0x08001a14                closeHumidifier
 .text.spi_write
                0x08001a6c       0x60 CMakeFiles/STM32F4xProject.elf.dir/App/max31865/max31865.c.obj
                0x08001a6c                spi_write
 .text.spi_read
                0x08001acc       0x68 CMakeFiles/STM32F4xProject.elf.dir/App/max31865/max31865.c.obj
                0x08001acc                spi_read
 .text.MAX31865_read
                0x08001b34       0x3c CMakeFiles/STM32F4xProject.elf.dir/App/max31865/max31865.c.obj
                0x08001b34                MAX31865_read
 .text.MAX31865_write
                0x08001b70       0x48 CMakeFiles/STM32F4xProject.elf.dir/App/max31865/max31865.c.obj
                0x08001b70                MAX31865_write
 .text.enableBias
                0x08001bb8       0x3c CMakeFiles/STM32F4xProject.elf.dir/App/max31865/max31865.c.obj
                0x08001bb8                enableBias
 .text.autoConvert
                0x08001bf4       0x3c CMakeFiles/STM32F4xProject.elf.dir/App/max31865/max31865.c.obj
                0x08001bf4                autoConvert
 .text.setWires
                0x08001c30       0x3e CMakeFiles/STM32F4xProject.elf.dir/App/max31865/max31865.c.obj
                0x08001c30                setWires
 .text.single_shot
                0x08001c6e       0x28 CMakeFiles/STM32F4xProject.elf.dir/App/max31865/max31865.c.obj
                0x08001c6e                single_shot
 *fill*         0x08001c96        0x2 
 .text.initMax31865
                0x08001c98       0x54 CMakeFiles/STM32F4xProject.elf.dir/App/max31865/max31865.c.obj
                0x08001c98                initMax31865
 *fill*         0x08001cec        0x4 
 .text.max31865ReadTemp
                0x08001cf0       0x88 CMakeFiles/STM32F4xProject.elf.dir/App/max31865/max31865.c.obj
                0x08001cf0                max31865ReadTemp
 .text.delay_us
                0x08001d78       0x40 CMakeFiles/STM32F4xProject.elf.dir/App/tools/tools.c.obj
                0x08001d78                delay_us
 .text.MX_GPIO_Init
                0x08001db8      0x120 CMakeFiles/STM32F4xProject.elf.dir/Core/Src/gpio.c.obj
                0x08001db8                MX_GPIO_Init
 .text.HAL_GPIO_EXTI_Callback
                0x08001ed8        0x8 CMakeFiles/STM32F4xProject.elf.dir/Core/Src/gpio.c.obj
                0x08001ed8                HAL_GPIO_EXTI_Callback
 .text.Error_Handler
                0x08001ee0        0x4 CMakeFiles/STM32F4xProject.elf.dir/Core/Src/main.c.obj
                0x08001ee0                Error_Handler
 .text.SystemClock_Config
                0x08001ee4       0xa8 CMakeFiles/STM32F4xProject.elf.dir/Core/Src/main.c.obj
                0x08001ee4                SystemClock_Config
 .text.main     0x08001f8c       0xcc CMakeFiles/STM32F4xProject.elf.dir/Core/Src/main.c.obj
                0x08001f8c                main
 .text.HAL_MspInit
                0x08002058       0x38 CMakeFiles/STM32F4xProject.elf.dir/Core/Src/stm32f4xx_hal_msp.c.obj
                0x08002058                HAL_MspInit
 .text.NMI_Handler
                0x08002090        0x2 CMakeFiles/STM32F4xProject.elf.dir/Core/Src/stm32f4xx_it.c.obj
                0x08002090                NMI_Handler
 .text.HardFault_Handler
                0x08002092        0x2 CMakeFiles/STM32F4xProject.elf.dir/Core/Src/stm32f4xx_it.c.obj
                0x08002092                HardFault_Handler
 .text.MemManage_Handler
                0x08002094        0x2 CMakeFiles/STM32F4xProject.elf.dir/Core/Src/stm32f4xx_it.c.obj
                0x08002094                MemManage_Handler
 .text.BusFault_Handler
                0x08002096        0x2 CMakeFiles/STM32F4xProject.elf.dir/Core/Src/stm32f4xx_it.c.obj
                0x08002096                BusFault_Handler
 .text.UsageFault_Handler
                0x08002098        0x2 CMakeFiles/STM32F4xProject.elf.dir/Core/Src/stm32f4xx_it.c.obj
                0x08002098                UsageFault_Handler
 .text.SVC_Handler
                0x0800209a        0x2 CMakeFiles/STM32F4xProject.elf.dir/Core/Src/stm32f4xx_it.c.obj
                0x0800209a                SVC_Handler
 .text.DebugMon_Handler
                0x0800209c        0x2 CMakeFiles/STM32F4xProject.elf.dir/Core/Src/stm32f4xx_it.c.obj
                0x0800209c                DebugMon_Handler
 .text.PendSV_Handler
                0x0800209e        0x2 CMakeFiles/STM32F4xProject.elf.dir/Core/Src/stm32f4xx_it.c.obj
                0x0800209e                PendSV_Handler
 .text.SysTick_Handler
                0x080020a0        0x8 CMakeFiles/STM32F4xProject.elf.dir/Core/Src/stm32f4xx_it.c.obj
                0x080020a0                SysTick_Handler
 .text.EXTI9_5_IRQHandler
                0x080020a8        0xa CMakeFiles/STM32F4xProject.elf.dir/Core/Src/stm32f4xx_it.c.obj
                0x080020a8                EXTI9_5_IRQHandler
 *fill*         0x080020b2        0x2 
 .text.USART2_IRQHandler
                0x080020b4       0x10 CMakeFiles/STM32F4xProject.elf.dir/Core/Src/stm32f4xx_it.c.obj
                0x080020b4                USART2_IRQHandler
 .text.TIM6_DAC_IRQHandler
                0x080020c4       0x10 CMakeFiles/STM32F4xProject.elf.dir/Core/Src/stm32f4xx_it.c.obj
                0x080020c4                TIM6_DAC_IRQHandler
 .text.TIM7_IRQHandler
                0x080020d4       0x10 CMakeFiles/STM32F4xProject.elf.dir/Core/Src/stm32f4xx_it.c.obj
                0x080020d4                TIM7_IRQHandler
 .text.SystemInit
                0x080020e4        0x2 CMakeFiles/STM32F4xProject.elf.dir/Core/Src/system_stm32f4xx.c.obj
                0x080020e4                SystemInit
 *fill*         0x080020e6        0x2 
 .text.MX_TIM6_Init
                0x080020e8       0x50 CMakeFiles/STM32F4xProject.elf.dir/Core/Src/tim.c.obj
                0x080020e8                MX_TIM6_Init
 .text.MX_TIM7_Init
                0x08002138       0x50 CMakeFiles/STM32F4xProject.elf.dir/Core/Src/tim.c.obj
                0x08002138                MX_TIM7_Init
 .text.HAL_TIM_Base_MspInit
                0x08002188       0x74 CMakeFiles/STM32F4xProject.elf.dir/Core/Src/tim.c.obj
                0x08002188                HAL_TIM_Base_MspInit
 .text.HAL_TIM_PeriodElapsedCallback
                0x080021fc       0x88 CMakeFiles/STM32F4xProject.elf.dir/Core/Src/tim.c.obj
                0x080021fc                HAL_TIM_PeriodElapsedCallback
 .text.MX_USART2_UART_Init
                0x08002284       0x44 CMakeFiles/STM32F4xProject.elf.dir/Core/Src/usart.c.obj
                0x08002284                MX_USART2_UART_Init
 .text.MX_USART6_UART_Init
                0x080022c8       0x34 CMakeFiles/STM32F4xProject.elf.dir/Core/Src/usart.c.obj
                0x080022c8                MX_USART6_UART_Init
 .text.HAL_UART_MspInit
                0x080022fc       0xd4 CMakeFiles/STM32F4xProject.elf.dir/Core/Src/usart.c.obj
                0x080022fc                HAL_UART_MspInit
 .text.HAL_UART_RxCpltCallback
                0x080023d0      0x110 CMakeFiles/STM32F4xProject.elf.dir/Core/Src/usart.c.obj
                0x080023d0                HAL_UART_RxCpltCallback
 .text.Reset_Handler
                0x080024e0       0x50 CMakeFiles/STM32F4xProject.elf.dir/Core/Startup/startup_stm32f407vetx.s.obj
                0x080024e0                Reset_Handler
 .text.Default_Handler
                0x08002530        0x2 CMakeFiles/STM32F4xProject.elf.dir/Core/Startup/startup_stm32f407vetx.s.obj
                0x08002530                RTC_Alarm_IRQHandler
                0x08002530                HASH_RNG_IRQHandler
                0x08002530                EXTI2_IRQHandler
                0x08002530                TIM8_CC_IRQHandler
                0x08002530                TIM1_CC_IRQHandler
                0x08002530                DMA2_Stream5_IRQHandler
                0x08002530                DMA1_Stream5_IRQHandler
                0x08002530                PVD_IRQHandler
                0x08002530                SDIO_IRQHandler
                0x08002530                TAMP_STAMP_IRQHandler
                0x08002530                CAN2_RX1_IRQHandler
                0x08002530                EXTI3_IRQHandler
                0x08002530                TIM8_TRG_COM_TIM14_IRQHandler
                0x08002530                TIM1_UP_TIM10_IRQHandler
                0x08002530                TIM8_UP_TIM13_IRQHandler
                0x08002530                I2C3_ER_IRQHandler
                0x08002530                EXTI0_IRQHandler
                0x08002530                I2C2_EV_IRQHandler
                0x08002530                DMA1_Stream2_IRQHandler
                0x08002530                CAN1_RX0_IRQHandler
                0x08002530                FPU_IRQHandler
                0x08002530                OTG_HS_WKUP_IRQHandler
                0x08002530                CAN2_SCE_IRQHandler
                0x08002530                DMA2_Stream2_IRQHandler
                0x08002530                SPI1_IRQHandler
                0x08002530                TIM1_BRK_TIM9_IRQHandler
                0x08002530                DCMI_IRQHandler
                0x08002530                CAN2_RX0_IRQHandler
                0x08002530                DMA2_Stream3_IRQHandler
                0x08002530                USART6_IRQHandler
                0x08002530                USART3_IRQHandler
                0x08002530                CAN1_RX1_IRQHandler
                0x08002530                UART5_IRQHandler
                0x08002530                DMA2_Stream0_IRQHandler
                0x08002530                TIM4_IRQHandler
                0x08002530                I2C1_EV_IRQHandler
                0x08002530                DMA1_Stream6_IRQHandler
                0x08002530                DMA1_Stream1_IRQHandler
                0x08002530                UART4_IRQHandler
                0x08002530                TIM3_IRQHandler
                0x08002530                RCC_IRQHandler
                0x08002530                TIM8_BRK_TIM12_IRQHandler
                0x08002530                Default_Handler
                0x08002530                EXTI15_10_IRQHandler
                0x08002530                ADC_IRQHandler
                0x08002530                DMA1_Stream7_IRQHandler
                0x08002530                CAN2_TX_IRQHandler
                0x08002530                TIM5_IRQHandler
                0x08002530                DMA2_Stream7_IRQHandler
                0x08002530                I2C3_EV_IRQHandler
                0x08002530                RTC_WKUP_IRQHandler
                0x08002530                ETH_WKUP_IRQHandler
                0x08002530                SPI2_IRQHandler
                0x08002530                OTG_HS_EP1_IN_IRQHandler
                0x08002530                DMA1_Stream0_IRQHandler
                0x08002530                CAN1_TX_IRQHandler
                0x08002530                EXTI4_IRQHandler
                0x08002530                FSMC_IRQHandler
                0x08002530                ETH_IRQHandler
                0x08002530                OTG_HS_EP1_OUT_IRQHandler
                0x08002530                WWDG_IRQHandler
                0x08002530                TIM2_IRQHandler
                0x08002530                OTG_FS_WKUP_IRQHandler
                0x08002530                TIM1_TRG_COM_TIM11_IRQHandler
                0x08002530                OTG_HS_IRQHandler
                0x08002530                EXTI1_IRQHandler
                0x08002530                I2C2_ER_IRQHandler
                0x08002530                DMA2_Stream1_IRQHandler
                0x08002530                CAN1_SCE_IRQHandler
                0x08002530                FLASH_IRQHandler
                0x08002530                DMA2_Stream4_IRQHandler
                0x08002530                USART1_IRQHandler
                0x08002530                OTG_FS_IRQHandler
                0x08002530                SPI3_IRQHandler
                0x08002530                DMA1_Stream4_IRQHandler
                0x08002530                I2C1_ER_IRQHandler
                0x08002530                DMA2_Stream6_IRQHandler
                0x08002530                DMA1_Stream3_IRQHandler
 *fill*         0x08002532        0x2 
 .text.HAL_InitTick
                0x08002534       0x4c CMakeFiles/STM32F4xProject.elf.dir/Drivers/STM32F4xx_HAL_Driver/Src/stm32f4xx_hal.c.obj
                0x08002534                HAL_InitTick
 .text.HAL_Init
                0x08002580       0x34 CMakeFiles/STM32F4xProject.elf.dir/Drivers/STM32F4xx_HAL_Driver/Src/stm32f4xx_hal.c.obj
                0x08002580                HAL_Init
 .text.HAL_IncTick
                0x080025b4       0x18 CMakeFiles/STM32F4xProject.elf.dir/Drivers/STM32F4xx_HAL_Driver/Src/stm32f4xx_hal.c.obj
                0x080025b4                HAL_IncTick
 .text.HAL_GetTick
                0x080025cc        0xc CMakeFiles/STM32F4xProject.elf.dir/Drivers/STM32F4xx_HAL_Driver/Src/stm32f4xx_hal.c.obj
                0x080025cc                HAL_GetTick
 .text.HAL_Delay
                0x080025d8       0x28 CMakeFiles/STM32F4xProject.elf.dir/Drivers/STM32F4xx_HAL_Driver/Src/stm32f4xx_hal.c.obj
                0x080025d8                HAL_Delay
 .text.HAL_NVIC_SetPriorityGrouping
                0x08002600       0x24 CMakeFiles/STM32F4xProject.elf.dir/Drivers/STM32F4xx_HAL_Driver/Src/stm32f4xx_hal_cortex.c.obj
                0x08002600                HAL_NVIC_SetPriorityGrouping
 .text.HAL_NVIC_SetPriority
                0x08002624       0x70 CMakeFiles/STM32F4xProject.elf.dir/Drivers/STM32F4xx_HAL_Driver/Src/stm32f4xx_hal_cortex.c.obj
                0x08002624                HAL_NVIC_SetPriority
 .text.HAL_NVIC_EnableIRQ
                0x08002694       0x1c CMakeFiles/STM32F4xProject.elf.dir/Drivers/STM32F4xx_HAL_Driver/Src/stm32f4xx_hal_cortex.c.obj
                0x08002694                HAL_NVIC_EnableIRQ
 .text.HAL_SYSTICK_Config
                0x080026b0       0x28 CMakeFiles/STM32F4xProject.elf.dir/Drivers/STM32F4xx_HAL_Driver/Src/stm32f4xx_hal_cortex.c.obj
                0x080026b0                HAL_SYSTICK_Config
 .text.HAL_DMA_Abort
                0x080026d8       0x94 CMakeFiles/STM32F4xProject.elf.dir/Drivers/STM32F4xx_HAL_Driver/Src/stm32f4xx_hal_dma.c.obj
                0x080026d8                HAL_DMA_Abort
 .text.HAL_DMA_Abort_IT
                0x0800276c       0x26 CMakeFiles/STM32F4xProject.elf.dir/Drivers/STM32F4xx_HAL_Driver/Src/stm32f4xx_hal_dma.c.obj
                0x0800276c                HAL_DMA_Abort_IT
 *fill*         0x08002792        0x2 
 .text.HAL_GPIO_Init
                0x08002794      0x1e4 CMakeFiles/STM32F4xProject.elf.dir/Drivers/STM32F4xx_HAL_Driver/Src/stm32f4xx_hal_gpio.c.obj
                0x08002794                HAL_GPIO_Init
 .text.HAL_GPIO_ReadPin
                0x08002978        0xe CMakeFiles/STM32F4xProject.elf.dir/Drivers/STM32F4xx_HAL_Driver/Src/stm32f4xx_hal_gpio.c.obj
                0x08002978                HAL_GPIO_ReadPin
 .text.HAL_GPIO_WritePin
                0x08002986        0xc CMakeFiles/STM32F4xProject.elf.dir/Drivers/STM32F4xx_HAL_Driver/Src/stm32f4xx_hal_gpio.c.obj
                0x08002986                HAL_GPIO_WritePin
 *fill*         0x08002992        0x2 
 .text.HAL_GPIO_EXTI_IRQHandler
                0x08002994       0x1c CMakeFiles/STM32F4xProject.elf.dir/Drivers/STM32F4xx_HAL_Driver/Src/stm32f4xx_hal_gpio.c.obj
                0x08002994                HAL_GPIO_EXTI_IRQHandler
 .text.HAL_RCC_OscConfig
                0x080029b0      0x3f8 CMakeFiles/STM32F4xProject.elf.dir/Drivers/STM32F4xx_HAL_Driver/Src/stm32f4xx_hal_rcc.c.obj
                0x080029b0                HAL_RCC_OscConfig
 .text.HAL_RCC_GetSysClockFreq
                0x08002da8       0xd4 CMakeFiles/STM32F4xProject.elf.dir/Drivers/STM32F4xx_HAL_Driver/Src/stm32f4xx_hal_rcc.c.obj
                0x08002da8                HAL_RCC_GetSysClockFreq
 .text.HAL_RCC_ClockConfig
                0x08002e7c      0x160 CMakeFiles/STM32F4xProject.elf.dir/Drivers/STM32F4xx_HAL_Driver/Src/stm32f4xx_hal_rcc.c.obj
                0x08002e7c                HAL_RCC_ClockConfig
 .text.HAL_RCC_GetHCLKFreq
                0x08002fdc        0xc CMakeFiles/STM32F4xProject.elf.dir/Drivers/STM32F4xx_HAL_Driver/Src/stm32f4xx_hal_rcc.c.obj
                0x08002fdc                HAL_RCC_GetHCLKFreq
 .text.HAL_RCC_GetPCLK1Freq
                0x08002fe8       0x20 CMakeFiles/STM32F4xProject.elf.dir/Drivers/STM32F4xx_HAL_Driver/Src/stm32f4xx_hal_rcc.c.obj
                0x08002fe8                HAL_RCC_GetPCLK1Freq
 .text.HAL_RCC_GetPCLK2Freq
                0x08003008       0x20 CMakeFiles/STM32F4xProject.elf.dir/Drivers/STM32F4xx_HAL_Driver/Src/stm32f4xx_hal_rcc.c.obj
                0x08003008                HAL_RCC_GetPCLK2Freq
 .text.HAL_TIM_Base_Start_IT
                0x08003028       0x88 CMakeFiles/STM32F4xProject.elf.dir/Drivers/STM32F4xx_HAL_Driver/Src/stm32f4xx_hal_tim.c.obj
                0x08003028                HAL_TIM_Base_Start_IT
 .text.HAL_TIM_OC_DelayElapsedCallback
                0x080030b0        0x2 CMakeFiles/STM32F4xProject.elf.dir/Drivers/STM32F4xx_HAL_Driver/Src/stm32f4xx_hal_tim.c.obj
                0x080030b0                HAL_TIM_OC_DelayElapsedCallback
 .text.HAL_TIM_IC_CaptureCallback
                0x080030b2        0x2 CMakeFiles/STM32F4xProject.elf.dir/Drivers/STM32F4xx_HAL_Driver/Src/stm32f4xx_hal_tim.c.obj
                0x080030b2                HAL_TIM_IC_CaptureCallback
 .text.HAL_TIM_PWM_PulseFinishedCallback
                0x080030b4        0x2 CMakeFiles/STM32F4xProject.elf.dir/Drivers/STM32F4xx_HAL_Driver/Src/stm32f4xx_hal_tim.c.obj
                0x080030b4                HAL_TIM_PWM_PulseFinishedCallback
 .text.HAL_TIM_TriggerCallback
                0x080030b6        0x2 CMakeFiles/STM32F4xProject.elf.dir/Drivers/STM32F4xx_HAL_Driver/Src/stm32f4xx_hal_tim.c.obj
                0x080030b6                HAL_TIM_TriggerCallback
 .text.HAL_TIM_IRQHandler
                0x080030b8      0x17a CMakeFiles/STM32F4xProject.elf.dir/Drivers/STM32F4xx_HAL_Driver/Src/stm32f4xx_hal_tim.c.obj
                0x080030b8                HAL_TIM_IRQHandler
 *fill*         0x08003232        0x2 
 .text.TIM_Base_SetConfig
                0x08003234       0xc8 CMakeFiles/STM32F4xProject.elf.dir/Drivers/STM32F4xx_HAL_Driver/Src/stm32f4xx_hal_tim.c.obj
                0x08003234                TIM_Base_SetConfig
 .text.HAL_TIM_Base_Init
                0x080032fc       0x58 CMakeFiles/STM32F4xProject.elf.dir/Drivers/STM32F4xx_HAL_Driver/Src/stm32f4xx_hal_tim.c.obj
                0x080032fc                HAL_TIM_Base_Init
 .text.HAL_TIMEx_MasterConfigSynchronization
                0x08003354       0x8c CMakeFiles/STM32F4xProject.elf.dir/Drivers/STM32F4xx_HAL_Driver/Src/stm32f4xx_hal_tim_ex.c.obj
                0x08003354                HAL_TIMEx_MasterConfigSynchronization
 .text.HAL_TIMEx_CommutCallback
                0x080033e0        0x2 CMakeFiles/STM32F4xProject.elf.dir/Drivers/STM32F4xx_HAL_Driver/Src/stm32f4xx_hal_tim_ex.c.obj
                0x080033e0                HAL_TIMEx_CommutCallback
 .text.HAL_TIMEx_BreakCallback
                0x080033e2        0x2 CMakeFiles/STM32F4xProject.elf.dir/Drivers/STM32F4xx_HAL_Driver/Src/stm32f4xx_hal_tim_ex.c.obj
                0x080033e2                HAL_TIMEx_BreakCallback
 .text.UART_EndRxTransfer
                0x080033e4       0x5c CMakeFiles/STM32F4xProject.elf.dir/Drivers/STM32F4xx_HAL_Driver/Src/stm32f4xx_hal_uart.c.obj
 .text.UART_Transmit_IT
                0x08003440       0x60 CMakeFiles/STM32F4xProject.elf.dir/Drivers/STM32F4xx_HAL_Driver/Src/stm32f4xx_hal_uart.c.obj
 .text.UART_SetConfig
                0x080034a0      0x110 CMakeFiles/STM32F4xProject.elf.dir/Drivers/STM32F4xx_HAL_Driver/Src/stm32f4xx_hal_uart.c.obj
 .text.UART_WaitOnFlagUntilTimeout
                0x080035b0       0x88 CMakeFiles/STM32F4xProject.elf.dir/Drivers/STM32F4xx_HAL_Driver/Src/stm32f4xx_hal_uart.c.obj
 .text.HAL_UART_Init
                0x08003638       0x5e CMakeFiles/STM32F4xProject.elf.dir/Drivers/STM32F4xx_HAL_Driver/Src/stm32f4xx_hal_uart.c.obj
                0x08003638                HAL_UART_Init
 .text.HAL_UART_Transmit
                0x08003696       0xd8 CMakeFiles/STM32F4xProject.elf.dir/Drivers/STM32F4xx_HAL_Driver/Src/stm32f4xx_hal_uart.c.obj
                0x08003696                HAL_UART_Transmit
 .text.HAL_UART_TxCpltCallback
                0x0800376e        0x2 CMakeFiles/STM32F4xProject.elf.dir/Drivers/STM32F4xx_HAL_Driver/Src/stm32f4xx_hal_uart.c.obj
                0x0800376e                HAL_UART_TxCpltCallback
 .text.UART_EndTransmit_IT
                0x08003770       0x1a CMakeFiles/STM32F4xProject.elf.dir/Drivers/STM32F4xx_HAL_Driver/Src/stm32f4xx_hal_uart.c.obj
 .text.HAL_UART_ErrorCallback
                0x0800378a        0x2 CMakeFiles/STM32F4xProject.elf.dir/Drivers/STM32F4xx_HAL_Driver/Src/stm32f4xx_hal_uart.c.obj
                0x0800378a                HAL_UART_ErrorCallback
 .text.UART_DMAAbortOnError
                0x0800378c       0x10 CMakeFiles/STM32F4xProject.elf.dir/Drivers/STM32F4xx_HAL_Driver/Src/stm32f4xx_hal_uart.c.obj
 .text.HAL_UARTEx_RxEventCallback
                0x0800379c        0x2 CMakeFiles/STM32F4xProject.elf.dir/Drivers/STM32F4xx_HAL_Driver/Src/stm32f4xx_hal_uart.c.obj
                0x0800379c                HAL_UARTEx_RxEventCallback
 .text.UART_Receive_IT
                0x0800379e       0xe2 CMakeFiles/STM32F4xProject.elf.dir/Drivers/STM32F4xx_HAL_Driver/Src/stm32f4xx_hal_uart.c.obj
 .text.HAL_UART_IRQHandler
                0x08003880      0x280 CMakeFiles/STM32F4xProject.elf.dir/Drivers/STM32F4xx_HAL_Driver/Src/stm32f4xx_hal_uart.c.obj
                0x08003880                HAL_UART_IRQHandler
 .text.UART_Start_Receive_IT
                0x08003b00       0x3a CMakeFiles/STM32F4xProject.elf.dir/Drivers/STM32F4xx_HAL_Driver/Src/stm32f4xx_hal_uart.c.obj
                0x08003b00                UART_Start_Receive_IT
 .text.HAL_UART_Receive_IT
                0x08003b3a       0x38 CMakeFiles/STM32F4xProject.elf.dir/Drivers/STM32F4xx_HAL_Driver/Src/stm32f4xx_hal_uart.c.obj
                0x08003b3a                HAL_UART_Receive_IT
 *fill*         0x08003b72        0x2 
 .text.__libc_init_array
                0x08003b74       0x48 d:/stm32/gcc-arm-none-eabi-10.3-2021.10/bin/../lib/gcc/arm-none-eabi/10.3.1/../../../../arm-none-eabi/lib/thumb/v7e-m/nofp\libg.a(lib_a-init.o)
                0x08003b74                __libc_init_array
 .text.memset   0x08003bbc       0xa4 d:/stm32/gcc-arm-none-eabi-10.3-2021.10/bin/../lib/gcc/arm-none-eabi/10.3.1/../../../../arm-none-eabi/lib/thumb/v7e-m/nofp\libg.a(lib_a-memset.o)
                0x08003bbc                memset
 .text.startup.register_fini
                0x08003c60       0x14 d:/stm32/gcc-arm-none-eabi-10.3-2021.10/bin/../lib/gcc/arm-none-eabi/10.3.1/../../../../arm-none-eabi/lib/thumb/v7e-m/nofp\libg.a(lib_a-__call_atexit.o)
 .text.atexit   0x08003c74        0xc d:/stm32/gcc-arm-none-eabi-10.3-2021.10/bin/../lib/gcc/arm-none-eabi/10.3.1/../../../../arm-none-eabi/lib/thumb/v7e-m/nofp\libg.a(lib_a-atexit.o)
                0x08003c74                atexit
 .text.__libc_fini_array
                0x08003c80       0x2c d:/stm32/gcc-arm-none-eabi-10.3-2021.10/bin/../lib/gcc/arm-none-eabi/10.3.1/../../../../arm-none-eabi/lib/thumb/v7e-m/nofp\libg.a(lib_a-fini.o)
                0x08003c80                __libc_fini_array
 .text.__retarget_lock_acquire_recursive
                0x08003cac        0x4 d:/stm32/gcc-arm-none-eabi-10.3-2021.10/bin/../lib/gcc/arm-none-eabi/10.3.1/../../../../arm-none-eabi/lib/thumb/v7e-m/nofp\libg.a(lib_a-lock.o)
                0x08003cac                __retarget_lock_acquire_recursive
 .text.__retarget_lock_release_recursive
                0x08003cb0        0x4 d:/stm32/gcc-arm-none-eabi-10.3-2021.10/bin/../lib/gcc/arm-none-eabi/10.3.1/../../../../arm-none-eabi/lib/thumb/v7e-m/nofp\libg.a(lib_a-lock.o)
                0x08003cb0                __retarget_lock_release_recursive
 .text.__register_exitproc
                0x08003cb4       0x8c d:/stm32/gcc-arm-none-eabi-10.3-2021.10/bin/../lib/gcc/arm-none-eabi/10.3.1/../../../../arm-none-eabi/lib/thumb/v7e-m/nofp\libg.a(lib_a-__atexit.o)
                0x08003cb4                __register_exitproc
 .text.roundf   0x08003d40       0x48 d:/stm32/gcc-arm-none-eabi-10.3-2021.10/bin/../lib/gcc/arm-none-eabi/10.3.1/../../../../arm-none-eabi/lib/thumb/v7e-m/nofp\libm.a(lib_a-sf_round.o)
                0x08003d40                roundf
 *(.glue_7)
 .glue_7        0x08003d88        0x0 linker stubs
 *(.glue_7t)
 .glue_7t       0x08003d88        0x0 linker stubs
 *(.eh_frame)
 .eh_frame      0x08003d88        0x0 d:/stm32/gcc-arm-none-eabi-10.3-2021.10/bin/../lib/gcc/arm-none-eabi/10.3.1/thumb/v7e-m/nofp/crtbegin.o
 *(.init)
 .init          0x08003d88        0x4 d:/stm32/gcc-arm-none-eabi-10.3-2021.10/bin/../lib/gcc/arm-none-eabi/10.3.1/thumb/v7e-m/nofp/crti.o
                0x08003d88                _init
 .init          0x08003d8c        0x8 d:/stm32/gcc-arm-none-eabi-10.3-2021.10/bin/../lib/gcc/arm-none-eabi/10.3.1/thumb/v7e-m/nofp/crtn.o
 *(.fini)
 .fini          0x08003d94        0x4 d:/stm32/gcc-arm-none-eabi-10.3-2021.10/bin/../lib/gcc/arm-none-eabi/10.3.1/thumb/v7e-m/nofp/crti.o
                0x08003d94                _fini
 .fini          0x08003d98        0x8 d:/stm32/gcc-arm-none-eabi-10.3-2021.10/bin/../lib/gcc/arm-none-eabi/10.3.1/thumb/v7e-m/nofp/crtn.o
                0x08003da0                . = ALIGN (0x4)
                0x08003da0                _etext = .

.vfp11_veneer   0x08003da0        0x0
 .vfp11_veneer  0x08003da0        0x0 linker stubs

.v4_bx          0x08003da0        0x0
 .v4_bx         0x08003da0        0x0 linker stubs

.iplt           0x08003da0        0x0
 .iplt          0x08003da0        0x0 d:/stm32/gcc-arm-none-eabi-10.3-2021.10/bin/../lib/gcc/arm-none-eabi/10.3.1/thumb/v7e-m/nofp/crtbegin.o

.rodata         0x08003da0       0x38
                0x08003da0                . = ALIGN (0x4)
 *(.rodata)
 .rodata        0x08003da0        0xd CMakeFiles/STM32F4xProject.elf.dir/App/dht/dht.c.obj
 *(.rodata*)
 *fill*         0x08003dad        0x3 
 .rodata.AHBPrescTable
                0x08003db0       0x10 CMakeFiles/STM32F4xProject.elf.dir/Core/Src/system_stm32f4xx.c.obj
                0x08003db0                AHBPrescTable
 .rodata.APBPrescTable
                0x08003dc0        0x8 CMakeFiles/STM32F4xProject.elf.dir/Core/Src/system_stm32f4xx.c.obj
                0x08003dc0                APBPrescTable
 .rodata.HAL_UART_RxCpltCallback.str1.4
                0x08003dc8        0x9 CMakeFiles/STM32F4xProject.elf.dir/Core/Src/usart.c.obj
 *fill*         0x08003dd1        0x3 
 .rodata._global_impure_ptr
                0x08003dd4        0x4 d:/stm32/gcc-arm-none-eabi-10.3-2021.10/bin/../lib/gcc/arm-none-eabi/10.3.1/../../../../arm-none-eabi/lib/thumb/v7e-m/nofp\libg.a(lib_a-impure.o)
                0x08003dd4                _global_impure_ptr
                0x08003dd8                . = ALIGN (0x4)

.ARM.extab      0x08003dd8        0x0
                0x08003dd8                . = ALIGN (0x4)
 *(.ARM.extab* .gnu.linkonce.armextab.*)
                0x08003dd8                . = ALIGN (0x4)

.ARM            0x08003dd8        0x8
                0x08003dd8                . = ALIGN (0x4)
                0x08003dd8                __exidx_start = .
 *(.ARM.exidx*)
 .ARM.exidx     0x08003dd8        0x8 d:/stm32/gcc-arm-none-eabi-10.3-2021.10/bin/../lib/gcc/arm-none-eabi/10.3.1/thumb/v7e-m/nofp\libgcc.a(_udivmoddi4.o)
                0x08003de0                __exidx_end = .
                0x08003de0                . = ALIGN (0x4)

.rel.dyn        0x08003de0        0x0
 .rel.iplt      0x08003de0        0x0 d:/stm32/gcc-arm-none-eabi-10.3-2021.10/bin/../lib/gcc/arm-none-eabi/10.3.1/thumb/v7e-m/nofp/crtbegin.o

.preinit_array  0x08003de0        0x0
                0x08003de0                . = ALIGN (0x4)
                0x08003de0                PROVIDE (__preinit_array_start = .)
 *(.preinit_array*)
                0x08003de0                PROVIDE (__preinit_array_end = .)
                0x08003de0                . = ALIGN (0x4)

.init_array     0x08003de0        0x8
                0x08003de0                . = ALIGN (0x4)
                0x08003de0                PROVIDE (__init_array_start = .)
 *(SORT_BY_NAME(.init_array.*))
 .init_array.00000
                0x08003de0        0x4 d:/stm32/gcc-arm-none-eabi-10.3-2021.10/bin/../lib/gcc/arm-none-eabi/10.3.1/../../../../arm-none-eabi/lib/thumb/v7e-m/nofp\libg.a(lib_a-__call_atexit.o)
 *(.init_array*)
 .init_array    0x08003de4        0x4 d:/stm32/gcc-arm-none-eabi-10.3-2021.10/bin/../lib/gcc/arm-none-eabi/10.3.1/thumb/v7e-m/nofp/crtbegin.o
                0x08003de8                PROVIDE (__init_array_end = .)
                0x08003de8                . = ALIGN (0x4)

.fini_array     0x08003de8        0x4
                0x08003de8                . = ALIGN (0x4)
                0x08003de8                PROVIDE (__fini_array_start = .)
 *(SORT_BY_NAME(.fini_array.*))
 *(.fini_array*)
 .fini_array    0x08003de8        0x4 d:/stm32/gcc-arm-none-eabi-10.3-2021.10/bin/../lib/gcc/arm-none-eabi/10.3.1/thumb/v7e-m/nofp/crtbegin.o
                0x08003dec                PROVIDE (__fini_array_end = .)
                0x08003dec                . = ALIGN (0x4)
                0x08003dec                _sidata = LOADADDR (.data)

.data           0x20000000      0x45c load address 0x08003dec
                0x20000000                . = ALIGN (0x4)
                0x20000000                _sdata = .
 *(.data)
 *(.data*)
 .data.dir_left
                0x20000000        0x8 CMakeFiles/STM32F4xProject.elf.dir/App/TMC220xUart/tmc220xUart.c.obj
                0x20000000                dir_left
 .data.dir_right
                0x20000008        0x8 CMakeFiles/STM32F4xProject.elf.dir/App/TMC220xUart/tmc220xUart.c.obj
                0x20000008                dir_right
 .data.dhtSensor.0
                0x20000010       0x14 CMakeFiles/STM32F4xProject.elf.dir/Core/Src/main.c.obj
 .data.SystemCoreClock
                0x20000024        0x4 CMakeFiles/STM32F4xProject.elf.dir/Core/Src/system_stm32f4xx.c.obj
                0x20000024                SystemCoreClock
 .data.uwTickFreq
                0x20000028        0x1 CMakeFiles/STM32F4xProject.elf.dir/Drivers/STM32F4xx_HAL_Driver/Src/stm32f4xx_hal.c.obj
                0x20000028                uwTickFreq
 *fill*         0x20000029        0x3 
 .data.uwTickPrio
                0x2000002c        0x4 CMakeFiles/STM32F4xProject.elf.dir/Drivers/STM32F4xx_HAL_Driver/Src/stm32f4xx_hal.c.obj
                0x2000002c                uwTickPrio
 .data.impure_data
                0x20000030      0x428 d:/stm32/gcc-arm-none-eabi-10.3-2021.10/bin/../lib/gcc/arm-none-eabi/10.3.1/../../../../arm-none-eabi/lib/thumb/v7e-m/nofp\libg.a(lib_a-impure.o)
 .data.__atexit_recursive_mutex
                0x20000458        0x4 d:/stm32/gcc-arm-none-eabi-10.3-2021.10/bin/../lib/gcc/arm-none-eabi/10.3.1/../../../../arm-none-eabi/lib/thumb/v7e-m/nofp\libg.a(lib_a-__call_atexit.o)
                0x20000458                __atexit_recursive_mutex
 *(.RamFunc)
 *(.RamFunc*)
                0x2000045c                . = ALIGN (0x4)
                0x2000045c                _edata = .
                0x08004248                _siccmram = LOADADDR (.ccmram)

.igot.plt       0x2000045c        0x0 load address 0x08004248
 .igot.plt      0x2000045c        0x0 d:/stm32/gcc-arm-none-eabi-10.3-2021.10/bin/../lib/gcc/arm-none-eabi/10.3.1/thumb/v7e-m/nofp/crtbegin.o

.ccmram         0x10000000        0x0 load address 0x08004248
                0x10000000                . = ALIGN (0x4)
                0x10000000                _sccmram = .
 *(.ccmram)
 *(.ccmram*)
                0x10000000                . = ALIGN (0x4)
                0x10000000                _eccmram = .
                0x10000000                . = ALIGN (0x4)

.bss            0x20000460      0x2f4
                0x20000460                _sbss = .
                0x20000460                __bss_start__ = _sbss
 *(.bss)
 .bss           0x20000460       0x1c d:/stm32/gcc-arm-none-eabi-10.3-2021.10/bin/../lib/gcc/arm-none-eabi/10.3.1/thumb/v7e-m/nofp/crtbegin.o
 *(.bss*)
 .bss.stepsPerRevolution
                0x2000047c        0x4 CMakeFiles/STM32F4xProject.elf.dir/App/TMC220xUart/tmc220xUart.c.obj
                0x2000047c                stepsPerRevolution
 .bss.tmc2209   0x20000480       0x60 CMakeFiles/STM32F4xProject.elf.dir/App/TMC220xUart/tmc220xUart.c.obj
                0x20000480                tmc2209
 .bss.humflag   0x200004e0        0x1 CMakeFiles/STM32F4xProject.elf.dir/App/humidifier/humidifier.c.obj
                0x200004e0                humflag
 *fill*         0x200004e1        0x3 
 .bss.my_Humidifier
                0x200004e4        0x8 CMakeFiles/STM32F4xProject.elf.dir/App/humidifier/humidifier.c.obj
                0x200004e4                my_Humidifier
 .bss.max31865GPIO
                0x200004ec       0x20 CMakeFiles/STM32F4xProject.elf.dir/App/max31865/max31865.c.obj
                0x200004ec                max31865GPIO
 .bss.fac_us    0x2000050c        0x1 CMakeFiles/STM32F4xProject.elf.dir/App/tools/tools.c.obj
 .bss.closeHumCount
                0x2000050d        0x1 CMakeFiles/STM32F4xProject.elf.dir/Core/Src/tim.c.obj
                0x2000050d                closeHumCount
 *fill*         0x2000050e        0x2 
 .bss.htim6     0x20000510       0x48 CMakeFiles/STM32F4xProject.elf.dir/Core/Src/tim.c.obj
                0x20000510                htim6
 .bss.htim7     0x20000558       0x48 CMakeFiles/STM32F4xProject.elf.dir/Core/Src/tim.c.obj
                0x20000558                htim7
 .bss.openHumCount
                0x200005a0        0x1 CMakeFiles/STM32F4xProject.elf.dir/Core/Src/tim.c.obj
                0x200005a0                openHumCount
 .bss.runFlag   0x200005a1        0x1 CMakeFiles/STM32F4xProject.elf.dir/Core/Src/tim.c.obj
                0x200005a1                runFlag
 .bss.sendFlag  0x200005a2        0x1 CMakeFiles/STM32F4xProject.elf.dir/Core/Src/tim.c.obj
                0x200005a2                sendFlag
 *fill*         0x200005a3        0x1 
 .bss.RxBuffer  0x200005a4      0x100 CMakeFiles/STM32F4xProject.elf.dir/Core/Src/usart.c.obj
                0x200005a4                RxBuffer
 .bss.USART_RX_BUF
                0x200006a4       0x14 CMakeFiles/STM32F4xProject.elf.dir/Core/Src/usart.c.obj
                0x200006a4                USART_RX_BUF
 .bss.USART_RX_STA.0
                0x200006b8        0x1 CMakeFiles/STM32F4xProject.elf.dir/Core/Src/usart.c.obj
 .bss.Uart1_Rx_Cnt
                0x200006b9        0x1 CMakeFiles/STM32F4xProject.elf.dir/Core/Src/usart.c.obj
                0x200006b9                Uart1_Rx_Cnt
 .bss.aRxBuffer
                0x200006ba        0x1 CMakeFiles/STM32F4xProject.elf.dir/Core/Src/usart.c.obj
                0x200006ba                aRxBuffer
 *fill*         0x200006bb        0x1 
 .bss.huart2    0x200006bc       0x44 CMakeFiles/STM32F4xProject.elf.dir/Core/Src/usart.c.obj
                0x200006bc                huart2
 .bss.huart6    0x20000700       0x44 CMakeFiles/STM32F4xProject.elf.dir/Core/Src/usart.c.obj
                0x20000700                huart6
 .bss.needRunHumidifierTime
                0x20000744        0x1 CMakeFiles/STM32F4xProject.elf.dir/Core/Src/usart.c.obj
                0x20000744                needRunHumidifierTime
 .bss.needStopHumidifierTime
                0x20000745        0x1 CMakeFiles/STM32F4xProject.elf.dir/Core/Src/usart.c.obj
                0x20000745                needStopHumidifierTime
 *fill*         0x20000746        0x2 
 .bss.usart2aRxBuffer
                0x20000748        0x1 CMakeFiles/STM32F4xProject.elf.dir/Core/Src/usart.c.obj
                0x20000748                usart2aRxBuffer
 *fill*         0x20000749        0x3 
 .bss.uwTick    0x2000074c        0x4 CMakeFiles/STM32F4xProject.elf.dir/Drivers/STM32F4xx_HAL_Driver/Src/stm32f4xx_hal.c.obj
                0x2000074c                uwTick
 .bss.__lock___atexit_recursive_mutex
                0x20000750        0x1 d:/stm32/gcc-arm-none-eabi-10.3-2021.10/bin/../lib/gcc/arm-none-eabi/10.3.1/../../../../arm-none-eabi/lib/thumb/v7e-m/nofp\libg.a(lib_a-lock.o)
                0x20000750                __lock___atexit_recursive_mutex
 *(COMMON)
                0x20000754                . = ALIGN (0x4)
 *fill*         0x20000751        0x3 
                0x20000754                _ebss = .
                0x20000754                __bss_end__ = _ebss

._user_heap_stack
                0x20000754      0x604
                0x20000758                . = ALIGN (0x8)
 *fill*         0x20000754        0x4 
                [!provide]                PROVIDE (end = .)
                0x20000758                PROVIDE (_end = .)
                0x20000958                . = (. + _Min_Heap_Size)
 *fill*         0x20000758      0x200 
                0x20000d58                . = (. + _Min_Stack_Size)
 *fill*         0x20000958      0x400 
                0x20000d58                . = ALIGN (0x8)

/DISCARD/
 libc.a(*)
 libm.a(*)
 libgcc.a(*)

.ARM.attributes
                0x00000000       0x2a
 *(.ARM.attributes)
 .ARM.attributes
                0x00000000       0x1e d:/stm32/gcc-arm-none-eabi-10.3-2021.10/bin/../lib/gcc/arm-none-eabi/10.3.1/thumb/v7e-m/nofp/crti.o
 .ARM.attributes
                0x0000001e       0x2e d:/stm32/gcc-arm-none-eabi-10.3-2021.10/bin/../lib/gcc/arm-none-eabi/10.3.1/thumb/v7e-m/nofp/crtbegin.o
 .ARM.attributes
                0x0000004c       0x2e CMakeFiles/STM32F4xProject.elf.dir/App/TMC220xUart/tmc220xUart.c.obj
 .ARM.attributes
                0x0000007a       0x2e CMakeFiles/STM32F4xProject.elf.dir/App/dht/dht.c.obj
 .ARM.attributes
                0x000000a8       0x2e CMakeFiles/STM32F4xProject.elf.dir/App/humidifier/humidifier.c.obj
 .ARM.attributes
                0x000000d6       0x2e CMakeFiles/STM32F4xProject.elf.dir/App/max31865/max31865.c.obj
 .ARM.attributes
                0x00000104       0x2e CMakeFiles/STM32F4xProject.elf.dir/App/tools/tools.c.obj
 .ARM.attributes
                0x00000132       0x2e CMakeFiles/STM32F4xProject.elf.dir/Core/Src/gpio.c.obj
 .ARM.attributes
                0x00000160       0x2e CMakeFiles/STM32F4xProject.elf.dir/Core/Src/main.c.obj
 .ARM.attributes
                0x0000018e       0x2e CMakeFiles/STM32F4xProject.elf.dir/Core/Src/stm32f4xx_hal_msp.c.obj
 .ARM.attributes
                0x000001bc       0x2e CMakeFiles/STM32F4xProject.elf.dir/Core/Src/stm32f4xx_it.c.obj
 .ARM.attributes
                0x000001ea       0x2e CMakeFiles/STM32F4xProject.elf.dir/Core/Src/system_stm32f4xx.c.obj
 .ARM.attributes
                0x00000218       0x2e CMakeFiles/STM32F4xProject.elf.dir/Core/Src/tim.c.obj
 .ARM.attributes
                0x00000246       0x2e CMakeFiles/STM32F4xProject.elf.dir/Core/Src/usart.c.obj
 .ARM.attributes
                0x00000274       0x21 CMakeFiles/STM32F4xProject.elf.dir/Core/Startup/startup_stm32f407vetx.s.obj
 .ARM.attributes
                0x00000295       0x2e CMakeFiles/STM32F4xProject.elf.dir/Drivers/STM32F4xx_HAL_Driver/Src/stm32f4xx_hal.c.obj
 .ARM.attributes
                0x000002c3       0x2e CMakeFiles/STM32F4xProject.elf.dir/Drivers/STM32F4xx_HAL_Driver/Src/stm32f4xx_hal_cortex.c.obj
 .ARM.attributes
                0x000002f1       0x2e CMakeFiles/STM32F4xProject.elf.dir/Drivers/STM32F4xx_HAL_Driver/Src/stm32f4xx_hal_dma.c.obj
 .ARM.attributes
                0x0000031f       0x2e CMakeFiles/STM32F4xProject.elf.dir/Drivers/STM32F4xx_HAL_Driver/Src/stm32f4xx_hal_gpio.c.obj
 .ARM.attributes
                0x0000034d       0x2e CMakeFiles/STM32F4xProject.elf.dir/Drivers/STM32F4xx_HAL_Driver/Src/stm32f4xx_hal_rcc.c.obj
 .ARM.attributes
                0x0000037b       0x2e CMakeFiles/STM32F4xProject.elf.dir/Drivers/STM32F4xx_HAL_Driver/Src/stm32f4xx_hal_tim.c.obj
 .ARM.attributes
                0x000003a9       0x2e CMakeFiles/STM32F4xProject.elf.dir/Drivers/STM32F4xx_HAL_Driver/Src/stm32f4xx_hal_tim_ex.c.obj
 .ARM.attributes
                0x000003d7       0x2e CMakeFiles/STM32F4xProject.elf.dir/Drivers/STM32F4xx_HAL_Driver/Src/stm32f4xx_hal_uart.c.obj
 .ARM.attributes
                0x00000405       0x1e d:/stm32/gcc-arm-none-eabi-10.3-2021.10/bin/../lib/gcc/arm-none-eabi/10.3.1/thumb/v7e-m/nofp\libgcc.a(_arm_addsubdf3.o)
 .ARM.attributes
                0x00000423       0x1e d:/stm32/gcc-arm-none-eabi-10.3-2021.10/bin/../lib/gcc/arm-none-eabi/10.3.1/thumb/v7e-m/nofp\libgcc.a(_arm_muldivdf3.o)
 .ARM.attributes
                0x00000441       0x1e d:/stm32/gcc-arm-none-eabi-10.3-2021.10/bin/../lib/gcc/arm-none-eabi/10.3.1/thumb/v7e-m/nofp\libgcc.a(_arm_truncdfsf2.o)
 .ARM.attributes
                0x0000045f       0x1e d:/stm32/gcc-arm-none-eabi-10.3-2021.10/bin/../lib/gcc/arm-none-eabi/10.3.1/thumb/v7e-m/nofp\libgcc.a(_arm_addsubsf3.o)
 .ARM.attributes
                0x0000047d       0x1e d:/stm32/gcc-arm-none-eabi-10.3-2021.10/bin/../lib/gcc/arm-none-eabi/10.3.1/thumb/v7e-m/nofp\libgcc.a(_arm_muldivsf3.o)
 .ARM.attributes
                0x0000049b       0x1e d:/stm32/gcc-arm-none-eabi-10.3-2021.10/bin/../lib/gcc/arm-none-eabi/10.3.1/thumb/v7e-m/nofp\libgcc.a(_arm_fixunssfsi.o)
 .ARM.attributes
                0x000004b9       0x1e d:/stm32/gcc-arm-none-eabi-10.3-2021.10/bin/../lib/gcc/arm-none-eabi/10.3.1/thumb/v7e-m/nofp\libgcc.a(_aeabi_uldivmod.o)
 .ARM.attributes
                0x000004d7       0x2e d:/stm32/gcc-arm-none-eabi-10.3-2021.10/bin/../lib/gcc/arm-none-eabi/10.3.1/thumb/v7e-m/nofp\libgcc.a(_fixunsdfdi.o)
 .ARM.attributes
                0x00000505       0x2e d:/stm32/gcc-arm-none-eabi-10.3-2021.10/bin/../lib/gcc/arm-none-eabi/10.3.1/thumb/v7e-m/nofp\libgcc.a(_udivmoddi4.o)
 .ARM.attributes
                0x00000533       0x1e d:/stm32/gcc-arm-none-eabi-10.3-2021.10/bin/../lib/gcc/arm-none-eabi/10.3.1/thumb/v7e-m/nofp\libgcc.a(_dvmd_tls.o)
 .ARM.attributes
                0x00000551       0x1e d:/stm32/gcc-arm-none-eabi-10.3-2021.10/bin/../lib/gcc/arm-none-eabi/10.3.1/thumb/v7e-m/nofp\libgcc.a(_arm_fixunsdfsi.o)
 .ARM.attributes
                0x0000056f       0x2e d:/stm32/gcc-arm-none-eabi-10.3-2021.10/bin/../lib/gcc/arm-none-eabi/10.3.1/../../../../arm-none-eabi/lib/thumb/v7e-m/nofp\libg.a(lib_a-impure.o)
 .ARM.attributes
                0x0000059d       0x2e d:/stm32/gcc-arm-none-eabi-10.3-2021.10/bin/../lib/gcc/arm-none-eabi/10.3.1/../../../../arm-none-eabi/lib/thumb/v7e-m/nofp\libg.a(lib_a-init.o)
 .ARM.attributes
                0x000005cb       0x2e d:/stm32/gcc-arm-none-eabi-10.3-2021.10/bin/../lib/gcc/arm-none-eabi/10.3.1/../../../../arm-none-eabi/lib/thumb/v7e-m/nofp\libg.a(lib_a-memset.o)
 .ARM.attributes
                0x000005f9       0x2e d:/stm32/gcc-arm-none-eabi-10.3-2021.10/bin/../lib/gcc/arm-none-eabi/10.3.1/../../../../arm-none-eabi/lib/thumb/v7e-m/nofp\libg.a(lib_a-__call_atexit.o)
 .ARM.attributes
                0x00000627       0x2e d:/stm32/gcc-arm-none-eabi-10.3-2021.10/bin/../lib/gcc/arm-none-eabi/10.3.1/../../../../arm-none-eabi/lib/thumb/v7e-m/nofp\libg.a(lib_a-atexit.o)
 .ARM.attributes
                0x00000655       0x2e d:/stm32/gcc-arm-none-eabi-10.3-2021.10/bin/../lib/gcc/arm-none-eabi/10.3.1/../../../../arm-none-eabi/lib/thumb/v7e-m/nofp\libg.a(lib_a-fini.o)
 .ARM.attributes
                0x00000683       0x2e d:/stm32/gcc-arm-none-eabi-10.3-2021.10/bin/../lib/gcc/arm-none-eabi/10.3.1/../../../../arm-none-eabi/lib/thumb/v7e-m/nofp\libg.a(lib_a-lock.o)
 .ARM.attributes
                0x000006b1       0x2e d:/stm32/gcc-arm-none-eabi-10.3-2021.10/bin/../lib/gcc/arm-none-eabi/10.3.1/../../../../arm-none-eabi/lib/thumb/v7e-m/nofp\libg.a(lib_a-__atexit.o)
 .ARM.attributes
                0x000006df       0x1e d:/stm32/gcc-arm-none-eabi-10.3-2021.10/bin/../lib/gcc/arm-none-eabi/10.3.1/thumb/v7e-m/nofp/crtn.o
OUTPUT(STM32F4xProject.elf elf32-littlearm)
LOAD linker stubs
LOAD d:/stm32/gcc-arm-none-eabi-10.3-2021.10/bin/../lib/gcc/arm-none-eabi/10.3.1/../../../../arm-none-eabi/lib/thumb/v7e-m/nofp\libc.a
LOAD d:/stm32/gcc-arm-none-eabi-10.3-2021.10/bin/../lib/gcc/arm-none-eabi/10.3.1/../../../../arm-none-eabi/lib/thumb/v7e-m/nofp\libm.a
LOAD d:/stm32/gcc-arm-none-eabi-10.3-2021.10/bin/../lib/gcc/arm-none-eabi/10.3.1/thumb/v7e-m/nofp\libgcc.a

.debug_info     0x00000000    0x15250
 .debug_info    0x00000000     0x13ed CMakeFiles/STM32F4xProject.elf.dir/App/TMC220xUart/tmc220xUart.c.obj
 .debug_info    0x000013ed      0x607 CMakeFiles/STM32F4xProject.elf.dir/App/dht/dht.c.obj
 .debug_info    0x000019f4      0x336 CMakeFiles/STM32F4xProject.elf.dir/App/humidifier/humidifier.c.obj
 .debug_info    0x00001d2a      0x93d CMakeFiles/STM32F4xProject.elf.dir/App/max31865/max31865.c.obj
 .debug_info    0x00002667     0x1122 CMakeFiles/STM32F4xProject.elf.dir/App/tools/tools.c.obj
 .debug_info    0x00003789      0x7d4 CMakeFiles/STM32F4xProject.elf.dir/Core/Src/gpio.c.obj
 .debug_info    0x00003f5d      0xe42 CMakeFiles/STM32F4xProject.elf.dir/Core/Src/main.c.obj
 .debug_info    0x00004d9f      0x2a4 CMakeFiles/STM32F4xProject.elf.dir/Core/Src/stm32f4xx_hal_msp.c.obj
 .debug_info    0x00005043      0xa51 CMakeFiles/STM32F4xProject.elf.dir/Core/Src/stm32f4xx_it.c.obj
 .debug_info    0x00005a94      0x37d CMakeFiles/STM32F4xProject.elf.dir/Core/Src/system_stm32f4xx.c.obj
 .debug_info    0x00005e11      0xe27 CMakeFiles/STM32F4xProject.elf.dir/Core/Src/tim.c.obj
 .debug_info    0x00006c38     0x12f5 CMakeFiles/STM32F4xProject.elf.dir/Core/Src/usart.c.obj
 .debug_info    0x00007f2d       0x22 CMakeFiles/STM32F4xProject.elf.dir/Core/Startup/startup_stm32f407vetx.s.obj
 .debug_info    0x00007f4f      0x9f0 CMakeFiles/STM32F4xProject.elf.dir/Drivers/STM32F4xx_HAL_Driver/Src/stm32f4xx_hal.c.obj
 .debug_info    0x0000893f     0x1098 CMakeFiles/STM32F4xProject.elf.dir/Drivers/STM32F4xx_HAL_Driver/Src/stm32f4xx_hal_cortex.c.obj
 .debug_info    0x000099d7      0xb3f CMakeFiles/STM32F4xProject.elf.dir/Drivers/STM32F4xx_HAL_Driver/Src/stm32f4xx_hal_dma.c.obj
 .debug_info    0x0000a516      0x7b0 CMakeFiles/STM32F4xProject.elf.dir/Drivers/STM32F4xx_HAL_Driver/Src/stm32f4xx_hal_gpio.c.obj
 .debug_info    0x0000acc6      0xb03 CMakeFiles/STM32F4xProject.elf.dir/Drivers/STM32F4xx_HAL_Driver/Src/stm32f4xx_hal_rcc.c.obj
 .debug_info    0x0000b7c9     0x3d5b CMakeFiles/STM32F4xProject.elf.dir/Drivers/STM32F4xx_HAL_Driver/Src/stm32f4xx_hal_tim.c.obj
 .debug_info    0x0000f524     0x1ade CMakeFiles/STM32F4xProject.elf.dir/Drivers/STM32F4xx_HAL_Driver/Src/stm32f4xx_hal_tim_ex.c.obj
 .debug_info    0x00011002     0x424e CMakeFiles/STM32F4xProject.elf.dir/Drivers/STM32F4xx_HAL_Driver/Src/stm32f4xx_hal_uart.c.obj

.debug_abbrev   0x00000000     0x2a9a
 .debug_abbrev  0x00000000      0x2c2 CMakeFiles/STM32F4xProject.elf.dir/App/TMC220xUart/tmc220xUart.c.obj
 .debug_abbrev  0x000002c2      0x1f5 CMakeFiles/STM32F4xProject.elf.dir/App/dht/dht.c.obj
 .debug_abbrev  0x000004b7      0x16b CMakeFiles/STM32F4xProject.elf.dir/App/humidifier/humidifier.c.obj
 .debug_abbrev  0x00000622      0x1c6 CMakeFiles/STM32F4xProject.elf.dir/App/max31865/max31865.c.obj
 .debug_abbrev  0x000007e8      0x315 CMakeFiles/STM32F4xProject.elf.dir/App/tools/tools.c.obj
 .debug_abbrev  0x00000afd      0x189 CMakeFiles/STM32F4xProject.elf.dir/Core/Src/gpio.c.obj
 .debug_abbrev  0x00000c86      0x22d CMakeFiles/STM32F4xProject.elf.dir/Core/Src/main.c.obj
 .debug_abbrev  0x00000eb3       0xd1 CMakeFiles/STM32F4xProject.elf.dir/Core/Src/stm32f4xx_hal_msp.c.obj
 .debug_abbrev  0x00000f84      0x1aa CMakeFiles/STM32F4xProject.elf.dir/Core/Src/stm32f4xx_it.c.obj
 .debug_abbrev  0x0000112e      0x119 CMakeFiles/STM32F4xProject.elf.dir/Core/Src/system_stm32f4xx.c.obj
 .debug_abbrev  0x00001247      0x202 CMakeFiles/STM32F4xProject.elf.dir/Core/Src/tim.c.obj
 .debug_abbrev  0x00001449      0x22b CMakeFiles/STM32F4xProject.elf.dir/Core/Src/usart.c.obj
 .debug_abbrev  0x00001674       0x12 CMakeFiles/STM32F4xProject.elf.dir/Core/Startup/startup_stm32f407vetx.s.obj
 .debug_abbrev  0x00001686      0x206 CMakeFiles/STM32F4xProject.elf.dir/Drivers/STM32F4xx_HAL_Driver/Src/stm32f4xx_hal.c.obj
 .debug_abbrev  0x0000188c      0x36a CMakeFiles/STM32F4xProject.elf.dir/Drivers/STM32F4xx_HAL_Driver/Src/stm32f4xx_hal_cortex.c.obj
 .debug_abbrev  0x00001bf6      0x2c2 CMakeFiles/STM32F4xProject.elf.dir/Drivers/STM32F4xx_HAL_Driver/Src/stm32f4xx_hal_dma.c.obj
 .debug_abbrev  0x00001eb8      0x1ef CMakeFiles/STM32F4xProject.elf.dir/Drivers/STM32F4xx_HAL_Driver/Src/stm32f4xx_hal_gpio.c.obj
 .debug_abbrev  0x000020a7      0x28a CMakeFiles/STM32F4xProject.elf.dir/Drivers/STM32F4xx_HAL_Driver/Src/stm32f4xx_hal_rcc.c.obj
 .debug_abbrev  0x00002331      0x22b CMakeFiles/STM32F4xProject.elf.dir/Drivers/STM32F4xx_HAL_Driver/Src/stm32f4xx_hal_tim.c.obj
 .debug_abbrev  0x0000255c      0x241 CMakeFiles/STM32F4xProject.elf.dir/Drivers/STM32F4xx_HAL_Driver/Src/stm32f4xx_hal_tim_ex.c.obj
 .debug_abbrev  0x0000279d      0x2fd CMakeFiles/STM32F4xProject.elf.dir/Drivers/STM32F4xx_HAL_Driver/Src/stm32f4xx_hal_uart.c.obj

.debug_loc      0x00000000     0xebfb
 .debug_loc     0x00000000      0x9c9 CMakeFiles/STM32F4xProject.elf.dir/App/TMC220xUart/tmc220xUart.c.obj
 .debug_loc     0x000009c9      0x1b6 CMakeFiles/STM32F4xProject.elf.dir/App/dht/dht.c.obj
 .debug_loc     0x00000b7f       0x4a CMakeFiles/STM32F4xProject.elf.dir/App/humidifier/humidifier.c.obj
 .debug_loc     0x00000bc9      0x47c CMakeFiles/STM32F4xProject.elf.dir/App/max31865/max31865.c.obj
 .debug_loc     0x00001045      0x1bd CMakeFiles/STM32F4xProject.elf.dir/App/tools/tools.c.obj
 .debug_loc     0x00001202       0x25 CMakeFiles/STM32F4xProject.elf.dir/Core/Src/gpio.c.obj
 .debug_loc     0x00001227      0x158 CMakeFiles/STM32F4xProject.elf.dir/Core/Src/system_stm32f4xx.c.obj
 .debug_loc     0x0000137f      0x12a CMakeFiles/STM32F4xProject.elf.dir/Core/Src/tim.c.obj
 .debug_loc     0x000014a9      0x13a CMakeFiles/STM32F4xProject.elf.dir/Core/Src/usart.c.obj
 .debug_loc     0x000015e3      0x141 CMakeFiles/STM32F4xProject.elf.dir/Drivers/STM32F4xx_HAL_Driver/Src/stm32f4xx_hal.c.obj
 .debug_loc     0x00001724      0x744 CMakeFiles/STM32F4xProject.elf.dir/Drivers/STM32F4xx_HAL_Driver/Src/stm32f4xx_hal_cortex.c.obj
 .debug_loc     0x00001e68      0xbf9 CMakeFiles/STM32F4xProject.elf.dir/Drivers/STM32F4xx_HAL_Driver/Src/stm32f4xx_hal_dma.c.obj
 .debug_loc     0x00002a61      0x520 CMakeFiles/STM32F4xProject.elf.dir/Drivers/STM32F4xx_HAL_Driver/Src/stm32f4xx_hal_gpio.c.obj
 .debug_loc     0x00002f81      0x58c CMakeFiles/STM32F4xProject.elf.dir/Drivers/STM32F4xx_HAL_Driver/Src/stm32f4xx_hal_rcc.c.obj
 .debug_loc     0x0000350d     0x506c CMakeFiles/STM32F4xProject.elf.dir/Drivers/STM32F4xx_HAL_Driver/Src/stm32f4xx_hal_tim.c.obj
 .debug_loc     0x00008579     0x1cd7 CMakeFiles/STM32F4xProject.elf.dir/Drivers/STM32F4xx_HAL_Driver/Src/stm32f4xx_hal_tim_ex.c.obj
 .debug_loc     0x0000a250     0x49ab CMakeFiles/STM32F4xProject.elf.dir/Drivers/STM32F4xx_HAL_Driver/Src/stm32f4xx_hal_uart.c.obj

.debug_aranges  0x00000000      0xdb8
 .debug_aranges
                0x00000000       0xa8 CMakeFiles/STM32F4xProject.elf.dir/App/TMC220xUart/tmc220xUart.c.obj
 .debug_aranges
                0x000000a8       0x30 CMakeFiles/STM32F4xProject.elf.dir/App/dht/dht.c.obj
 .debug_aranges
                0x000000d8       0x30 CMakeFiles/STM32F4xProject.elf.dir/App/humidifier/humidifier.c.obj
 .debug_aranges
                0x00000108       0x68 CMakeFiles/STM32F4xProject.elf.dir/App/max31865/max31865.c.obj
 .debug_aranges
                0x00000170       0x40 CMakeFiles/STM32F4xProject.elf.dir/App/tools/tools.c.obj
 .debug_aranges
                0x000001b0       0x28 CMakeFiles/STM32F4xProject.elf.dir/Core/Src/gpio.c.obj
 .debug_aranges
                0x000001d8       0x30 CMakeFiles/STM32F4xProject.elf.dir/Core/Src/main.c.obj
 .debug_aranges
                0x00000208       0x20 CMakeFiles/STM32F4xProject.elf.dir/Core/Src/stm32f4xx_hal_msp.c.obj
 .debug_aranges
                0x00000228       0x80 CMakeFiles/STM32F4xProject.elf.dir/Core/Src/stm32f4xx_it.c.obj
 .debug_aranges
                0x000002a8       0x28 CMakeFiles/STM32F4xProject.elf.dir/Core/Src/system_stm32f4xx.c.obj
 .debug_aranges
                0x000002d0       0x40 CMakeFiles/STM32F4xProject.elf.dir/Core/Src/tim.c.obj
 .debug_aranges
                0x00000310       0x40 CMakeFiles/STM32F4xProject.elf.dir/Core/Src/usart.c.obj
 .debug_aranges
                0x00000350       0x28 CMakeFiles/STM32F4xProject.elf.dir/Core/Startup/startup_stm32f407vetx.s.obj
 .debug_aranges
                0x00000378       0xf0 CMakeFiles/STM32F4xProject.elf.dir/Drivers/STM32F4xx_HAL_Driver/Src/stm32f4xx_hal.c.obj
 .debug_aranges
                0x00000468       0xa8 CMakeFiles/STM32F4xProject.elf.dir/Drivers/STM32F4xx_HAL_Driver/Src/stm32f4xx_hal_cortex.c.obj
 .debug_aranges
                0x00000510       0x90 CMakeFiles/STM32F4xProject.elf.dir/Drivers/STM32F4xx_HAL_Driver/Src/stm32f4xx_hal_dma.c.obj
 .debug_aranges
                0x000005a0       0x58 CMakeFiles/STM32F4xProject.elf.dir/Drivers/STM32F4xx_HAL_Driver/Src/stm32f4xx_hal_gpio.c.obj
 .debug_aranges
                0x000005f8       0x88 CMakeFiles/STM32F4xProject.elf.dir/Drivers/STM32F4xx_HAL_Driver/Src/stm32f4xx_hal_rcc.c.obj
 .debug_aranges
                0x00000680      0x3d0 CMakeFiles/STM32F4xProject.elf.dir/Drivers/STM32F4xx_HAL_Driver/Src/stm32f4xx_hal_tim.c.obj
 .debug_aranges
                0x00000a50      0x168 CMakeFiles/STM32F4xProject.elf.dir/Drivers/STM32F4xx_HAL_Driver/Src/stm32f4xx_hal_tim_ex.c.obj
 .debug_aranges
                0x00000bb8      0x200 CMakeFiles/STM32F4xProject.elf.dir/Drivers/STM32F4xx_HAL_Driver/Src/stm32f4xx_hal_uart.c.obj

.debug_ranges   0x00000000      0xd60
 .debug_ranges  0x00000000       0x98 CMakeFiles/STM32F4xProject.elf.dir/App/TMC220xUart/tmc220xUart.c.obj
 .debug_ranges  0x00000098       0x50 CMakeFiles/STM32F4xProject.elf.dir/App/dht/dht.c.obj
 .debug_ranges  0x000000e8       0x20 CMakeFiles/STM32F4xProject.elf.dir/App/humidifier/humidifier.c.obj
 .debug_ranges  0x00000108       0x88 CMakeFiles/STM32F4xProject.elf.dir/App/max31865/max31865.c.obj
 .debug_ranges  0x00000190       0x30 CMakeFiles/STM32F4xProject.elf.dir/App/tools/tools.c.obj
 .debug_ranges  0x000001c0       0x18 CMakeFiles/STM32F4xProject.elf.dir/Core/Src/gpio.c.obj
 .debug_ranges  0x000001d8       0x20 CMakeFiles/STM32F4xProject.elf.dir/Core/Src/main.c.obj
 .debug_ranges  0x000001f8       0x10 CMakeFiles/STM32F4xProject.elf.dir/Core/Src/stm32f4xx_hal_msp.c.obj
 .debug_ranges  0x00000208       0x70 CMakeFiles/STM32F4xProject.elf.dir/Core/Src/stm32f4xx_it.c.obj
 .debug_ranges  0x00000278       0x18 CMakeFiles/STM32F4xProject.elf.dir/Core/Src/system_stm32f4xx.c.obj
 .debug_ranges  0x00000290       0x30 CMakeFiles/STM32F4xProject.elf.dir/Core/Src/tim.c.obj
 .debug_ranges  0x000002c0       0x30 CMakeFiles/STM32F4xProject.elf.dir/Core/Src/usart.c.obj
 .debug_ranges  0x000002f0       0x20 CMakeFiles/STM32F4xProject.elf.dir/Core/Startup/startup_stm32f407vetx.s.obj
 .debug_ranges  0x00000310       0xe0 CMakeFiles/STM32F4xProject.elf.dir/Drivers/STM32F4xx_HAL_Driver/Src/stm32f4xx_hal.c.obj
 .debug_ranges  0x000003f0       0xf8 CMakeFiles/STM32F4xProject.elf.dir/Drivers/STM32F4xx_HAL_Driver/Src/stm32f4xx_hal_cortex.c.obj
 .debug_ranges  0x000004e8       0x80 CMakeFiles/STM32F4xProject.elf.dir/Drivers/STM32F4xx_HAL_Driver/Src/stm32f4xx_hal_dma.c.obj
 .debug_ranges  0x00000568       0x48 CMakeFiles/STM32F4xProject.elf.dir/Drivers/STM32F4xx_HAL_Driver/Src/stm32f4xx_hal_gpio.c.obj
 .debug_ranges  0x000005b0       0x90 CMakeFiles/STM32F4xProject.elf.dir/Drivers/STM32F4xx_HAL_Driver/Src/stm32f4xx_hal_rcc.c.obj
 .debug_ranges  0x00000640      0x3c0 CMakeFiles/STM32F4xProject.elf.dir/Drivers/STM32F4xx_HAL_Driver/Src/stm32f4xx_hal_tim.c.obj
 .debug_ranges  0x00000a00      0x158 CMakeFiles/STM32F4xProject.elf.dir/Drivers/STM32F4xx_HAL_Driver/Src/stm32f4xx_hal_tim_ex.c.obj
 .debug_ranges  0x00000b58      0x208 CMakeFiles/STM32F4xProject.elf.dir/Drivers/STM32F4xx_HAL_Driver/Src/stm32f4xx_hal_uart.c.obj

.debug_line     0x00000000    0x1151a
 .debug_line    0x00000000      0x829 CMakeFiles/STM32F4xProject.elf.dir/App/TMC220xUart/tmc220xUart.c.obj
 .debug_line    0x00000829      0x5c6 CMakeFiles/STM32F4xProject.elf.dir/App/dht/dht.c.obj
 .debug_line    0x00000def      0x296 CMakeFiles/STM32F4xProject.elf.dir/App/humidifier/humidifier.c.obj
 .debug_line    0x00001085      0x54c CMakeFiles/STM32F4xProject.elf.dir/App/max31865/max31865.c.obj
 .debug_line    0x000015d1      0x4c3 CMakeFiles/STM32F4xProject.elf.dir/App/tools/tools.c.obj
 .debug_line    0x00001a94      0x349 CMakeFiles/STM32F4xProject.elf.dir/Core/Src/gpio.c.obj
 .debug_line    0x00001ddd      0x591 CMakeFiles/STM32F4xProject.elf.dir/Core/Src/main.c.obj
 .debug_line    0x0000236e      0x19e CMakeFiles/STM32F4xProject.elf.dir/Core/Src/stm32f4xx_hal_msp.c.obj
 .debug_line    0x0000250c      0x3bb CMakeFiles/STM32F4xProject.elf.dir/Core/Src/stm32f4xx_it.c.obj
 .debug_line    0x000028c7      0x267 CMakeFiles/STM32F4xProject.elf.dir/Core/Src/system_stm32f4xx.c.obj
 .debug_line    0x00002b2e      0x526 CMakeFiles/STM32F4xProject.elf.dir/Core/Src/tim.c.obj
 .debug_line    0x00003054      0x5bc CMakeFiles/STM32F4xProject.elf.dir/Core/Src/usart.c.obj
 .debug_line    0x00003610       0xb2 CMakeFiles/STM32F4xProject.elf.dir/Core/Startup/startup_stm32f407vetx.s.obj
 .debug_line    0x000036c2      0x603 CMakeFiles/STM32F4xProject.elf.dir/Drivers/STM32F4xx_HAL_Driver/Src/stm32f4xx_hal.c.obj
 .debug_line    0x00003cc5      0x816 CMakeFiles/STM32F4xProject.elf.dir/Drivers/STM32F4xx_HAL_Driver/Src/stm32f4xx_hal_cortex.c.obj
 .debug_line    0x000044db      0xe96 CMakeFiles/STM32F4xProject.elf.dir/Drivers/STM32F4xx_HAL_Driver/Src/stm32f4xx_hal_dma.c.obj
 .debug_line    0x00005371      0x752 CMakeFiles/STM32F4xProject.elf.dir/Drivers/STM32F4xx_HAL_Driver/Src/stm32f4xx_hal_gpio.c.obj
 .debug_line    0x00005ac3      0xb81 CMakeFiles/STM32F4xProject.elf.dir/Drivers/STM32F4xx_HAL_Driver/Src/stm32f4xx_hal_rcc.c.obj
 .debug_line    0x00006644     0x4b13 CMakeFiles/STM32F4xProject.elf.dir/Drivers/STM32F4xx_HAL_Driver/Src/stm32f4xx_hal_tim.c.obj
 .debug_line    0x0000b157     0x1d37 CMakeFiles/STM32F4xProject.elf.dir/Drivers/STM32F4xx_HAL_Driver/Src/stm32f4xx_hal_tim_ex.c.obj
 .debug_line    0x0000ce8e     0x468c CMakeFiles/STM32F4xProject.elf.dir/Drivers/STM32F4xx_HAL_Driver/Src/stm32f4xx_hal_uart.c.obj

.debug_str      0x00000000     0x4a08
 .debug_str     0x00000000      0x955 CMakeFiles/STM32F4xProject.elf.dir/App/TMC220xUart/tmc220xUart.c.obj
                                0xa29 (size before relaxing)
 .debug_str     0x00000955      0x16c CMakeFiles/STM32F4xProject.elf.dir/App/dht/dht.c.obj
                                0x3d9 (size before relaxing)
 .debug_str     0x00000ac1       0xbc CMakeFiles/STM32F4xProject.elf.dir/App/humidifier/humidifier.c.obj
                                0x2f4 (size before relaxing)
 .debug_str     0x00000b7d      0x179 CMakeFiles/STM32F4xProject.elf.dir/App/max31865/max31865.c.obj
                                0x404 (size before relaxing)
 .debug_str     0x00000cf6      0x4ab CMakeFiles/STM32F4xProject.elf.dir/App/tools/tools.c.obj
                                0xb04 (size before relaxing)
 .debug_str     0x000011a1      0x675 CMakeFiles/STM32F4xProject.elf.dir/Core/Src/gpio.c.obj
                                0x900 (size before relaxing)
 .debug_str     0x00001816      0x236 CMakeFiles/STM32F4xProject.elf.dir/Core/Src/main.c.obj
                                0xa73 (size before relaxing)
 .debug_str     0x00001a4c       0x56 CMakeFiles/STM32F4xProject.elf.dir/Core/Src/stm32f4xx_hal_msp.c.obj
                                0x301 (size before relaxing)
 .debug_str     0x00001aa2      0x418 CMakeFiles/STM32F4xProject.elf.dir/Core/Src/stm32f4xx_it.c.obj
                                0xa41 (size before relaxing)
 .debug_str     0x00001eba       0xb1 CMakeFiles/STM32F4xProject.elf.dir/Core/Src/system_stm32f4xx.c.obj
                                0x367 (size before relaxing)
 .debug_str     0x00001f6b      0x180 CMakeFiles/STM32F4xProject.elf.dir/Core/Src/tim.c.obj
                                0xf2a (size before relaxing)
 .debug_str     0x000020eb      0x125 CMakeFiles/STM32F4xProject.elf.dir/Core/Src/usart.c.obj
                               0x118c (size before relaxing)
 .debug_str     0x00002210       0x60 CMakeFiles/STM32F4xProject.elf.dir/Core/Startup/startup_stm32f407vetx.s.obj
                                 0x9f (size before relaxing)
 .debug_str     0x00002270      0x358 CMakeFiles/STM32F4xProject.elf.dir/Drivers/STM32F4xx_HAL_Driver/Src/stm32f4xx_hal.c.obj
                                0xba0 (size before relaxing)
 .debug_str     0x000025c8      0x493 CMakeFiles/STM32F4xProject.elf.dir/Drivers/STM32F4xx_HAL_Driver/Src/stm32f4xx_hal_cortex.c.obj
                                0xc72 (size before relaxing)
 .debug_str     0x00002a5b      0x330 CMakeFiles/STM32F4xProject.elf.dir/Drivers/STM32F4xx_HAL_Driver/Src/stm32f4xx_hal_dma.c.obj
                                0x7bc (size before relaxing)
 .debug_str     0x00002d8b      0x103 CMakeFiles/STM32F4xProject.elf.dir/Drivers/STM32F4xx_HAL_Driver/Src/stm32f4xx_hal_gpio.c.obj
                                0x526 (size before relaxing)
 .debug_str     0x00002e8e      0x1c3 CMakeFiles/STM32F4xProject.elf.dir/Drivers/STM32F4xx_HAL_Driver/Src/stm32f4xx_hal_rcc.c.obj
                                0x74c (size before relaxing)
 .debug_str     0x00003051      0xea5 CMakeFiles/STM32F4xProject.elf.dir/Drivers/STM32F4xx_HAL_Driver/Src/stm32f4xx_hal_tim.c.obj
                               0x16ff (size before relaxing)
 .debug_str     0x00003ef6      0x54e CMakeFiles/STM32F4xProject.elf.dir/Drivers/STM32F4xx_HAL_Driver/Src/stm32f4xx_hal_tim_ex.c.obj
                                0xf00 (size before relaxing)
 .debug_str     0x00004444      0x5c4 CMakeFiles/STM32F4xProject.elf.dir/Drivers/STM32F4xx_HAL_Driver/Src/stm32f4xx_hal_uart.c.obj
                                0xd9f (size before relaxing)

.comment        0x00000000       0x49
 .comment       0x00000000       0x49 CMakeFiles/STM32F4xProject.elf.dir/App/TMC220xUart/tmc220xUart.c.obj
                                 0x4a (size before relaxing)
 .comment       0x00000049       0x4a CMakeFiles/STM32F4xProject.elf.dir/App/dht/dht.c.obj
 .comment       0x00000049       0x4a CMakeFiles/STM32F4xProject.elf.dir/App/humidifier/humidifier.c.obj
 .comment       0x00000049       0x4a CMakeFiles/STM32F4xProject.elf.dir/App/max31865/max31865.c.obj
 .comment       0x00000049       0x4a CMakeFiles/STM32F4xProject.elf.dir/App/tools/tools.c.obj
 .comment       0x00000049       0x4a CMakeFiles/STM32F4xProject.elf.dir/Core/Src/gpio.c.obj
 .comment       0x00000049       0x4a CMakeFiles/STM32F4xProject.elf.dir/Core/Src/main.c.obj
 .comment       0x00000049       0x4a CMakeFiles/STM32F4xProject.elf.dir/Core/Src/stm32f4xx_hal_msp.c.obj
 .comment       0x00000049       0x4a CMakeFiles/STM32F4xProject.elf.dir/Core/Src/stm32f4xx_it.c.obj
 .comment       0x00000049       0x4a CMakeFiles/STM32F4xProject.elf.dir/Core/Src/system_stm32f4xx.c.obj
 .comment       0x00000049       0x4a CMakeFiles/STM32F4xProject.elf.dir/Core/Src/tim.c.obj
 .comment       0x00000049       0x4a CMakeFiles/STM32F4xProject.elf.dir/Core/Src/usart.c.obj
 .comment       0x00000049       0x4a CMakeFiles/STM32F4xProject.elf.dir/Drivers/STM32F4xx_HAL_Driver/Src/stm32f4xx_hal.c.obj
 .comment       0x00000049       0x4a CMakeFiles/STM32F4xProject.elf.dir/Drivers/STM32F4xx_HAL_Driver/Src/stm32f4xx_hal_cortex.c.obj
 .comment       0x00000049       0x4a CMakeFiles/STM32F4xProject.elf.dir/Drivers/STM32F4xx_HAL_Driver/Src/stm32f4xx_hal_dma.c.obj
 .comment       0x00000049       0x4a CMakeFiles/STM32F4xProject.elf.dir/Drivers/STM32F4xx_HAL_Driver/Src/stm32f4xx_hal_gpio.c.obj
 .comment       0x00000049       0x4a CMakeFiles/STM32F4xProject.elf.dir/Drivers/STM32F4xx_HAL_Driver/Src/stm32f4xx_hal_rcc.c.obj
 .comment       0x00000049       0x4a CMakeFiles/STM32F4xProject.elf.dir/Drivers/STM32F4xx_HAL_Driver/Src/stm32f4xx_hal_tim.c.obj
 .comment       0x00000049       0x4a CMakeFiles/STM32F4xProject.elf.dir/Drivers/STM32F4xx_HAL_Driver/Src/stm32f4xx_hal_tim_ex.c.obj
 .comment       0x00000049       0x4a CMakeFiles/STM32F4xProject.elf.dir/Drivers/STM32F4xx_HAL_Driver/Src/stm32f4xx_hal_uart.c.obj

.debug_frame    0x00000000     0x2870
 .debug_frame   0x00000000      0x214 CMakeFiles/STM32F4xProject.elf.dir/App/TMC220xUart/tmc220xUart.c.obj
 .debug_frame   0x00000214       0x78 CMakeFiles/STM32F4xProject.elf.dir/App/dht/dht.c.obj
 .debug_frame   0x0000028c       0x60 CMakeFiles/STM32F4xProject.elf.dir/App/humidifier/humidifier.c.obj
 .debug_frame   0x000002ec      0x150 CMakeFiles/STM32F4xProject.elf.dir/App/max31865/max31865.c.obj
 .debug_frame   0x0000043c       0xb4 CMakeFiles/STM32F4xProject.elf.dir/App/tools/tools.c.obj
 .debug_frame   0x000004f0       0x50 CMakeFiles/STM32F4xProject.elf.dir/Core/Src/gpio.c.obj
 .debug_frame   0x00000540       0x5c CMakeFiles/STM32F4xProject.elf.dir/Core/Src/main.c.obj
 .debug_frame   0x0000059c       0x28 CMakeFiles/STM32F4xProject.elf.dir/Core/Src/stm32f4xx_hal_msp.c.obj
 .debug_frame   0x000005c4      0x108 CMakeFiles/STM32F4xProject.elf.dir/Core/Src/stm32f4xx_it.c.obj
 .debug_frame   0x000006cc       0x30 CMakeFiles/STM32F4xProject.elf.dir/Core/Src/system_stm32f4xx.c.obj
 .debug_frame   0x000006fc       0xa4 CMakeFiles/STM32F4xProject.elf.dir/Core/Src/tim.c.obj
 .debug_frame   0x000007a0       0x90 CMakeFiles/STM32F4xProject.elf.dir/Core/Src/usart.c.obj
 .debug_frame   0x00000830      0x1ec CMakeFiles/STM32F4xProject.elf.dir/Drivers/STM32F4xx_HAL_Driver/Src/stm32f4xx_hal.c.obj
 .debug_frame   0x00000a1c      0x148 CMakeFiles/STM32F4xProject.elf.dir/Drivers/STM32F4xx_HAL_Driver/Src/stm32f4xx_hal_cortex.c.obj
 .debug_frame   0x00000b64      0x188 CMakeFiles/STM32F4xProject.elf.dir/Drivers/STM32F4xx_HAL_Driver/Src/stm32f4xx_hal_dma.c.obj
 .debug_frame   0x00000cec       0xd8 CMakeFiles/STM32F4xProject.elf.dir/Drivers/STM32F4xx_HAL_Driver/Src/stm32f4xx_hal_gpio.c.obj
 .debug_frame   0x00000dc4      0x16c CMakeFiles/STM32F4xProject.elf.dir/Drivers/STM32F4xx_HAL_Driver/Src/stm32f4xx_hal_rcc.c.obj
 .debug_frame   0x00000f30      0xb04 CMakeFiles/STM32F4xProject.elf.dir/Drivers/STM32F4xx_HAL_Driver/Src/stm32f4xx_hal_tim.c.obj
 .debug_frame   0x00001a34      0x40c CMakeFiles/STM32F4xProject.elf.dir/Drivers/STM32F4xx_HAL_Driver/Src/stm32f4xx_hal_tim_ex.c.obj
 .debug_frame   0x00001e40      0x5cc CMakeFiles/STM32F4xProject.elf.dir/Drivers/STM32F4xx_HAL_Driver/Src/stm32f4xx_hal_uart.c.obj
 .debug_frame   0x0000240c       0xac d:/stm32/gcc-arm-none-eabi-10.3-2021.10/bin/../lib/gcc/arm-none-eabi/10.3.1/thumb/v7e-m/nofp\libgcc.a(_arm_addsubdf3.o)
 .debug_frame   0x000024b8       0x50 d:/stm32/gcc-arm-none-eabi-10.3-2021.10/bin/../lib/gcc/arm-none-eabi/10.3.1/thumb/v7e-m/nofp\libgcc.a(_arm_muldivdf3.o)
 .debug_frame   0x00002508       0x24 d:/stm32/gcc-arm-none-eabi-10.3-2021.10/bin/../lib/gcc/arm-none-eabi/10.3.1/thumb/v7e-m/nofp\libgcc.a(_arm_truncdfsf2.o)
 .debug_frame   0x0000252c       0x4c d:/stm32/gcc-arm-none-eabi-10.3-2021.10/bin/../lib/gcc/arm-none-eabi/10.3.1/thumb/v7e-m/nofp\libgcc.a(_arm_addsubsf3.o)
 .debug_frame   0x00002578       0x38 d:/stm32/gcc-arm-none-eabi-10.3-2021.10/bin/../lib/gcc/arm-none-eabi/10.3.1/thumb/v7e-m/nofp\libgcc.a(_arm_muldivsf3.o)
 .debug_frame   0x000025b0       0x24 d:/stm32/gcc-arm-none-eabi-10.3-2021.10/bin/../lib/gcc/arm-none-eabi/10.3.1/thumb/v7e-m/nofp\libgcc.a(_arm_fixunssfsi.o)
 .debug_frame   0x000025d4       0x2c d:/stm32/gcc-arm-none-eabi-10.3-2021.10/bin/../lib/gcc/arm-none-eabi/10.3.1/thumb/v7e-m/nofp\libgcc.a(_aeabi_uldivmod.o)
 .debug_frame   0x00002600       0x2c d:/stm32/gcc-arm-none-eabi-10.3-2021.10/bin/../lib/gcc/arm-none-eabi/10.3.1/thumb/v7e-m/nofp\libgcc.a(_fixunsdfdi.o)
 .debug_frame   0x0000262c       0x34 d:/stm32/gcc-arm-none-eabi-10.3-2021.10/bin/../lib/gcc/arm-none-eabi/10.3.1/thumb/v7e-m/nofp\libgcc.a(_udivmoddi4.o)
 .debug_frame   0x00002660       0x24 d:/stm32/gcc-arm-none-eabi-10.3-2021.10/bin/../lib/gcc/arm-none-eabi/10.3.1/thumb/v7e-m/nofp\libgcc.a(_arm_fixunsdfsi.o)
 .debug_frame   0x00002684       0x2c d:/stm32/gcc-arm-none-eabi-10.3-2021.10/bin/../lib/gcc/arm-none-eabi/10.3.1/../../../../arm-none-eabi/lib/thumb/v7e-m/nofp\libg.a(lib_a-init.o)
 .debug_frame   0x000026b0       0x2c d:/stm32/gcc-arm-none-eabi-10.3-2021.10/bin/../lib/gcc/arm-none-eabi/10.3.1/../../../../arm-none-eabi/lib/thumb/v7e-m/nofp\libg.a(lib_a-memset.o)
 .debug_frame   0x000026dc       0x5c d:/stm32/gcc-arm-none-eabi-10.3-2021.10/bin/../lib/gcc/arm-none-eabi/10.3.1/../../../../arm-none-eabi/lib/thumb/v7e-m/nofp\libg.a(lib_a-__call_atexit.o)
 .debug_frame   0x00002738       0x20 d:/stm32/gcc-arm-none-eabi-10.3-2021.10/bin/../lib/gcc/arm-none-eabi/10.3.1/../../../../arm-none-eabi/lib/thumb/v7e-m/nofp\libg.a(lib_a-atexit.o)
 .debug_frame   0x00002758       0x34 d:/stm32/gcc-arm-none-eabi-10.3-2021.10/bin/../lib/gcc/arm-none-eabi/10.3.1/../../../../arm-none-eabi/lib/thumb/v7e-m/nofp\libg.a(lib_a-fini.o)
 .debug_frame   0x0000278c       0xb0 d:/stm32/gcc-arm-none-eabi-10.3-2021.10/bin/../lib/gcc/arm-none-eabi/10.3.1/../../../../arm-none-eabi/lib/thumb/v7e-m/nofp\libg.a(lib_a-lock.o)
 .debug_frame   0x0000283c       0x34 d:/stm32/gcc-arm-none-eabi-10.3-2021.10/bin/../lib/gcc/arm-none-eabi/10.3.1/../../../../arm-none-eabi/lib/thumb/v7e-m/nofp\libg.a(lib_a-__atexit.o)
