Archive member included to satisfy reference by file (symbol)

d:/stm32/gcc-arm-none-eabi-10.3-2021.10/bin/../lib/gcc/arm-none-eabi/10.3.1/thumb/v7e-m/nofp\libgcc.a(_arm_muldf3.o)
                              CMakeFiles/STM32F4xProject.elf.dir/App/TMC220x/tmc220x.c.obj (__aeabi_dmul)
d:/stm32/gcc-arm-none-eabi-10.3-2021.10/bin/../lib/gcc/arm-none-eabi/10.3.1/thumb/v7e-m/nofp\libgcc.a(_arm_mulsf3.o)
                              CMakeFiles/STM32F4xProject.elf.dir/App/dht/dht.c.obj (__aeabi_fmul)
d:/stm32/gcc-arm-none-eabi-10.3-2021.10/bin/../lib/gcc/arm-none-eabi/10.3.1/thumb/v7e-m/nofp\libgcc.a(_arm_addsubdf3.o)
                              CMakeFiles/STM32F4xProject.elf.dir/App/TMC220x/tmc220x.c.obj (__aeabi_ui2d)
d:/stm32/gcc-arm-none-eabi-10.3-2021.10/bin/../lib/gcc/arm-none-eabi/10.3.1/thumb/v7e-m/nofp\libgcc.a(_arm_muldivdf3.o)
                              CMakeFiles/STM32F4xProject.elf.dir/App/TMC220x/tmc220x.c.obj (__aeabi_ddiv)
d:/stm32/gcc-arm-none-eabi-10.3-2021.10/bin/../lib/gcc/arm-none-eabi/10.3.1/thumb/v7e-m/nofp\libgcc.a(_arm_truncdfsf2.o)
                              CMakeFiles/STM32F4xProject.elf.dir/App/TMC220xUart/tmc220xUart.c.obj (__aeabi_d2f)
d:/stm32/gcc-arm-none-eabi-10.3-2021.10/bin/../lib/gcc/arm-none-eabi/10.3.1/thumb/v7e-m/nofp\libgcc.a(_arm_addsubsf3.o)
                              CMakeFiles/STM32F4xProject.elf.dir/App/max31865/max31865.c.obj (__aeabi_fsub)
d:/stm32/gcc-arm-none-eabi-10.3-2021.10/bin/../lib/gcc/arm-none-eabi/10.3.1/thumb/v7e-m/nofp\libgcc.a(_arm_muldivsf3.o)
                              CMakeFiles/STM32F4xProject.elf.dir/App/max31865/max31865.c.obj (__aeabi_fdiv)
d:/stm32/gcc-arm-none-eabi-10.3-2021.10/bin/../lib/gcc/arm-none-eabi/10.3.1/thumb/v7e-m/nofp\libgcc.a(_arm_fixunssfsi.o)
                              CMakeFiles/STM32F4xProject.elf.dir/App/TMC220xUart/tmc220xUart.c.obj (__aeabi_f2uiz)
d:/stm32/gcc-arm-none-eabi-10.3-2021.10/bin/../lib/gcc/arm-none-eabi/10.3.1/thumb/v7e-m/nofp\libgcc.a(_aeabi_uldivmod.o)
                              CMakeFiles/STM32F4xProject.elf.dir/Drivers/STM32F4xx_HAL_Driver/Src/stm32f4xx_hal_rcc.c.obj (__aeabi_uldivmod)
d:/stm32/gcc-arm-none-eabi-10.3-2021.10/bin/../lib/gcc/arm-none-eabi/10.3.1/thumb/v7e-m/nofp\libgcc.a(_fixunsdfdi.o)
                              CMakeFiles/STM32F4xProject.elf.dir/App/TMC220x/tmc220x.c.obj (__aeabi_d2ulz)
d:/stm32/gcc-arm-none-eabi-10.3-2021.10/bin/../lib/gcc/arm-none-eabi/10.3.1/thumb/v7e-m/nofp\libgcc.a(_udivmoddi4.o)
                              d:/stm32/gcc-arm-none-eabi-10.3-2021.10/bin/../lib/gcc/arm-none-eabi/10.3.1/thumb/v7e-m/nofp\libgcc.a(_aeabi_uldivmod.o) (__udivmoddi4)
d:/stm32/gcc-arm-none-eabi-10.3-2021.10/bin/../lib/gcc/arm-none-eabi/10.3.1/thumb/v7e-m/nofp\libgcc.a(_dvmd_tls.o)
                              d:/stm32/gcc-arm-none-eabi-10.3-2021.10/bin/../lib/gcc/arm-none-eabi/10.3.1/thumb/v7e-m/nofp\libgcc.a(_aeabi_uldivmod.o) (__aeabi_ldiv0)
d:/stm32/gcc-arm-none-eabi-10.3-2021.10/bin/../lib/gcc/arm-none-eabi/10.3.1/thumb/v7e-m/nofp\libgcc.a(_arm_fixunsdfsi.o)
                              d:/stm32/gcc-arm-none-eabi-10.3-2021.10/bin/../lib/gcc/arm-none-eabi/10.3.1/thumb/v7e-m/nofp\libgcc.a(_fixunsdfdi.o) (__aeabi_d2uiz)
d:/stm32/gcc-arm-none-eabi-10.3-2021.10/bin/../lib/gcc/arm-none-eabi/10.3.1/../../../../arm-none-eabi/lib/thumb/v7e-m/nofp\libg.a(lib_a-errno.o)
                              CMakeFiles/STM32F4xProject.elf.dir/Core/Src/syscalls.c.obj (__errno)
d:/stm32/gcc-arm-none-eabi-10.3-2021.10/bin/../lib/gcc/arm-none-eabi/10.3.1/../../../../arm-none-eabi/lib/thumb/v7e-m/nofp\libg.a(lib_a-exit.o)
                              d:/stm32/gcc-arm-none-eabi-10.3-2021.10/bin/../lib/gcc/arm-none-eabi/10.3.1/../../../../arm-none-eabi/lib/thumb/v7e-m/nofp/crt0.o (exit)
d:/stm32/gcc-arm-none-eabi-10.3-2021.10/bin/../lib/gcc/arm-none-eabi/10.3.1/../../../../arm-none-eabi/lib/thumb/v7e-m/nofp\libg.a(lib_a-impure.o)
                              d:/stm32/gcc-arm-none-eabi-10.3-2021.10/bin/../lib/gcc/arm-none-eabi/10.3.1/../../../../arm-none-eabi/lib/thumb/v7e-m/nofp\libg.a(lib_a-exit.o) (_global_impure_ptr)
d:/stm32/gcc-arm-none-eabi-10.3-2021.10/bin/../lib/gcc/arm-none-eabi/10.3.1/../../../../arm-none-eabi/lib/thumb/v7e-m/nofp\libg.a(lib_a-init.o)
                              d:/stm32/gcc-arm-none-eabi-10.3-2021.10/bin/../lib/gcc/arm-none-eabi/10.3.1/../../../../arm-none-eabi/lib/thumb/v7e-m/nofp/crt0.o (__libc_init_array)
d:/stm32/gcc-arm-none-eabi-10.3-2021.10/bin/../lib/gcc/arm-none-eabi/10.3.1/../../../../arm-none-eabi/lib/thumb/v7e-m/nofp\libg.a(lib_a-memset.o)
                              d:/stm32/gcc-arm-none-eabi-10.3-2021.10/bin/../lib/gcc/arm-none-eabi/10.3.1/../../../../arm-none-eabi/lib/thumb/v7e-m/nofp/crt0.o (memset)
d:/stm32/gcc-arm-none-eabi-10.3-2021.10/bin/../lib/gcc/arm-none-eabi/10.3.1/../../../../arm-none-eabi/lib/thumb/v7e-m/nofp\libg.a(lib_a-setvbuf.o)
                              CMakeFiles/STM32F4xProject.elf.dir/App/tools/tools.c.obj (setvbuf)
[...]
Memory Configuration

Name             Origin             Length             Attributes
CCMRAM           0x10000000         0x00010000         xrw
RAM              0x20000000         0x00020000         xrw
FLASH            0x08000000         0x00080000         xr
*default*        0x00000000         0xffffffff

Linker script and memory map

LOAD d:/stm32/gcc-arm-none-eabi-10.3-2021.10/bin/../lib/gcc/arm-none-eabi/10.3.1/thumb/v7e-m/nofp/crti.o
LOAD d:/stm32/gcc-arm-none-eabi-10.3-2021.10/bin/../lib/gcc/arm-none-eabi/10.3.1/thumb/v7e-m/nofp/crtbegin.o
LOAD d:/stm32/gcc-arm-none-eabi-10.3-2021.10/bin/../lib/gcc/arm-none-eabi/10.3.1/../../../../arm-none-eabi/lib/thumb/v7e-m/nofp/crt0.o
LOAD CMakeFiles/STM32F4xProject.elf.dir/App/TMC220x/tmc220x.c.obj
LOAD CMakeFiles/STM32F4xProject.elf.dir/App/TMC220xUart/tmc220xUart.c.obj
LOAD CMakeFiles/STM32F4xProject.elf.dir/App/dht/dht.c.obj
LOAD CMakeFiles/STM32F4xProject.elf.dir/App/humidifier/humidifier.c.obj
LOAD CMakeFiles/STM32F4xProject.elf.dir/App/max31865/max31865.c.obj
LOAD CMakeFiles/STM32F4xProject.elf.dir/App/tools/tools.c.obj
LOAD CMakeFiles/STM32F4xProject.elf.dir/Core/Src/gpio.c.obj
LOAD CMakeFiles/STM32F4xProject.elf.dir/Core/Src/main.c.obj
LOAD CMakeFiles/STM32F4xProject.elf.dir/Core/Src/stm32f4xx_hal_msp.c.obj
LOAD CMakeFiles/STM32F4xProject.elf.dir/Core/Src/stm32f4xx_it.c.obj
LOAD CMakeFiles/STM32F4xProject.elf.dir/Core/Src/syscalls.c.obj
LOAD CMakeFiles/STM32F4xProject.elf.dir/Core/Src/sysmem.c.obj
LOAD CMakeFiles/STM32F4xProject.elf.dir/Core/Src/system_stm32f4xx.c.obj
LOAD CMakeFiles/STM32F4xProject.elf.dir/Core/Src/tim.c.obj
LOAD CMakeFiles/STM32F4xProject.elf.dir/Core/Src/usart.c.obj
LOAD CMakeFiles/STM32F4xProject.elf.dir/Core/Startup/startup_stm32f407vetx.s.obj
LOAD CMakeFiles/STM32F4xProject.elf.dir/Drivers/STM32F4xx_HAL_Driver/Src/stm32f4xx_hal.c.obj
LOAD CMakeFiles/STM32F4xProject.elf.dir/Drivers/STM32F4xx_HAL_Driver/Src/stm32f4xx_hal_cortex.c.obj
LOAD CMakeFiles/STM32F4xProject.elf.dir/Drivers/STM32F4xx_HAL_Driver/Src/stm32f4xx_hal_dma.c.obj
LOAD CMakeFiles/STM32F4xProject.elf.dir/Drivers/STM32F4xx_HAL_Driver/Src/stm32f4xx_hal_dma_ex.c.obj
LOAD CMakeFiles/STM32F4xProject.elf.dir/Drivers/STM32F4xx_HAL_Driver/Src/stm32f4xx_hal_exti.c.obj
LOAD CMakeFiles/STM32F4xProject.elf.dir/Drivers/STM32F4xx_HAL_Driver/Src/stm32f4xx_hal_flash.c.obj
LOAD CMakeFiles/STM32F4xProject.elf.dir/Drivers/STM32F4xx_HAL_Driver/Src/stm32f4xx_hal_flash_ex.c.obj
LOAD CMakeFiles/STM32F4xProject.elf.dir/Drivers/STM32F4xx_HAL_Driver/Src/stm32f4xx_hal_flash_ramfunc.c.obj
LOAD CMakeFiles/STM32F4xProject.elf.dir/Drivers/STM32F4xx_HAL_Driver/Src/stm32f4xx_hal_gpio.c.obj
LOAD CMakeFiles/STM32F4xProject.elf.dir/Drivers/STM32F4xx_HAL_Driver/Src/stm32f4xx_hal_pwr.c.obj
LOAD CMakeFiles/STM32F4xProject.elf.dir/Drivers/STM32F4xx_HAL_Driver/Src/stm32f4xx_hal_pwr_ex.c.obj
LOAD CMakeFiles/STM32F4xProject.elf.dir/Drivers/STM32F4xx_HAL_Driver/Src/stm32f4xx_hal_rcc.c.obj
LOAD CMakeFiles/STM32F4xProject.elf.dir/Drivers/STM32F4xx_HAL_Driver/Src/stm32f4xx_hal_rcc_ex.c.obj
LOAD CMakeFiles/STM32F4xProject.elf.dir/Drivers/STM32F4xx_HAL_Driver/Src/stm32f4xx_hal_tim.c.obj
LOAD CMakeFiles/STM32F4xProject.elf.dir/Drivers/STM32F4xx_HAL_Driver/Src/stm32f4xx_hal_tim_ex.c.obj
LOAD CMakeFiles/STM32F4xProject.elf.dir/Drivers/STM32F4xx_HAL_Driver/Src/stm32f4xx_hal_uart.c.obj
START GROUP
LOAD d:/stm32/gcc-arm-none-eabi-10.3-2021.10/bin/../lib/gcc/arm-none-eabi/10.3.1/thumb/v7e-m/nofp\libgcc.a
LOAD d:/stm32/gcc-arm-none-eabi-10.3-2021.10/bin/../lib/gcc/arm-none-eabi/10.3.1/../../../../arm-none-eabi/lib/thumb/v7e-m/nofp\libg.a
LOAD d:/stm32/gcc-arm-none-eabi-10.3-2021.10/bin/../lib/gcc/arm-none-eabi/10.3.1/../../../../arm-none-eabi/lib/thumb/v7e-m/nofp\libc.a
END GROUP
LOAD d:/stm32/gcc-arm-none-eabi-10.3-2021.10/bin/../lib/gcc/arm-none-eabi/10.3.1/thumb/v7e-m/nofp/crtend.o
LOAD d:/stm32/gcc-arm-none-eabi-10.3-2021.10/bin/../lib/gcc/arm-none-eabi/10.3.1/thumb/v7e-m/nofp/crtn.o
                0x20020000                _estack = (ORIGIN (RAM) + LENGTH (RAM))
                0x00000200                _Min_Heap_Size = 0x200
                0x00000400                _Min_Stack_Size = 0x400

.isr_vector     0x08000000      0x188
                0x08000000                . = ALIGN (0x4)
 *(.isr_vector)
 .isr_vector    0x08000000      0x188 CMakeFiles/STM32F4xProject.elf.dir/Core/Startup/startup_stm32f407vetx.s.obj
                0x08000000                g_pfnVectors
                0x08000188                . = ALIGN (0x4)

.text           0x080001c0     0xa160
                0x080001c0                . = ALIGN (0x4)
 *(.text)
 .text          0x080001c0       0x40 d:/stm32/gcc-arm-none-eabi-10.3-2021.10/bin/../lib/gcc/arm-none-eabi/10.3.1/thumb/v7e-m/nofp/crtbegin.o
 .text          0x08000200      0x378 d:/stm32/gcc-arm-none-eabi-10.3-2021.10/bin/../lib/gcc/arm-none-eabi/10.3.1/thumb/v7e-m/nofp\libgcc.a(_arm_addsubdf3.o)
                0x08000200                __aeabi_drsub
                0x08000208                __aeabi_dsub
                0x08000208                __subdf3
                0x0800020c                __aeabi_dadd
                0x0800020c                __adddf3
                0x08000484                __floatunsidf
                0x08000484                __aeabi_ui2d
                0x080004a4                __floatsidf
                0x080004a4                __aeabi_i2d
                0x080004c8                __aeabi_f2d
                0x080004c8                __extendsfdf2
                0x0800050c                __floatundidf
                0x0800050c                __aeabi_ul2d
                0x0800051c                __floatdidf
                0x0800051c                __aeabi_l2d
 .text          0x08000578      0x424 d:/stm32/gcc-arm-none-eabi-10.3-2021.10/bin/../lib/gcc/arm-none-eabi/10.3.1/thumb/v7e-m/nofp\libgcc.a(_arm_muldivdf3.o)
                0x08000578                __aeabi_dmul
                0x08000578                __muldf3
                0x080007cc                __divdf3
                0x080007cc                __aeabi_ddiv
 .text          0x0800099c       0xa0 d:/stm32/gcc-arm-none-eabi-10.3-2021.10/bin/../lib/gcc/arm-none-eabi/10.3.1/thumb/v7e-m/nofp\libgcc.a(_arm_truncdfsf2.o)
                0x0800099c                __truncdfsf2
                0x0800099c                __aeabi_d2f
 .text          0x08000a3c      0x21c d:/stm32/gcc-arm-none-eabi-10.3-2021.10/bin/../lib/gcc/arm-none-eabi/10.3.1/thumb/v7e-m/nofp\libgcc.a(_arm_addsubsf3.o)
                0x08000a3c                __aeabi_frsub
                0x08000a44                __subsf3
                0x08000a44                __aeabi_fsub
                0x08000a48                __aeabi_fadd
                0x08000a48                __addsf3
                0x08000ba8                __aeabi_ui2f
                0x08000ba8                __floatunsisf
                0x08000bb0                __aeabi_i2f
                0x08000bb0                __floatsisf
                0x08000bcc                __aeabi_ul2f
                0x08000bcc                __floatundisf
                0x08000bdc                __aeabi_l2f
                0x08000bdc                __floatdisf
 .text          0x08000c58       0x40 d:/stm32/gcc-arm-none-eabi-10.3-2021.10/bin/../lib/gcc/arm-none-eabi/10.3.1/thumb/v7e-m/nofp\libgcc.a(_arm_fixunssfsi.o)
                0x08000c58                __fixunssfsi
                0x08000c58                __aeabi_f2uiz
 .text          0x08000c98       0x30 d:/stm32/gcc-arm-none-eabi-10.3-2021.10/bin/../lib/gcc/arm-none-eabi/10.3.1/thumb/v7e-m/nofp\libgcc.a(_aeabi_uldivmod.o)
                0x08000c98                __aeabi_uldivmod
 .text          0x08000cc8       0x3c d:/stm32/gcc-arm-none-eabi-10.3-2021.10/bin/../lib/gcc/arm-none-eabi/10.3.1/thumb/v7e-m/nofp\libgcc.a(_fixunsdfdi.o)
                0x08000cc8                __fixunsdfdi
                0x08000cc8                __aeabi_d2ulz
 .text          0x08000d04      0x2d0 d:/stm32/gcc-arm-none-eabi-10.3-2021.10/bin/../lib/gcc/arm-none-eabi/10.3.1/thumb/v7e-m/nofp\libgcc.a(_udivmoddi4.o)
                0x08000d04                __udivmoddi4
 .text          0x08000fd4        0x4 d:/stm32/gcc-arm-none-eabi-10.3-2021.10/bin/../lib/gcc/arm-none-eabi/10.3.1/thumb/v7e-m/nofp\libgcc.a(_dvmd_tls.o)
                0x08000fd4                __aeabi_idiv0
                0x08000fd4                __aeabi_ldiv0
 .text          0x08000fd8       0x40 d:/stm32/gcc-arm-none-eabi-10.3-2021.10/bin/../lib/gcc/arm-none-eabi/10.3.1/thumb/v7e-m/nofp\libgcc.a(_arm_fixunsdfsi.o)
                0x08000fd8                __aeabi_d2uiz
                0x08000fd8                __fixunsdfsi
 *fill*         0x08001018        0x8 
 .text          0x08001020       0xa0 d:/stm32/gcc-arm-none-eabi-10.3-2021.10/bin/../lib/gcc/arm-none-eabi/10.3.1/../../../../arm-none-eabi/lib/thumb/v7e-m/nofp\libg.a(lib_a-memchr.o)
                0x08001020                memchr
 .text          0x080010c0      0x134 d:/stm32/gcc-arm-none-eabi-10.3-2021.10/bin/../lib/gcc/arm-none-eabi/10.3.1/../../../../arm-none-eabi/lib/thumb/v7e-m/nofp\libg.a(lib_a-memcpy.o)
                0x080010c0                memcpy
 *fill*         0x080011f4        0xc 
 .text          0x08001200       0xdc d:/stm32/gcc-arm-none-eabi-10.3-2021.10/bin/../lib/gcc/arm-none-eabi/10.3.1/../../../../arm-none-eabi/lib/thumb/v7e-m/nofp\libg.a(lib_a-strlen.o)
                0x08001200                strlen
 .text          0x080012dc      0x110 d:/stm32/gcc-arm-none-eabi-10.3-2021.10/bin/../lib/gcc/arm-none-eabi/10.3.1/thumb/v7e-m/nofp\libgcc.a(_arm_cmpdf2.o)
                0x080012dc                __gtdf2
                0x080012dc                __gedf2
                0x080012e4                __ltdf2
                0x080012e4                __ledf2
                0x080012ec                __nedf2
                0x080012ec                __eqdf2
                0x080012ec                __cmpdf2
                0x08001368                __aeabi_cdrcmple
                0x08001378                __aeabi_cdcmpeq
                0x08001378                __aeabi_cdcmple
                0x08001388                __aeabi_dcmpeq
                0x0800139c                __aeabi_dcmplt
                0x080013b0                __aeabi_dcmple
                0x080013c4                __aeabi_dcmpge
                0x080013d8                __aeabi_dcmpgt
 .text          0x080013ec       0x2c d:/stm32/gcc-arm-none-eabi-10.3-2021.10/bin/../lib/gcc/arm-none-eabi/10.3.1/thumb/v7e-m/nofp\libgcc.a(_arm_unorddf2.o)
                0x080013ec                __unorddf2
                0x080013ec                __aeabi_dcmpun
 .text          0x08001418       0x50 d:/stm32/gcc-arm-none-eabi-10.3-2021.10/bin/../lib/gcc/arm-none-eabi/10.3.1/thumb/v7e-m/nofp\libgcc.a(_arm_fixdfsi.o)
                0x08001418                __aeabi_d2iz
                0x08001418                __fixdfsi
 *(.text*)
 .text.calcCrc  0x08001468       0x4e CMakeFiles/STM32F4xProject.elf.dir/App/TMC220xUart/tmc220xUart.c.obj
                0x08001468                calcCrc
 *fill*         0x080014b6        0x2 
 .text.stopMotor
                0x080014b8       0x20 CMakeFiles/STM32F4xProject.elf.dir/App/TMC220xUart/tmc220xUart.c.obj
                0x080014b8                stopMotor
 .text.startMotor
                0x080014d8       0x20 CMakeFiles/STM32F4xProject.elf.dir/App/TMC220xUart/tmc220xUart.c.obj
                0x080014d8                startMotor
 .text.uartWriteInt
                0x080014f8       0x7c CMakeFiles/STM32F4xProject.elf.dir/App/TMC220xUart/tmc220xUart.c.obj
                0x080014f8                uartWriteInt
 .text.moveStepUart
                0x08001574      0x120 CMakeFiles/STM32F4xProject.elf.dir/App/TMC220xUart/tmc220xUart.c.obj
                0x08001574                moveStepUart
 .text.moveToUART
                0x08001694       0xd8 CMakeFiles/STM32F4xProject.elf.dir/App/TMC220xUart/tmc220xUart.c.obj
                0x08001694                moveToUART
 .text.readReg  0x0800176c       0x6c CMakeFiles/STM32F4xProject.elf.dir/App/TMC220xUart/tmc220xUart.c.obj
                0x0800176c                readReg
 .text.clearGSTAT
                0x080017d8       0x18 CMakeFiles/STM32F4xProject.elf.dir/App/TMC220xUart/tmc220xUart.c.obj
                0x080017d8                clearGSTAT
 .text.fastLog2
                0x080017f0        0xe CMakeFiles/STM32F4xProject.elf.dir/App/TMC220xUart/tmc220xUart.c.obj
                0x080017f0                fastLog2
 .text.setSpreadCycle
                0x080017fe       0x22 CMakeFiles/STM32F4xProject.elf.dir/App/TMC220xUart/tmc220xUart.c.obj
                0x080017fe                setSpreadCycle
 .text.setStepResolutionRegSelect
                0x08001820       0x22 CMakeFiles/STM32F4xProject.elf.dir/App/TMC220xUart/tmc220xUart.c.obj
                0x08001820                setStepResolutionRegSelect
 *fill*         0x08001842        0x2 
 .text.setMicrosteppingResolution
                0x08001844       0x50 CMakeFiles/STM32F4xProject.elf.dir/App/TMC220xUart/tmc220xUart.c.obj
                0x08001844                setMicrosteppingResolution
 .text.setVactual
                0x08001894       0x28 CMakeFiles/STM32F4xProject.elf.dir/App/TMC220xUart/tmc220xUart.c.obj
                0x08001894                setVactual
 *fill*         0x080018bc        0x4 
 .text.setVactualRps
                0x080018c0       0x4c CMakeFiles/STM32F4xProject.elf.dir/App/TMC220xUart/tmc220xUart.c.obj
                0x080018c0                setVactualRps
 .text.setVactualRpm
                0x0800190c       0x20 CMakeFiles/STM32F4xProject.elf.dir/App/TMC220xUart/tmc220xUart.c.obj
                0x0800190c                setVactualRpm
 .text.stallGuard
                0x0800192c       0x2c CMakeFiles/STM32F4xProject.elf.dir/App/TMC220xUart/tmc220xUart.c.obj
                0x0800192c                stallGuard
 .text.initTMC2209
                0x08001958       0xb4 CMakeFiles/STM32F4xProject.elf.dir/App/TMC220xUart/tmc220xUart.c.obj
                0x08001958                initTMC2209
 .text.set_stop_flag
                0x08001a0c       0x1c CMakeFiles/STM32F4xProject.elf.dir/App/TMC220xUart/tmc220xUart.c.obj
                0x08001a0c                set_stop_flag
 .text.get_stop_flag
                0x08001a28       0x14 CMakeFiles/STM32F4xProject.elf.dir/App/TMC220xUart/tmc220xUart.c.obj
                0x08001a28                get_stop_flag
 .text.TMC220X_Callback
                0x08001a3c       0x3c CMakeFiles/STM32F4xProject.elf.dir/App/TMC220xUart/tmc220xUart.c.obj
                0x08001a3c                TMC220X_Callback
 .text.openHumidifier
                0x08001a78       0x38 CMakeFiles/STM32F4xProject.elf.dir/App/humidifier/humidifier.c.obj
                0x08001a78                openHumidifier
 .text.closeHumidifier
                0x08001ab0       0x58 CMakeFiles/STM32F4xProject.elf.dir/App/humidifier/humidifier.c.obj
                0x08001ab0                closeHumidifier
 .text.RetargetInit
                0x08001b08       0x20 CMakeFiles/STM32F4xProject.elf.dir/App/tools/tools.c.obj
                0x08001b08                RetargetInit
 .text.print    0x08001b28       0x50 CMakeFiles/STM32F4xProject.elf.dir/App/tools/tools.c.obj
                0x08001b28                print
 .text.delay_init
                0x08001b78       0x14 CMakeFiles/STM32F4xProject.elf.dir/App/tools/tools.c.obj
                0x08001b78                delay_init
 .text.delay_us
                0x08001b8c       0x40 CMakeFiles/STM32F4xProject.elf.dir/App/tools/tools.c.obj
                0x08001b8c                delay_us
 .text.MX_GPIO_Init
                0x08001bcc      0x19c CMakeFiles/STM32F4xProject.elf.dir/Core/Src/gpio.c.obj
                0x08001bcc                MX_GPIO_Init
 .text.HAL_GPIO_EXTI_Callback
                0x08001d68        0x8 CMakeFiles/STM32F4xProject.elf.dir/Core/Src/gpio.c.obj
                0x08001d68                HAL_GPIO_EXTI_Callback
 .text.Error_Handler
                0x08001d70        0x4 CMakeFiles/STM32F4xProject.elf.dir/Core/Src/main.c.obj
                0x08001d70                Error_Handler
 .text.SystemClock_Config
                0x08001d74       0xa8 CMakeFiles/STM32F4xProject.elf.dir/Core/Src/main.c.obj
                0x08001d74                SystemClock_Config
 .text.main     0x08001e1c       0xb8 CMakeFiles/STM32F4xProject.elf.dir/Core/Src/main.c.obj
                0x08001e1c                main
 .text.assert_failed
                0x08001ed4        0x2 CMakeFiles/STM32F4xProject.elf.dir/Core/Src/main.c.obj
                0x08001ed4                assert_failed
 *fill*         0x08001ed6        0x2 
 .text.HAL_MspInit
                0x08001ed8       0x38 CMakeFiles/STM32F4xProject.elf.dir/Core/Src/stm32f4xx_hal_msp.c.obj
                0x08001ed8                HAL_MspInit
 .text.NMI_Handler
                0x08001f10        0x2 CMakeFiles/STM32F4xProject.elf.dir/Core/Src/stm32f4xx_it.c.obj
                0x08001f10                NMI_Handler
 .text.HardFault_Handler
                0x08001f12        0x2 CMakeFiles/STM32F4xProject.elf.dir/Core/Src/stm32f4xx_it.c.obj
                0x08001f12                HardFault_Handler
 .text.MemManage_Handler
                0x08001f14        0x2 CMakeFiles/STM32F4xProject.elf.dir/Core/Src/stm32f4xx_it.c.obj
                0x08001f14                MemManage_Handler
 .text.BusFault_Handler
                0x08001f16        0x2 CMakeFiles/STM32F4xProject.elf.dir/Core/Src/stm32f4xx_it.c.obj
                0x08001f16                BusFault_Handler
 .text.UsageFault_Handler
                0x08001f18        0x2 CMakeFiles/STM32F4xProject.elf.dir/Core/Src/stm32f4xx_it.c.obj
                0x08001f18                UsageFault_Handler
 .text.SVC_Handler
                0x08001f1a        0x2 CMakeFiles/STM32F4xProject.elf.dir/Core/Src/stm32f4xx_it.c.obj
                0x08001f1a                SVC_Handler
 .text.DebugMon_Handler
                0x08001f1c        0x2 CMakeFiles/STM32F4xProject.elf.dir/Core/Src/stm32f4xx_it.c.obj
                0x08001f1c                DebugMon_Handler
 .text.PendSV_Handler
                0x08001f1e        0x2 CMakeFiles/STM32F4xProject.elf.dir/Core/Src/stm32f4xx_it.c.obj
                0x08001f1e                PendSV_Handler
 .text.SysTick_Handler
                0x08001f20        0x8 CMakeFiles/STM32F4xProject.elf.dir/Core/Src/stm32f4xx_it.c.obj
                0x08001f20                SysTick_Handler
 .text.EXTI0_IRQHandler
                0x08001f28        0xa CMakeFiles/STM32F4xProject.elf.dir/Core/Src/stm32f4xx_it.c.obj
                0x08001f28                EXTI0_IRQHandler
 .text.EXTI9_5_IRQHandler
                0x08001f32        0xa CMakeFiles/STM32F4xProject.elf.dir/Core/Src/stm32f4xx_it.c.obj
                0x08001f32                EXTI9_5_IRQHandler
 .text.USART2_IRQHandler
                0x08001f3c       0x10 CMakeFiles/STM32F4xProject.elf.dir/Core/Src/stm32f4xx_it.c.obj
                0x08001f3c                USART2_IRQHandler
 .text.USART3_IRQHandler
                0x08001f4c       0x10 CMakeFiles/STM32F4xProject.elf.dir/Core/Src/stm32f4xx_it.c.obj
                0x08001f4c                USART3_IRQHandler
 .text.TIM6_DAC_IRQHandler
                0x08001f5c       0x10 CMakeFiles/STM32F4xProject.elf.dir/Core/Src/stm32f4xx_it.c.obj
                0x08001f5c                TIM6_DAC_IRQHandler
 .text.TIM7_IRQHandler
                0x08001f6c       0x10 CMakeFiles/STM32F4xProject.elf.dir/Core/Src/stm32f4xx_it.c.obj
                0x08001f6c                TIM7_IRQHandler
 .text._getpid  0x08001f7c        0x4 CMakeFiles/STM32F4xProject.elf.dir/Core/Src/syscalls.c.obj
                0x08001f7c                _getpid
 .text._kill    0x08001f80       0x10 CMakeFiles/STM32F4xProject.elf.dir/Core/Src/syscalls.c.obj
                0x08001f80                _kill
 .text._exit    0x08001f90        0xc CMakeFiles/STM32F4xProject.elf.dir/Core/Src/syscalls.c.obj
                0x08001f90                _exit
 .text._read    0x08001f9c       0x20 CMakeFiles/STM32F4xProject.elf.dir/Core/Src/syscalls.c.obj
                0x08001f9c                _read
 .text._write   0x08001fbc       0x1c CMakeFiles/STM32F4xProject.elf.dir/Core/Src/syscalls.c.obj
                0x08001fbc                _write
 .text._close   0x08001fd8        0x6 CMakeFiles/STM32F4xProject.elf.dir/Core/Src/syscalls.c.obj
                0x08001fd8                _close
 .text._fstat   0x08001fde        0xa CMakeFiles/STM32F4xProject.elf.dir/Core/Src/syscalls.c.obj
                0x08001fde                _fstat
 .text._isatty  0x08001fe8        0x4 CMakeFiles/STM32F4xProject.elf.dir/Core/Src/syscalls.c.obj
                0x08001fe8                _isatty
 .text._lseek   0x08001fec        0x4 CMakeFiles/STM32F4xProject.elf.dir/Core/Src/syscalls.c.obj
                0x08001fec                _lseek
 .text._sbrk    0x08001ff0       0x48 CMakeFiles/STM32F4xProject.elf.dir/Core/Src/sysmem.c.obj
                0x08001ff0                _sbrk
 .text.SystemInit
                0x08002038        0x2 CMakeFiles/STM32F4xProject.elf.dir/Core/Src/system_stm32f4xx.c.obj
                0x08002038                SystemInit
 *fill*         0x0800203a        0x2 
 .text.MX_TIM6_Init
                0x0800203c       0x50 CMakeFiles/STM32F4xProject.elf.dir/Core/Src/tim.c.obj
                0x0800203c                MX_TIM6_Init
 .text.MX_TIM7_Init
                0x0800208c       0x50 CMakeFiles/STM32F4xProject.elf.dir/Core/Src/tim.c.obj
                0x0800208c                MX_TIM7_Init
 .text.HAL_TIM_Base_MspInit
                0x080020dc       0x74 CMakeFiles/STM32F4xProject.elf.dir/Core/Src/tim.c.obj
                0x080020dc                HAL_TIM_Base_MspInit
 .text.HAL_TIM_PeriodElapsedCallback
                0x08002150       0x88 CMakeFiles/STM32F4xProject.elf.dir/Core/Src/tim.c.obj
                0x08002150                HAL_TIM_PeriodElapsedCallback
 .text.MX_USART2_UART_Init
                0x080021d8       0x44 CMakeFiles/STM32F4xProject.elf.dir/Core/Src/usart.c.obj
                0x080021d8                MX_USART2_UART_Init
 .text.MX_USART3_UART_Init
                0x0800221c       0x34 CMakeFiles/STM32F4xProject.elf.dir/Core/Src/usart.c.obj
                0x0800221c                MX_USART3_UART_Init
 .text.MX_USART6_UART_Init
                0x08002250       0x34 CMakeFiles/STM32F4xProject.elf.dir/Core/Src/usart.c.obj
                0x08002250                MX_USART6_UART_Init
 .text.HAL_UART_MspInit
                0x08002284      0x138 CMakeFiles/STM32F4xProject.elf.dir/Core/Src/usart.c.obj
                0x08002284                HAL_UART_MspInit
 .text.HAL_UART_RxCpltCallback
                0x080023bc      0x110 CMakeFiles/STM32F4xProject.elf.dir/Core/Src/usart.c.obj
                0x080023bc                HAL_UART_RxCpltCallback
 .text.Reset_Handler
                0x080024cc       0x50 CMakeFiles/STM32F4xProject.elf.dir/Core/Startup/startup_stm32f407vetx.s.obj
                0x080024cc                Reset_Handler
 .text.Default_Handler
                0x0800251c        0x2 CMakeFiles/STM32F4xProject.elf.dir/Core/Startup/startup_stm32f407vetx.s.obj
                0x0800251c                RTC_Alarm_IRQHandler
                0x0800251c                HASH_RNG_IRQHandler
                0x0800251c                EXTI2_IRQHandler
                0x0800251c                TIM8_CC_IRQHandler
                0x0800251c                TIM1_CC_IRQHandler
                0x0800251c                DMA2_Stream5_IRQHandler
                0x0800251c                DMA1_Stream5_IRQHandler
                0x0800251c                PVD_IRQHandler
                0x0800251c                SDIO_IRQHandler
                0x0800251c                TAMP_STAMP_IRQHandler
                0x0800251c                CAN2_RX1_IRQHandler
                0x0800251c                EXTI3_IRQHandler
                0x0800251c                TIM8_TRG_COM_TIM14_IRQHandler
                0x0800251c                TIM1_UP_TIM10_IRQHandler
                0x0800251c                TIM8_UP_TIM13_IRQHandler
                0x0800251c                I2C3_ER_IRQHandler
                0x0800251c                I2C2_EV_IRQHandler
                0x0800251c                DMA1_Stream2_IRQHandler
                0x0800251c                CAN1_RX0_IRQHandler
                0x0800251c                FPU_IRQHandler
                0x0800251c                OTG_HS_WKUP_IRQHandler
                0x0800251c                CAN2_SCE_IRQHandler
                0x0800251c                DMA2_Stream2_IRQHandler
                0x0800251c                SPI1_IRQHandler
                0x0800251c                TIM1_BRK_TIM9_IRQHandler
                0x0800251c                DCMI_IRQHandler
                0x0800251c                CAN2_RX0_IRQHandler
                0x0800251c                DMA2_Stream3_IRQHandler
                0x0800251c                USART6_IRQHandler
                0x0800251c                CAN1_RX1_IRQHandler
                0x0800251c                UART5_IRQHandler
                0x0800251c                DMA2_Stream0_IRQHandler
                0x0800251c                TIM4_IRQHandler
                0x0800251c                I2C1_EV_IRQHandler
                0x0800251c                DMA1_Stream6_IRQHandler
                0x0800251c                DMA1_Stream1_IRQHandler
                0x0800251c                UART4_IRQHandler
                0x0800251c                TIM3_IRQHandler
                0x0800251c                RCC_IRQHandler
                0x0800251c                TIM8_BRK_TIM12_IRQHandler
                0x0800251c                Default_Handler
                0x0800251c                EXTI15_10_IRQHandler
                0x0800251c                ADC_IRQHandler
                0x0800251c                DMA1_Stream7_IRQHandler
                0x0800251c                CAN2_TX_IRQHandler
                0x0800251c                TIM5_IRQHandler
                0x0800251c                DMA2_Stream7_IRQHandler
                0x0800251c                I2C3_EV_IRQHandler
                0x0800251c                RTC_WKUP_IRQHandler
                0x0800251c                ETH_WKUP_IRQHandler
                0x0800251c                SPI2_IRQHandler
                0x0800251c                OTG_HS_EP1_IN_IRQHandler
                0x0800251c                DMA1_Stream0_IRQHandler
                0x0800251c                CAN1_TX_IRQHandler
                0x0800251c                EXTI4_IRQHandler
                0x0800251c                FSMC_IRQHandler
                0x0800251c                ETH_IRQHandler
                0x0800251c                OTG_HS_EP1_OUT_IRQHandler
                0x0800251c                WWDG_IRQHandler
                0x0800251c                TIM2_IRQHandler
                0x0800251c                OTG_FS_WKUP_IRQHandler
                0x0800251c                TIM1_TRG_COM_TIM11_IRQHandler
                0x0800251c                OTG_HS_IRQHandler
                0x0800251c                EXTI1_IRQHandler
                0x0800251c                I2C2_ER_IRQHandler
                0x0800251c                DMA2_Stream1_IRQHandler
                0x0800251c                CAN1_SCE_IRQHandler
                0x0800251c                FLASH_IRQHandler
                0x0800251c                DMA2_Stream4_IRQHandler
                0x0800251c                USART1_IRQHandler
                0x0800251c                OTG_FS_IRQHandler
                0x0800251c                SPI3_IRQHandler
                0x0800251c                DMA1_Stream4_IRQHandler
                0x0800251c                I2C1_ER_IRQHandler
                0x0800251c                DMA2_Stream6_IRQHandler
                0x0800251c                DMA1_Stream3_IRQHandler
 *fill*         0x0800251e        0x2 
 .text.HAL_InitTick
                0x08002520       0x4c CMakeFiles/STM32F4xProject.elf.dir/Drivers/STM32F4xx_HAL_Driver/Src/stm32f4xx_hal.c.obj
                0x08002520                HAL_InitTick
 .text.HAL_Init
                0x0800256c       0x34 CMakeFiles/STM32F4xProject.elf.dir/Drivers/STM32F4xx_HAL_Driver/Src/stm32f4xx_hal.c.obj
                0x0800256c                HAL_Init
 .text.HAL_IncTick
                0x080025a0       0x18 CMakeFiles/STM32F4xProject.elf.dir/Drivers/STM32F4xx_HAL_Driver/Src/stm32f4xx_hal.c.obj
                0x080025a0                HAL_IncTick
 .text.HAL_GetTick
                0x080025b8        0xc CMakeFiles/STM32F4xProject.elf.dir/Drivers/STM32F4xx_HAL_Driver/Src/stm32f4xx_hal.c.obj
                0x080025b8                HAL_GetTick
 .text.HAL_Delay
                0x080025c4       0x28 CMakeFiles/STM32F4xProject.elf.dir/Drivers/STM32F4xx_HAL_Driver/Src/stm32f4xx_hal.c.obj
                0x080025c4                HAL_Delay
 .text.HAL_NVIC_SetPriorityGrouping
                0x080025ec       0x3c CMakeFiles/STM32F4xProject.elf.dir/Drivers/STM32F4xx_HAL_Driver/Src/stm32f4xx_hal_cortex.c.obj
                0x080025ec                HAL_NVIC_SetPriorityGrouping
 .text.HAL_NVIC_SetPriority
                0x08002628       0x8c CMakeFiles/STM32F4xProject.elf.dir/Drivers/STM32F4xx_HAL_Driver/Src/stm32f4xx_hal_cortex.c.obj
                0x08002628                HAL_NVIC_SetPriority
 .text.HAL_NVIC_EnableIRQ
                0x080026b4       0x30 CMakeFiles/STM32F4xProject.elf.dir/Drivers/STM32F4xx_HAL_Driver/Src/stm32f4xx_hal_cortex.c.obj
                0x080026b4                HAL_NVIC_EnableIRQ
 .text.HAL_SYSTICK_Config
                0x080026e4       0x28 CMakeFiles/STM32F4xProject.elf.dir/Drivers/STM32F4xx_HAL_Driver/Src/stm32f4xx_hal_cortex.c.obj
                0x080026e4                HAL_SYSTICK_Config
 .text.HAL_SYSTICK_CLKSourceConfig
                0x0800270c       0x3c CMakeFiles/STM32F4xProject.elf.dir/Drivers/STM32F4xx_HAL_Driver/Src/stm32f4xx_hal_cortex.c.obj
                0x0800270c                HAL_SYSTICK_CLKSourceConfig
 .text.HAL_DMA_Abort
                0x08002748       0x94 CMakeFiles/STM32F4xProject.elf.dir/Drivers/STM32F4xx_HAL_Driver/Src/stm32f4xx_hal_dma.c.obj
                0x08002748                HAL_DMA_Abort
 .text.HAL_DMA_Abort_IT
                0x080027dc       0x26 CMakeFiles/STM32F4xProject.elf.dir/Drivers/STM32F4xx_HAL_Driver/Src/stm32f4xx_hal_dma.c.obj
                0x080027dc                HAL_DMA_Abort_IT
 *fill*         0x08002802        0x2 
 .text.HAL_GPIO_Init
                0x08002804      0x2f0 CMakeFiles/STM32F4xProject.elf.dir/Drivers/STM32F4xx_HAL_Driver/Src/stm32f4xx_hal_gpio.c.obj
                0x08002804                HAL_GPIO_Init
 .text.HAL_GPIO_WritePin
                0x08002af4       0x38 CMakeFiles/STM32F4xProject.elf.dir/Drivers/STM32F4xx_HAL_Driver/Src/stm32f4xx_hal_gpio.c.obj
                0x08002af4                HAL_GPIO_WritePin
 .text.HAL_GPIO_EXTI_IRQHandler
                0x08002b2c       0x1c CMakeFiles/STM32F4xProject.elf.dir/Drivers/STM32F4xx_HAL_Driver/Src/stm32f4xx_hal_gpio.c.obj
                0x08002b2c                HAL_GPIO_EXTI_IRQHandler
 .text.HAL_RCC_OscConfig
                0x08002b48      0x4fc CMakeFiles/STM32F4xProject.elf.dir/Drivers/STM32F4xx_HAL_Driver/Src/stm32f4xx_hal_rcc.c.obj
                0x08002b48                HAL_RCC_OscConfig
 .text.HAL_RCC_GetSysClockFreq
                0x08003044       0xd4 CMakeFiles/STM32F4xProject.elf.dir/Drivers/STM32F4xx_HAL_Driver/Src/stm32f4xx_hal_rcc.c.obj
                0x08003044                HAL_RCC_GetSysClockFreq
 .text.HAL_RCC_ClockConfig
                0x08003118      0x21c CMakeFiles/STM32F4xProject.elf.dir/Drivers/STM32F4xx_HAL_Driver/Src/stm32f4xx_hal_rcc.c.obj
                0x08003118                HAL_RCC_ClockConfig
 .text.HAL_RCC_GetHCLKFreq
                0x08003334        0xc CMakeFiles/STM32F4xProject.elf.dir/Drivers/STM32F4xx_HAL_Driver/Src/stm32f4xx_hal_rcc.c.obj
                0x08003334                HAL_RCC_GetHCLKFreq
 .text.HAL_RCC_GetPCLK1Freq
                0x08003340       0x20 CMakeFiles/STM32F4xProject.elf.dir/Drivers/STM32F4xx_HAL_Driver/Src/stm32f4xx_hal_rcc.c.obj
                0x08003340                HAL_RCC_GetPCLK1Freq
 .text.HAL_RCC_GetPCLK2Freq
                0x08003360       0x20 CMakeFiles/STM32F4xProject.elf.dir/Drivers/STM32F4xx_HAL_Driver/Src/stm32f4xx_hal_rcc.c.obj
                0x08003360                HAL_RCC_GetPCLK2Freq
 .text.HAL_TIM_Base_Start_IT
                0x08003380      0x108 CMakeFiles/STM32F4xProject.elf.dir/Drivers/STM32F4xx_HAL_Driver/Src/stm32f4xx_hal_tim.c.obj
                0x08003380                HAL_TIM_Base_Start_IT
 .text.HAL_TIM_OC_DelayElapsedCallback
                0x08003488        0x2 CMakeFiles/STM32F4xProject.elf.dir/Drivers/STM32F4xx_HAL_Driver/Src/stm32f4xx_hal_tim.c.obj
                0x08003488                HAL_TIM_OC_DelayElapsedCallback
 .text.HAL_TIM_IC_CaptureCallback
                0x0800348a        0x2 CMakeFiles/STM32F4xProject.elf.dir/Drivers/STM32F4xx_HAL_Driver/Src/stm32f4xx_hal_tim.c.obj
                0x0800348a                HAL_TIM_IC_CaptureCallback
 .text.HAL_TIM_PWM_PulseFinishedCallback
                0x0800348c        0x2 CMakeFiles/STM32F4xProject.elf.dir/Drivers/STM32F4xx_HAL_Driver/Src/stm32f4xx_hal_tim.c.obj
                0x0800348c                HAL_TIM_PWM_PulseFinishedCallback
 .text.HAL_TIM_TriggerCallback
                0x0800348e        0x2 CMakeFiles/STM32F4xProject.elf.dir/Drivers/STM32F4xx_HAL_Driver/Src/stm32f4xx_hal_tim.c.obj
                0x0800348e                HAL_TIM_TriggerCallback
 .text.HAL_TIM_IRQHandler
                0x08003490      0x17a CMakeFiles/STM32F4xProject.elf.dir/Drivers/STM32F4xx_HAL_Driver/Src/stm32f4xx_hal_tim.c.obj
                0x08003490                HAL_TIM_IRQHandler
 *fill*         0x0800360a        0x2 
 .text.TIM_Base_SetConfig
                0x0800360c       0xc8 CMakeFiles/STM32F4xProject.elf.dir/Drivers/STM32F4xx_HAL_Driver/Src/stm32f4xx_hal_tim.c.obj
                0x0800360c                TIM_Base_SetConfig
 .text.HAL_TIM_Base_Init
                0x080036d4      0x130 CMakeFiles/STM32F4xProject.elf.dir/Drivers/STM32F4xx_HAL_Driver/Src/stm32f4xx_hal_tim.c.obj
                0x080036d4                HAL_TIM_Base_Init
 .text.HAL_TIMEx_MasterConfigSynchronization
                0x08003804      0x118 CMakeFiles/STM32F4xProject.elf.dir/Drivers/STM32F4xx_HAL_Driver/Src/stm32f4xx_hal_tim_ex.c.obj
                0x08003804                HAL_TIMEx_MasterConfigSynchronization
 .text.HAL_TIMEx_CommutCallback
                0x0800391c        0x2 CMakeFiles/STM32F4xProject.elf.dir/Drivers/STM32F4xx_HAL_Driver/Src/stm32f4xx_hal_tim_ex.c.obj
                0x0800391c                HAL_TIMEx_CommutCallback
 .text.HAL_TIMEx_BreakCallback
                0x0800391e        0x2 CMakeFiles/STM32F4xProject.elf.dir/Drivers/STM32F4xx_HAL_Driver/Src/stm32f4xx_hal_tim_ex.c.obj
                0x0800391e                HAL_TIMEx_BreakCallback
 .text.UART_EndRxTransfer
                0x08003920       0x5c CMakeFiles/STM32F4xProject.elf.dir/Drivers/STM32F4xx_HAL_Driver/Src/stm32f4xx_hal_uart.c.obj
 .text.UART_Transmit_IT
                0x0800397c       0x60 CMakeFiles/STM32F4xProject.elf.dir/Drivers/STM32F4xx_HAL_Driver/Src/stm32f4xx_hal_uart.c.obj
 .text.UART_SetConfig
                0x080039dc      0x174 CMakeFiles/STM32F4xProject.elf.dir/Drivers/STM32F4xx_HAL_Driver/Src/stm32f4xx_hal_uart.c.obj
 .text.UART_WaitOnFlagUntilTimeout
                0x08003b50       0x88 CMakeFiles/STM32F4xProject.elf.dir/Drivers/STM32F4xx_HAL_Driver/Src/stm32f4xx_hal_uart.c.obj
 .text.HAL_UART_Init
                0x08003bd8      0x128 CMakeFiles/STM32F4xProject.elf.dir/Drivers/STM32F4xx_HAL_Driver/Src/stm32f4xx_hal_uart.c.obj
                0x08003bd8                HAL_UART_Init
 .text.HAL_UART_Transmit
                0x08003d00       0xd8 CMakeFiles/STM32F4xProject.elf.dir/Drivers/STM32F4xx_HAL_Driver/Src/stm32f4xx_hal_uart.c.obj
                0x08003d00                HAL_UART_Transmit
 .text.HAL_UART_TxCpltCallback
                0x08003dd8        0x2 CMakeFiles/STM32F4xProject.elf.dir/Drivers/STM32F4xx_HAL_Driver/Src/stm32f4xx_hal_uart.c.obj
                0x08003dd8                HAL_UART_TxCpltCallback
 .text.UART_EndTransmit_IT
                0x08003dda       0x1a CMakeFiles/STM32F4xProject.elf.dir/Drivers/STM32F4xx_HAL_Driver/Src/stm32f4xx_hal_uart.c.obj
 .text.HAL_UART_ErrorCallback
                0x08003df4        0x2 CMakeFiles/STM32F4xProject.elf.dir/Drivers/STM32F4xx_HAL_Driver/Src/stm32f4xx_hal_uart.c.obj
                0x08003df4                HAL_UART_ErrorCallback
 .text.UART_DMAAbortOnError
                0x08003df6       0x10 CMakeFiles/STM32F4xProject.elf.dir/Drivers/STM32F4xx_HAL_Driver/Src/stm32f4xx_hal_uart.c.obj
 .text.HAL_UARTEx_RxEventCallback
                0x08003e06        0x2 CMakeFiles/STM32F4xProject.elf.dir/Drivers/STM32F4xx_HAL_Driver/Src/stm32f4xx_hal_uart.c.obj
                0x08003e06                HAL_UARTEx_RxEventCallback
 .text.UART_Receive_IT
                0x08003e08       0xe2 CMakeFiles/STM32F4xProject.elf.dir/Drivers/STM32F4xx_HAL_Driver/Src/stm32f4xx_hal_uart.c.obj
 *fill*         0x08003eea        0x2 
 .text.HAL_UART_IRQHandler
                0x08003eec      0x280 CMakeFiles/STM32F4xProject.elf.dir/Drivers/STM32F4xx_HAL_Driver/Src/stm32f4xx_hal_uart.c.obj
                0x08003eec                HAL_UART_IRQHandler
 .text.UART_Start_Receive_IT
                0x0800416c       0x3a CMakeFiles/STM32F4xProject.elf.dir/Drivers/STM32F4xx_HAL_Driver/Src/stm32f4xx_hal_uart.c.obj
                0x0800416c                UART_Start_Receive_IT
 .text.HAL_UART_Receive_IT
                0x080041a6       0x38 CMakeFiles/STM32F4xProject.elf.dir/Drivers/STM32F4xx_HAL_Driver/Src/stm32f4xx_hal_uart.c.obj
                0x080041a6                HAL_UART_Receive_IT
 *fill*         0x080041de        0x2 
 .text.__errno  0x080041e0        0xc d:/stm32/gcc-arm-none-eabi-10.3-2021.10/bin/../lib/gcc/arm-none-eabi/10.3.1/../../../../arm-none-eabi/lib/thumb/v7e-m/nofp\libg.a(lib_a-errno.o)
                0x080041e0                __errno
 .text.__libc_init_array
                0x080041ec       0x48 d:/stm32/gcc-arm-none-eabi-10.3-2021.10/bin/../lib/gcc/arm-none-eabi/10.3.1/../../../../arm-none-eabi/lib/thumb/v7e-m/nofp\libg.a(lib_a-init.o)
                0x080041ec                __libc_init_array
 .text.memset   0x08004234       0xa4 d:/stm32/gcc-arm-none-eabi-10.3-2021.10/bin/../lib/gcc/arm-none-eabi/10.3.1/../../../../arm-none-eabi/lib/thumb/v7e-m/nofp\libg.a(lib_a-memset.o)
                0x08004234                memset
 .text.setvbuf  0x080042d8      0x1b0 d:/stm32/gcc-arm-none-eabi-10.3-2021.10/bin/../lib/gcc/arm-none-eabi/10.3.1/../../../../arm-none-eabi/lib/thumb/v7e-m/nofp\libg.a(lib_a-setvbuf.o)
                0x080042d8                setvbuf
 .text.vsprintf
                0x08004488       0x38 d:/stm32/gcc-arm-none-eabi-10.3-2021.10/bin/../lib/gcc/arm-none-eabi/10.3.1/../../../../arm-none-eabi/lib/thumb/v7e-m/nofp\libg.a(lib_a-vsprintf.o)
                0x08004488                vsprintf
 .text.startup.register_fini
                0x080044c0       0x14 d:/stm32/gcc-arm-none-eabi-10.3-2021.10/bin/../lib/gcc/arm-none-eabi/10.3.1/../../../../arm-none-eabi/lib/thumb/v7e-m/nofp\libg.a(lib_a-__call_atexit.o)
 .text.atexit   0x080044d4        0xc d:/stm32/gcc-arm-none-eabi-10.3-2021.10/bin/../lib/gcc/arm-none-eabi/10.3.1/../../../../arm-none-eabi/lib/thumb/v7e-m/nofp\libg.a(lib_a-atexit.o)
                0x080044d4                atexit
 .text.__sflush_r
                0x080044e0      0x120 d:/stm32/gcc-arm-none-eabi-10.3-2021.10/bin/../lib/gcc/arm-none-eabi/10.3.1/../../../../arm-none-eabi/lib/thumb/v7e-m/nofp\libg.a(lib_a-fflush.o)
                0x080044e0                __sflush_r
 .text._fflush_r
                0x08004600       0x5c d:/stm32/gcc-arm-none-eabi-10.3-2021.10/bin/../lib/gcc/arm-none-eabi/10.3.1/../../../../arm-none-eabi/lib/thumb/v7e-m/nofp\libg.a(lib_a-fflush.o)
                0x08004600                _fflush_r
 .text._cleanup_r
                0x0800465c        0xc d:/stm32/gcc-arm-none-eabi-10.3-2021.10/bin/../lib/gcc/arm-none-eabi/10.3.1/../../../../arm-none-eabi/lib/thumb/v7e-m/nofp\libg.a(lib_a-findfp.o)
                0x0800465c                _cleanup_r
 .text.__sinit  0x08004668      0x10c d:/stm32/gcc-arm-none-eabi-10.3-2021.10/bin/../lib/gcc/arm-none-eabi/10.3.1/../../../../arm-none-eabi/lib/thumb/v7e-m/nofp\libg.a(lib_a-findfp.o)
                0x08004668                __sinit
 .text.__sfp_lock_acquire
                0x08004774        0xc d:/stm32/gcc-arm-none-eabi-10.3-2021.10/bin/../lib/gcc/arm-none-eabi/10.3.1/../../../../arm-none-eabi/lib/thumb/v7e-m/nofp\libg.a(lib_a-findfp.o)
                0x08004774                __sfp_lock_acquire
 .text.__sfp_lock_release
                0x08004780        0xc d:/stm32/gcc-arm-none-eabi-10.3-2021.10/bin/../lib/gcc/arm-none-eabi/10.3.1/../../../../arm-none-eabi/lib/thumb/v7e-m/nofp\libg.a(lib_a-findfp.o)
                0x08004780                __sfp_lock_release
 .text.__libc_fini_array
                0x0800478c       0x2c d:/stm32/gcc-arm-none-eabi-10.3-2021.10/bin/../lib/gcc/arm-none-eabi/10.3.1/../../../../arm-none-eabi/lib/thumb/v7e-m/nofp\libg.a(lib_a-fini.o)
                0x0800478c                __libc_fini_array
 .text._malloc_trim_r
                0x080047b8       0xa0 d:/stm32/gcc-arm-none-eabi-10.3-2021.10/bin/../lib/gcc/arm-none-eabi/10.3.1/../../../../arm-none-eabi/lib/thumb/v7e-m/nofp\libg.a(lib_a-freer.o)
                0x080047b8                _malloc_trim_r
 .text._free_r  0x08004858      0x20c d:/stm32/gcc-arm-none-eabi-10.3-2021.10/bin/../lib/gcc/arm-none-eabi/10.3.1/../../../../arm-none-eabi/lib/thumb/v7e-m/nofp\libg.a(lib_a-freer.o)
                0x08004858                _free_r
 .text._fwalk_reent
                0x08004a64       0x48 d:/stm32/gcc-arm-none-eabi-10.3-2021.10/bin/../lib/gcc/arm-none-eabi/10.3.1/../../../../arm-none-eabi/lib/thumb/v7e-m/nofp\libg.a(lib_a-fwalk.o)
                0x08004a64                _fwalk_reent
 .text.__retarget_lock_init_recursive
                0x08004aac        0x4 d:/stm32/gcc-arm-none-eabi-10.3-2021.10/bin/../lib/gcc/arm-none-eabi/10.3.1/../../../../arm-none-eabi/lib/thumb/v7e-m/nofp\libg.a(lib_a-lock.o)
                0x08004aac                __retarget_lock_init_recursive
 .text.__retarget_lock_close_recursive
                0x08004ab0        0x4 d:/stm32/gcc-arm-none-eabi-10.3-2021.10/bin/../lib/gcc/arm-none-eabi/10.3.1/../../../../arm-none-eabi/lib/thumb/v7e-m/nofp\libg.a(lib_a-lock.o)
                0x08004ab0                __retarget_lock_close_recursive
 .text.__retarget_lock_acquire_recursive
                0x08004ab4        0x4 d:/stm32/gcc-arm-none-eabi-10.3-2021.10/bin/../lib/gcc/arm-none-eabi/10.3.1/../../../../arm-none-eabi/lib/thumb/v7e-m/nofp\libg.a(lib_a-lock.o)
                0x08004ab4                __retarget_lock_acquire_recursive
 .text.__retarget_lock_release_recursive
                0x08004ab8        0x4 d:/stm32/gcc-arm-none-eabi-10.3-2021.10/bin/../lib/gcc/arm-none-eabi/10.3.1/../../../../arm-none-eabi/lib/thumb/v7e-m/nofp\libg.a(lib_a-lock.o)
                0x08004ab8                __retarget_lock_release_recursive
 .text.__smakebuf_r
                0x08004abc       0xe0 d:/stm32/gcc-arm-none-eabi-10.3-2021.10/bin/../lib/gcc/arm-none-eabi/10.3.1/../../../../arm-none-eabi/lib/thumb/v7e-m/nofp\libg.a(lib_a-makebuf.o)
                0x08004abc                __smakebuf_r
 .text.__swhatbuf_r
                0x08004b9c       0x60 d:/stm32/gcc-arm-none-eabi-10.3-2021.10/bin/../lib/gcc/arm-none-eabi/10.3.1/../../../../arm-none-eabi/lib/thumb/v7e-m/nofp\libg.a(lib_a-makebuf.o)
                0x08004b9c                __swhatbuf_r
 .text.malloc   0x08004bfc       0x10 d:/stm32/gcc-arm-none-eabi-10.3-2021.10/bin/../lib/gcc/arm-none-eabi/10.3.1/../../../../arm-none-eabi/lib/thumb/v7e-m/nofp\libg.a(lib_a-malloc.o)
                0x08004bfc                malloc
 .text._malloc_r
                0x08004c0c      0x560 d:/stm32/gcc-arm-none-eabi-10.3-2021.10/bin/../lib/gcc/arm-none-eabi/10.3.1/../../../../arm-none-eabi/lib/thumb/v7e-m/nofp\libg.a(lib_a-mallocr.o)
                0x08004c0c                _malloc_r
 .text.__malloc_lock
                0x0800516c        0xc d:/stm32/gcc-arm-none-eabi-10.3-2021.10/bin/../lib/gcc/arm-none-eabi/10.3.1/../../../../arm-none-eabi/lib/thumb/v7e-m/nofp\libg.a(lib_a-mlock.o)
                0x0800516c                __malloc_lock
 .text.__malloc_unlock
                0x08005178        0xc d:/stm32/gcc-arm-none-eabi-10.3-2021.10/bin/../lib/gcc/arm-none-eabi/10.3.1/../../../../arm-none-eabi/lib/thumb/v7e-m/nofp\libg.a(lib_a-mlock.o)
                0x08005178                __malloc_unlock
 .text._sbrk_r  0x08005184       0x24 d:/stm32/gcc-arm-none-eabi-10.3-2021.10/bin/../lib/gcc/arm-none-eabi/10.3.1/../../../../arm-none-eabi/lib/thumb/v7e-m/nofp\libg.a(lib_a-sbrkr.o)
                0x08005184                _sbrk_r
 .text.__sread  0x080051a8       0x24 d:/stm32/gcc-arm-none-eabi-10.3-2021.10/bin/../lib/gcc/arm-none-eabi/10.3.1/../../../../arm-none-eabi/lib/thumb/v7e-m/nofp\libg.a(lib_a-stdio.o)
                0x080051a8                __sread
 .text.__swrite
                0x080051cc       0x40 d:/stm32/gcc-arm-none-eabi-10.3-2021.10/bin/../lib/gcc/arm-none-eabi/10.3.1/../../../../arm-none-eabi/lib/thumb/v7e-m/nofp\libg.a(lib_a-stdio.o)
                0x080051cc                __swrite
 .text.__sseek  0x0800520c       0x20 d:/stm32/gcc-arm-none-eabi-10.3-2021.10/bin/../lib/gcc/arm-none-eabi/10.3.1/../../../../arm-none-eabi/lib/thumb/v7e-m/nofp\libg.a(lib_a-stdio.o)
                0x0800520c                __sseek
 .text.__sclose
                0x0800522c        0x8 d:/stm32/gcc-arm-none-eabi-10.3-2021.10/bin/../lib/gcc/arm-none-eabi/10.3.1/../../../../arm-none-eabi/lib/thumb/v7e-m/nofp\libg.a(lib_a-stdio.o)
                0x0800522c                __sclose
 .text._svfprintf_r
                0x08005234     0x1a3c d:/stm32/gcc-arm-none-eabi-10.3-2021.10/bin/../lib/gcc/arm-none-eabi/10.3.1/../../../../arm-none-eabi/lib/thumb/v7e-m/nofp\libg.a(lib_a-svfprintf.o)
                0x08005234                _svfprintf_r
 .text._write_r
                0x08006c70       0x2c d:/stm32/gcc-arm-none-eabi-10.3-2021.10/bin/../lib/gcc/arm-none-eabi/10.3.1/../../../../arm-none-eabi/lib/thumb/v7e-m/nofp\libg.a(lib_a-writer.o)
                0x08006c70                _write_r
 .text.__register_exitproc
                0x08006c9c       0x8c d:/stm32/gcc-arm-none-eabi-10.3-2021.10/bin/../lib/gcc/arm-none-eabi/10.3.1/../../../../arm-none-eabi/lib/thumb/v7e-m/nofp\libg.a(lib_a-__atexit.o)
                0x08006c9c                __register_exitproc
 .text._close_r
                0x08006d28       0x24 d:/stm32/gcc-arm-none-eabi-10.3-2021.10/bin/../lib/gcc/arm-none-eabi/10.3.1/../../../../arm-none-eabi/lib/thumb/v7e-m/nofp\libg.a(lib_a-closer.o)
                0x08006d28                _close_r
 .text.quorem   0x08006d4c      0x124 d:/stm32/gcc-arm-none-eabi-10.3-2021.10/bin/../lib/gcc/arm-none-eabi/10.3.1/../../../../arm-none-eabi/lib/thumb/v7e-m/nofp\libg.a(lib_a-dtoa.o)
 .text._dtoa_r  0x08006e70      0xec4 d:/stm32/gcc-arm-none-eabi-10.3-2021.10/bin/../lib/gcc/arm-none-eabi/10.3.1/../../../../arm-none-eabi/lib/thumb/v7e-m/nofp\libg.a(lib_a-dtoa.o)
                0x08006e70                _dtoa_r
 .text._fclose_r
                0x08007d34       0xcc d:/stm32/gcc-arm-none-eabi-10.3-2021.10/bin/../lib/gcc/arm-none-eabi/10.3.1/../../../../arm-none-eabi/lib/thumb/v7e-m/nofp\libg.a(lib_a-fclose.o)
                0x08007d34                _fclose_r
 .text._fstat_r
                0x08007e00       0x2c d:/stm32/gcc-arm-none-eabi-10.3-2021.10/bin/../lib/gcc/arm-none-eabi/10.3.1/../../../../arm-none-eabi/lib/thumb/v7e-m/nofp\libg.a(lib_a-fstatr.o)
                0x08007e00                _fstat_r
 .text._isatty_r
                0x08007e2c       0x24 d:/stm32/gcc-arm-none-eabi-10.3-2021.10/bin/../lib/gcc/arm-none-eabi/10.3.1/../../../../arm-none-eabi/lib/thumb/v7e-m/nofp\libg.a(lib_a-isattyr.o)
                0x08007e2c                _isatty_r
 .text._localeconv_r
                0x08007e50        0x8 d:/stm32/gcc-arm-none-eabi-10.3-2021.10/bin/../lib/gcc/arm-none-eabi/10.3.1/../../../../arm-none-eabi/lib/thumb/v7e-m/nofp\libg.a(lib_a-localeconv.o)
                0x08007e50                _localeconv_r
 .text._lseek_r
                0x08007e58       0x2c d:/stm32/gcc-arm-none-eabi-10.3-2021.10/bin/../lib/gcc/arm-none-eabi/10.3.1/../../../../arm-none-eabi/lib/thumb/v7e-m/nofp\libg.a(lib_a-lseekr.o)
                0x08007e58                _lseek_r
 .text._Balloc  0x08007e84       0x4c d:/stm32/gcc-arm-none-eabi-10.3-2021.10/bin/../lib/gcc/arm-none-eabi/10.3.1/../../../../arm-none-eabi/lib/thumb/v7e-m/nofp\libg.a(lib_a-mprec.o)
                0x08007e84                _Balloc
 .text._Bfree   0x08007ed0       0x14 d:/stm32/gcc-arm-none-eabi-10.3-2021.10/bin/../lib/gcc/arm-none-eabi/10.3.1/../../../../arm-none-eabi/lib/thumb/v7e-m/nofp\libg.a(lib_a-mprec.o)
                0x08007ed0                _Bfree
 .text.__multadd
                0x08007ee4       0xa0 d:/stm32/gcc-arm-none-eabi-10.3-2021.10/bin/../lib/gcc/arm-none-eabi/10.3.1/../../../../arm-none-eabi/lib/thumb/v7e-m/nofp\libg.a(lib_a-mprec.o)
                0x08007ee4                __multadd
 .text.__hi0bits
                0x08007f84       0x40 d:/stm32/gcc-arm-none-eabi-10.3-2021.10/bin/../lib/gcc/arm-none-eabi/10.3.1/../../../../arm-none-eabi/lib/thumb/v7e-m/nofp\libg.a(lib_a-mprec.o)
                0x08007f84                __hi0bits
 .text.__lo0bits
                0x08007fc4       0x5c d:/stm32/gcc-arm-none-eabi-10.3-2021.10/bin/../lib/gcc/arm-none-eabi/10.3.1/../../../../arm-none-eabi/lib/thumb/v7e-m/nofp\libg.a(lib_a-mprec.o)
                0x08007fc4                __lo0bits
 .text.__i2b    0x08008020       0x5c d:/stm32/gcc-arm-none-eabi-10.3-2021.10/bin/../lib/gcc/arm-none-eabi/10.3.1/../../../../arm-none-eabi/lib/thumb/v7e-m/nofp\libg.a(lib_a-mprec.o)
                0x08008020                __i2b
 .text.__multiply
                0x0800807c      0x15c d:/stm32/gcc-arm-none-eabi-10.3-2021.10/bin/../lib/gcc/arm-none-eabi/10.3.1/../../../../arm-none-eabi/lib/thumb/v7e-m/nofp\libg.a(lib_a-mprec.o)
                0x0800807c                __multiply
 .text.__pow5mult
                0x080081d8       0xc0 d:/stm32/gcc-arm-none-eabi-10.3-2021.10/bin/../lib/gcc/arm-none-eabi/10.3.1/../../../../arm-none-eabi/lib/thumb/v7e-m/nofp\libg.a(lib_a-mprec.o)
                0x080081d8                __pow5mult
 .text.__lshift
                0x08008298       0xf0 d:/stm32/gcc-arm-none-eabi-10.3-2021.10/bin/../lib/gcc/arm-none-eabi/10.3.1/../../../../arm-none-eabi/lib/thumb/v7e-m/nofp\libg.a(lib_a-mprec.o)
                0x08008298                __lshift
 .text.__mcmp   0x08008388       0x40 d:/stm32/gcc-arm-none-eabi-10.3-2021.10/bin/../lib/gcc/arm-none-eabi/10.3.1/../../../../arm-none-eabi/lib/thumb/v7e-m/nofp\libg.a(lib_a-mprec.o)
                0x08008388                __mcmp
 .text.__mdiff  0x080083c8      0x14c d:/stm32/gcc-arm-none-eabi-10.3-2021.10/bin/../lib/gcc/arm-none-eabi/10.3.1/../../../../arm-none-eabi/lib/thumb/v7e-m/nofp\libg.a(lib_a-mprec.o)
                0x080083c8                __mdiff
 .text.__d2b    0x08008514       0xc4 d:/stm32/gcc-arm-none-eabi-10.3-2021.10/bin/../lib/gcc/arm-none-eabi/10.3.1/../../../../arm-none-eabi/lib/thumb/v7e-m/nofp\libg.a(lib_a-mprec.o)
                0x08008514                __d2b
 .text._read_r  0x080085d8       0x2c d:/stm32/gcc-arm-none-eabi-10.3-2021.10/bin/../lib/gcc/arm-none-eabi/10.3.1/../../../../arm-none-eabi/lib/thumb/v7e-m/nofp\libg.a(lib_a-readr.o)
                0x080085d8                _read_r
 .text.frexp    0x08008604       0x70 d:/stm32/gcc-arm-none-eabi-10.3-2021.10/bin/../lib/gcc/arm-none-eabi/10.3.1/../../../../arm-none-eabi/lib/thumb/v7e-m/nofp\libg.a(lib_a-s_frexp.o)
                0x08008604                frexp
 .text.strncpy  0x08008674       0x64 d:/stm32/gcc-arm-none-eabi-10.3-2021.10/bin/../lib/gcc/arm-none-eabi/10.3.1/../../../../arm-none-eabi/lib/thumb/v7e-m/nofp\libg.a(lib_a-strncpy.o)
                0x08008674                strncpy
 .text.__ssprint_r
                0x080086d8       0xf8 d:/stm32/gcc-arm-none-eabi-10.3-2021.10/bin/../lib/gcc/arm-none-eabi/10.3.1/../../../../arm-none-eabi/lib/thumb/v7e-m/nofp\libg.a(lib_a-svfiprintf.o)
                0x080086d8                __ssprint_r
 .text.__assert_func
                0x080087d0       0x40 d:/stm32/gcc-arm-none-eabi-10.3-2021.10/bin/../lib/gcc/arm-none-eabi/10.3.1/../../../../arm-none-eabi/lib/thumb/v7e-m/nofp\libg.a(lib_a-assert.o)
                0x080087d0                __assert_func
 .text._calloc_r
                0x08008810       0x78 d:/stm32/gcc-arm-none-eabi-10.3-2021.10/bin/../lib/gcc/arm-none-eabi/10.3.1/../../../../arm-none-eabi/lib/thumb/v7e-m/nofp\libg.a(lib_a-callocr.o)
                0x08008810                _calloc_r
 .text.fiprintf
                0x08008888       0x28 d:/stm32/gcc-arm-none-eabi-10.3-2021.10/bin/../lib/gcc/arm-none-eabi/10.3.1/../../../../arm-none-eabi/lib/thumb/v7e-m/nofp\libg.a(lib_a-fiprintf.o)
                0x08008888                fiprintf
 .text.__locale_mb_cur_max
                0x080088b0        0xc d:/stm32/gcc-arm-none-eabi-10.3-2021.10/bin/../lib/gcc/arm-none-eabi/10.3.1/../../../../arm-none-eabi/lib/thumb/v7e-m/nofp\libg.a(lib_a-locale.o)
                0x080088b0                __locale_mb_cur_max
 .text.__ascii_mbtowc
                0x080088bc       0x2c d:/stm32/gcc-arm-none-eabi-10.3-2021.10/bin/../lib/gcc/arm-none-eabi/10.3.1/../../../../arm-none-eabi/lib/thumb/v7e-m/nofp\libg.a(lib_a-mbtowc_r.o)
                0x080088bc                __ascii_mbtowc
 .text.memmove  0x080088e8       0xf8 d:/stm32/gcc-arm-none-eabi-10.3-2021.10/bin/../lib/gcc/arm-none-eabi/10.3.1/../../../../arm-none-eabi/lib/thumb/v7e-m/nofp\libg.a(lib_a-memmove.o)
                0x080088e8                memmove
 .text._realloc_r
                0x080089e0      0x3d8 d:/stm32/gcc-arm-none-eabi-10.3-2021.10/bin/../lib/gcc/arm-none-eabi/10.3.1/../../../../arm-none-eabi/lib/thumb/v7e-m/nofp\libg.a(lib_a-reallocr.o)
                0x080089e0                _realloc_r
 .text.__sprint_r.part.0
                0x08008db8       0x78 d:/stm32/gcc-arm-none-eabi-10.3-2021.10/bin/../lib/gcc/arm-none-eabi/10.3.1/../../../../arm-none-eabi/lib/thumb/v7e-m/nofp\libg.a(lib_a-vfiprintf.o)
 .text._vfiprintf_r
                0x08008e30      0xda0 d:/stm32/gcc-arm-none-eabi-10.3-2021.10/bin/../lib/gcc/arm-none-eabi/10.3.1/../../../../arm-none-eabi/lib/thumb/v7e-m/nofp\libg.a(lib_a-vfiprintf.o)
                0x08008e30                _vfiprintf_r
 .text.__sbprintf
                0x08009bd0       0x80 d:/stm32/gcc-arm-none-eabi-10.3-2021.10/bin/../lib/gcc/arm-none-eabi/10.3.1/../../../../arm-none-eabi/lib/thumb/v7e-m/nofp\libg.a(lib_a-vfiprintf.o)
 .text.__ascii_wctomb
                0x08009c50       0x1c d:/stm32/gcc-arm-none-eabi-10.3-2021.10/bin/../lib/gcc/arm-none-eabi/10.3.1/../../../../arm-none-eabi/lib/thumb/v7e-m/nofp\libg.a(lib_a-wctomb_r.o)
                0x08009c50                __ascii_wctomb
 .text.__swsetup_r
                0x08009c6c       0xd4 d:/stm32/gcc-arm-none-eabi-10.3-2021.10/bin/../lib/gcc/arm-none-eabi/10.3.1/../../../../arm-none-eabi/lib/thumb/v7e-m/nofp\libg.a(lib_a-wsetup.o)
                0x08009c6c                __swsetup_r
 .text.abort    0x08009d40       0x10 d:/stm32/gcc-arm-none-eabi-10.3-2021.10/bin/../lib/gcc/arm-none-eabi/10.3.1/../../../../arm-none-eabi/lib/thumb/v7e-m/nofp\libg.a(lib_a-abort.o)
                0x08009d40                abort
 .text.__fputwc
                0x08009d50       0xa8 d:/stm32/gcc-arm-none-eabi-10.3-2021.10/bin/../lib/gcc/arm-none-eabi/10.3.1/../../../../arm-none-eabi/lib/thumb/v7e-m/nofp\libg.a(lib_a-fputwc.o)
                0x08009d50                __fputwc
 .text._fputwc_r
                0x08009df8       0x68 d:/stm32/gcc-arm-none-eabi-10.3-2021.10/bin/../lib/gcc/arm-none-eabi/10.3.1/../../../../arm-none-eabi/lib/thumb/v7e-m/nofp\libg.a(lib_a-fputwc.o)
                0x08009df8                _fputwc_r
 .text.__sfvwrite_r
                0x08009e60      0x2e8 d:/stm32/gcc-arm-none-eabi-10.3-2021.10/bin/../lib/gcc/arm-none-eabi/10.3.1/../../../../arm-none-eabi/lib/thumb/v7e-m/nofp\libg.a(lib_a-fvwrite.o)
                0x08009e60                __sfvwrite_r
 .text.raise    0x0800a148       0x5c d:/stm32/gcc-arm-none-eabi-10.3-2021.10/bin/../lib/gcc/arm-none-eabi/10.3.1/../../../../arm-none-eabi/lib/thumb/v7e-m/nofp\libg.a(lib_a-signal.o)
                0x0800a148                raise
 .text._kill_r  0x0800a1a4       0x2c d:/stm32/gcc-arm-none-eabi-10.3-2021.10/bin/../lib/gcc/arm-none-eabi/10.3.1/../../../../arm-none-eabi/lib/thumb/v7e-m/nofp\libg.a(lib_a-signalr.o)
                0x0800a1a4                _kill_r
 .text._getpid_r
                0x0800a1d0        0x4 d:/stm32/gcc-arm-none-eabi-10.3-2021.10/bin/../lib/gcc/arm-none-eabi/10.3.1/../../../../arm-none-eabi/lib/thumb/v7e-m/nofp\libg.a(lib_a-signalr.o)
                0x0800a1d0                _getpid_r
 .text.__swbuf_r
                0x0800a1d4       0xb0 d:/stm32/gcc-arm-none-eabi-10.3-2021.10/bin/../lib/gcc/arm-none-eabi/10.3.1/../../../../arm-none-eabi/lib/thumb/v7e-m/nofp\libg.a(lib_a-wbuf.o)
                0x0800a1d4                __swbuf_r
 .text._wcrtomb_r
                0x0800a284       0x3c d:/stm32/gcc-arm-none-eabi-10.3-2021.10/bin/../lib/gcc/arm-none-eabi/10.3.1/../../../../arm-none-eabi/lib/thumb/v7e-m/nofp\libg.a(lib_a-wcrtomb.o)
                0x0800a284                _wcrtomb_r
 .text.roundf   0x0800a2c0       0x48 d:/stm32/gcc-arm-none-eabi-10.3-2021.10/bin/../lib/gcc/arm-none-eabi/10.3.1/../../../../arm-none-eabi/lib/thumb/v7e-m/nofp\libm.a(lib_a-sf_round.o)
                0x0800a2c0                roundf
 *(.glue_7)
 .glue_7        0x0800a308        0x0 linker stubs
 *(.glue_7t)
 .glue_7t       0x0800a308        0x0 linker stubs
 *(.eh_frame)
 .eh_frame      0x0800a308        0x0 d:/stm32/gcc-arm-none-eabi-10.3-2021.10/bin/../lib/gcc/arm-none-eabi/10.3.1/thumb/v7e-m/nofp/crtbegin.o
 *(.init)
 .init          0x0800a308        0x4 d:/stm32/gcc-arm-none-eabi-10.3-2021.10/bin/../lib/gcc/arm-none-eabi/10.3.1/thumb/v7e-m/nofp/crti.o
                0x0800a308                _init
 .init          0x0800a30c        0x8 d:/stm32/gcc-arm-none-eabi-10.3-2021.10/bin/../lib/gcc/arm-none-eabi/10.3.1/thumb/v7e-m/nofp/crtn.o
 *(.fini)
 .fini          0x0800a314        0x4 d:/stm32/gcc-arm-none-eabi-10.3-2021.10/bin/../lib/gcc/arm-none-eabi/10.3.1/thumb/v7e-m/nofp/crti.o
                0x0800a314                _fini
 .fini          0x0800a318        0x8 d:/stm32/gcc-arm-none-eabi-10.3-2021.10/bin/../lib/gcc/arm-none-eabi/10.3.1/thumb/v7e-m/nofp/crtn.o
                0x0800a320                . = ALIGN (0x4)
                0x0800a320                _etext = .

.vfp11_veneer   0x0800a320        0x0
 .vfp11_veneer  0x0800a320        0x0 linker stubs

.v4_bx          0x0800a320        0x0
 .v4_bx         0x0800a320        0x0 linker stubs

.iplt           0x0800a320        0x0
 .iplt          0x0800a320        0x0 d:/stm32/gcc-arm-none-eabi-10.3-2021.10/bin/../lib/gcc/arm-none-eabi/10.3.1/thumb/v7e-m/nofp/crtbegin.o

.rodata         0x0800a320      0x688
                0x0800a320                . = ALIGN (0x4)
 *(.rodata)
 *(.rodata*)
 .rodata.main.str1.4
                0x0800a320        0x7 CMakeFiles/STM32F4xProject.elf.dir/Core/Src/main.c.obj
 *fill*         0x0800a327        0x1 
 .rodata.AHBPrescTable
                0x0800a328       0x10 CMakeFiles/STM32F4xProject.elf.dir/Core/Src/system_stm32f4xx.c.obj
                0x0800a328                AHBPrescTable
 .rodata.APBPrescTable
                0x0800a338        0x8 CMakeFiles/STM32F4xProject.elf.dir/Core/Src/system_stm32f4xx.c.obj
                0x0800a338                APBPrescTable
 .rodata.HAL_UART_RxCpltCallback.str1.4
                0x0800a340        0x9 CMakeFiles/STM32F4xProject.elf.dir/Core/Src/usart.c.obj
 *fill*         0x0800a349        0x3 
 .rodata.HAL_NVIC_SetPriorityGrouping.str1.4
                0x0800a34c       0x65 CMakeFiles/STM32F4xProject.elf.dir/Drivers/STM32F4xx_HAL_Driver/Src/stm32f4xx_hal_cortex.c.obj
 *fill*         0x0800a3b1        0x3 
 .rodata.HAL_GPIO_Init.str1.4
                0x0800a3b4       0x63 CMakeFiles/STM32F4xProject.elf.dir/Drivers/STM32F4xx_HAL_Driver/Src/stm32f4xx_hal_gpio.c.obj
 *fill*         0x0800a417        0x1 
 .rodata.HAL_RCC_OscConfig.str1.4
                0x0800a418       0x62 CMakeFiles/STM32F4xProject.elf.dir/Drivers/STM32F4xx_HAL_Driver/Src/stm32f4xx_hal_rcc.c.obj
 *fill*         0x0800a47a        0x2 
 .rodata.TIM_OC1_SetConfig.str1.4
                0x0800a47c       0x62 CMakeFiles/STM32F4xProject.elf.dir/Drivers/STM32F4xx_HAL_Driver/Src/stm32f4xx_hal_tim.c.obj
 *fill*         0x0800a4de        0x2 
 .rodata.HAL_TIMEx_HallSensor_Init.str1.4
                0x0800a4e0       0x65 CMakeFiles/STM32F4xProject.elf.dir/Drivers/STM32F4xx_HAL_Driver/Src/stm32f4xx_hal_tim_ex.c.obj
 *fill*         0x0800a545        0x3 
 .rodata.UART_SetConfig.str1.4
                0x0800a548       0x63 CMakeFiles/STM32F4xProject.elf.dir/Drivers/STM32F4xx_HAL_Driver/Src/stm32f4xx_hal_uart.c.obj
 *fill*         0x0800a5ab        0x1 
 .rodata._global_impure_ptr
                0x0800a5ac        0x4 d:/stm32/gcc-arm-none-eabi-10.3-2021.10/bin/../lib/gcc/arm-none-eabi/10.3.1/../../../../arm-none-eabi/lib/thumb/v7e-m/nofp\libg.a(lib_a-impure.o)
                0x0800a5ac                _global_impure_ptr
 .rodata._svfprintf_r.str1.4
                0x0800a5b0       0x42 d:/stm32/gcc-arm-none-eabi-10.3-2021.10/bin/../lib/gcc/arm-none-eabi/10.3.1/../../../../arm-none-eabi/lib/thumb/v7e-m/nofp\libg.a(lib_a-svfprintf.o)
 *fill*         0x0800a5f2        0x2 
 .rodata.blanks.1
                0x0800a5f4       0x10 d:/stm32/gcc-arm-none-eabi-10.3-2021.10/bin/../lib/gcc/arm-none-eabi/10.3.1/../../../../arm-none-eabi/lib/thumb/v7e-m/nofp\libg.a(lib_a-svfprintf.o)
 .rodata.zeroes.0
                0x0800a604       0x10 d:/stm32/gcc-arm-none-eabi-10.3-2021.10/bin/../lib/gcc/arm-none-eabi/10.3.1/../../../../arm-none-eabi/lib/thumb/v7e-m/nofp\libg.a(lib_a-svfprintf.o)
 .rodata._dtoa_r.str1.4
                0x0800a614       0xa2 d:/stm32/gcc-arm-none-eabi-10.3-2021.10/bin/../lib/gcc/arm-none-eabi/10.3.1/../../../../arm-none-eabi/lib/thumb/v7e-m/nofp\libg.a(lib_a-dtoa.o)
                                 0xa6 (size before relaxing)
 *fill*         0x0800a6b6        0x2 
 .rodata.__multadd.str1.4
                0x0800a6b8       0x7f d:/stm32/gcc-arm-none-eabi-10.3-2021.10/bin/../lib/gcc/arm-none-eabi/10.3.1/../../../../arm-none-eabi/lib/thumb/v7e-m/nofp\libg.a(lib_a-mprec.o)
                                 0x93 (size before relaxing)
 *fill*         0x0800a737        0x1 
 .rodata.__mprec_bigtens
                0x0800a738       0x28 d:/stm32/gcc-arm-none-eabi-10.3-2021.10/bin/../lib/gcc/arm-none-eabi/10.3.1/../../../../arm-none-eabi/lib/thumb/v7e-m/nofp\libg.a(lib_a-mprec.o)
                0x0800a738                __mprec_bigtens
 .rodata.__mprec_tens
                0x0800a760       0xc8 d:/stm32/gcc-arm-none-eabi-10.3-2021.10/bin/../lib/gcc/arm-none-eabi/10.3.1/../../../../arm-none-eabi/lib/thumb/v7e-m/nofp\libg.a(lib_a-mprec.o)
                0x0800a760                __mprec_tens
 .rodata.p05.0  0x0800a828        0xc d:/stm32/gcc-arm-none-eabi-10.3-2021.10/bin/../lib/gcc/arm-none-eabi/10.3.1/../../../../arm-none-eabi/lib/thumb/v7e-m/nofp\libg.a(lib_a-mprec.o)
 .rodata.__assert_func.str1.4
                0x0800a834       0x3f d:/stm32/gcc-arm-none-eabi-10.3-2021.10/bin/../lib/gcc/arm-none-eabi/10.3.1/../../../../arm-none-eabi/lib/thumb/v7e-m/nofp\libg.a(lib_a-assert.o)
                                 0x43 (size before relaxing)
 *fill*         0x0800a873        0x1 
 .rodata._setlocale_r.str1.4
                0x0800a874        0xa d:/stm32/gcc-arm-none-eabi-10.3-2021.10/bin/../lib/gcc/arm-none-eabi/10.3.1/../../../../arm-none-eabi/lib/thumb/v7e-m/nofp\libg.a(lib_a-locale.o)
                                  0xd (size before relaxing)
 *fill*         0x0800a87e        0x2 
 .rodata.str1.4
                0x0800a880        0x2 d:/stm32/gcc-arm-none-eabi-10.3-2021.10/bin/../lib/gcc/arm-none-eabi/10.3.1/../../../../arm-none-eabi/lib/thumb/v7e-m/nofp\libg.a(lib_a-locale.o)
 .rodata._vfiprintf_r.str1.4
                0x0800a882       0x2f d:/stm32/gcc-arm-none-eabi-10.3-2021.10/bin/../lib/gcc/arm-none-eabi/10.3.1/../../../../arm-none-eabi/lib/thumb/v7e-m/nofp\libg.a(lib_a-vfiprintf.o)
 *fill*         0x0800a882        0x2 
 .rodata.blanks.1
                0x0800a884       0x10 d:/stm32/gcc-arm-none-eabi-10.3-2021.10/bin/../lib/gcc/arm-none-eabi/10.3.1/../../../../arm-none-eabi/lib/thumb/v7e-m/nofp\libg.a(lib_a-vfiprintf.o)
 .rodata.zeroes.0
                0x0800a894       0x10 d:/stm32/gcc-arm-none-eabi-10.3-2021.10/bin/../lib/gcc/arm-none-eabi/10.3.1/../../../../arm-none-eabi/lib/thumb/v7e-m/nofp\libg.a(lib_a-vfiprintf.o)
 .rodata._ctype_
                0x0800a8a4      0x101 d:/stm32/gcc-arm-none-eabi-10.3-2021.10/bin/../lib/gcc/arm-none-eabi/10.3.1/../../../../arm-none-eabi/lib/thumb/v7e-m/nofp\libg.a(lib_a-ctype_.o)
                0x0800a8a4                _ctype_
                0x0800a9a8                . = ALIGN (0x4)
 *fill*         0x0800a9a5        0x3 

.ARM.extab      0x0800a9a8        0x0
                0x0800a9a8                . = ALIGN (0x4)
 *(.ARM.extab* .gnu.linkonce.armextab.*)
                0x0800a9a8                . = ALIGN (0x4)

.ARM            0x0800a9a8        0x8
                0x0800a9a8                . = ALIGN (0x4)
                0x0800a9a8                __exidx_start = .
 *(.ARM.exidx*)
 .ARM.exidx     0x0800a9a8        0x8 d:/stm32/gcc-arm-none-eabi-10.3-2021.10/bin/../lib/gcc/arm-none-eabi/10.3.1/thumb/v7e-m/nofp\libgcc.a(_udivmoddi4.o)
                0x0800a9b0                __exidx_end = .
                0x0800a9b0                . = ALIGN (0x4)

.rel.dyn        0x0800a9b0        0x0
 .rel.iplt      0x0800a9b0        0x0 d:/stm32/gcc-arm-none-eabi-10.3-2021.10/bin/../lib/gcc/arm-none-eabi/10.3.1/thumb/v7e-m/nofp/crtbegin.o

.preinit_array  0x0800a9b0        0x0
                0x0800a9b0                . = ALIGN (0x4)
                0x0800a9b0                PROVIDE (__preinit_array_start = .)
 *(.preinit_array*)
                0x0800a9b0                PROVIDE (__preinit_array_end = .)
                0x0800a9b0                . = ALIGN (0x4)

.init_array     0x0800a9b0        0x8
                0x0800a9b0                . = ALIGN (0x4)
                0x0800a9b0                PROVIDE (__init_array_start = .)
 *(SORT_BY_NAME(.init_array.*))
 .init_array.00000
                0x0800a9b0        0x4 d:/stm32/gcc-arm-none-eabi-10.3-2021.10/bin/../lib/gcc/arm-none-eabi/10.3.1/../../../../arm-none-eabi/lib/thumb/v7e-m/nofp\libg.a(lib_a-__call_atexit.o)
 *(.init_array*)
 .init_array    0x0800a9b4        0x4 d:/stm32/gcc-arm-none-eabi-10.3-2021.10/bin/../lib/gcc/arm-none-eabi/10.3.1/thumb/v7e-m/nofp/crtbegin.o
                0x0800a9b8                PROVIDE (__init_array_end = .)
                0x0800a9b8                . = ALIGN (0x4)

.fini_array     0x0800a9b8        0x4
                0x0800a9b8                . = ALIGN (0x4)
                0x0800a9b8                PROVIDE (__fini_array_start = .)
 *(SORT_BY_NAME(.fini_array.*))
 *(.fini_array*)
 .fini_array    0x0800a9b8        0x4 d:/stm32/gcc-arm-none-eabi-10.3-2021.10/bin/../lib/gcc/arm-none-eabi/10.3.1/thumb/v7e-m/nofp/crtbegin.o
                0x0800a9bc                PROVIDE (__fini_array_end = .)
                0x0800a9bc                . = ALIGN (0x4)
                0x0800a9bc                _sidata = LOADADDR (.data)

.data           0x20000000      0x9c8 load address 0x0800a9bc
                0x20000000                . = ALIGN (0x4)
                0x20000000                _sdata = .
 *(.data)
 *(.data*)
 .data.dir_left
                0x20000000        0x8 CMakeFiles/STM32F4xProject.elf.dir/App/TMC220xUart/tmc220xUart.c.obj
                0x20000000                dir_left
 .data.dir_right
                0x20000008        0x8 CMakeFiles/STM32F4xProject.elf.dir/App/TMC220xUart/tmc220xUart.c.obj
                0x20000008                dir_right
 .data.SystemCoreClock
                0x20000010        0x4 CMakeFiles/STM32F4xProject.elf.dir/Core/Src/system_stm32f4xx.c.obj
                0x20000010                SystemCoreClock
 .data.uwTickFreq
                0x20000014        0x1 CMakeFiles/STM32F4xProject.elf.dir/Drivers/STM32F4xx_HAL_Driver/Src/stm32f4xx_hal.c.obj
                0x20000014                uwTickFreq
 *fill*         0x20000015        0x3 
 .data.uwTickPrio
                0x20000018        0x4 CMakeFiles/STM32F4xProject.elf.dir/Drivers/STM32F4xx_HAL_Driver/Src/stm32f4xx_hal.c.obj
                0x20000018                uwTickPrio
 .data._impure_ptr
                0x2000001c        0x4 d:/stm32/gcc-arm-none-eabi-10.3-2021.10/bin/../lib/gcc/arm-none-eabi/10.3.1/../../../../arm-none-eabi/lib/thumb/v7e-m/nofp\libg.a(lib_a-impure.o)
                0x2000001c                _impure_ptr
 .data.impure_data
                0x20000020      0x428 d:/stm32/gcc-arm-none-eabi-10.3-2021.10/bin/../lib/gcc/arm-none-eabi/10.3.1/../../../../arm-none-eabi/lib/thumb/v7e-m/nofp\libg.a(lib_a-impure.o)
 .data.__atexit_recursive_mutex
                0x20000448        0x4 d:/stm32/gcc-arm-none-eabi-10.3-2021.10/bin/../lib/gcc/arm-none-eabi/10.3.1/../../../../arm-none-eabi/lib/thumb/v7e-m/nofp\libg.a(lib_a-__call_atexit.o)
                0x20000448                __atexit_recursive_mutex
 .data.__malloc_av_
                0x2000044c      0x408 d:/stm32/gcc-arm-none-eabi-10.3-2021.10/bin/../lib/gcc/arm-none-eabi/10.3.1/../../../../arm-none-eabi/lib/thumb/v7e-m/nofp\libg.a(lib_a-mallocr.o)
                0x2000044c                __malloc_av_
 .data.__malloc_sbrk_base
                0x20000854        0x4 d:/stm32/gcc-arm-none-eabi-10.3-2021.10/bin/../lib/gcc/arm-none-eabi/10.3.1/../../../../arm-none-eabi/lib/thumb/v7e-m/nofp\libg.a(lib_a-mallocr.o)
                0x20000854                __malloc_sbrk_base
 .data.__malloc_trim_threshold
                0x20000858        0x4 d:/stm32/gcc-arm-none-eabi-10.3-2021.10/bin/../lib/gcc/arm-none-eabi/10.3.1/../../../../arm-none-eabi/lib/thumb/v7e-m/nofp\libg.a(lib_a-mallocr.o)
                0x20000858                __malloc_trim_threshold
 .data.__global_locale
                0x2000085c      0x16c d:/stm32/gcc-arm-none-eabi-10.3-2021.10/bin/../lib/gcc/arm-none-eabi/10.3.1/../../../../arm-none-eabi/lib/thumb/v7e-m/nofp\libg.a(lib_a-locale.o)
                0x2000085c                __global_locale
 *(.RamFunc)
 *(.RamFunc*)
                0x200009c8                . = ALIGN (0x4)
                0x200009c8                _edata = .
                0x0800b384                _siccmram = LOADADDR (.ccmram)

.igot.plt       0x200009c8        0x0 load address 0x0800b384
 .igot.plt      0x200009c8        0x0 d:/stm32/gcc-arm-none-eabi-10.3-2021.10/bin/../lib/gcc/arm-none-eabi/10.3.1/thumb/v7e-m/nofp/crtbegin.o

.ccmram         0x10000000        0x0 load address 0x0800b384
                0x10000000                . = ALIGN (0x4)
                0x10000000                _sccmram = .
 *(.ccmram)
 *(.ccmram*)
                0x10000000                . = ALIGN (0x4)
                0x10000000                _eccmram = .
                0x10000000                . = ALIGN (0x4)

.bss            0x200009c8      0x374
                0x200009c8                _sbss = .
                0x200009c8                __bss_start__ = _sbss
 *(.bss)
 .bss           0x200009c8       0x1c d:/stm32/gcc-arm-none-eabi-10.3-2021.10/bin/../lib/gcc/arm-none-eabi/10.3.1/thumb/v7e-m/nofp/crtbegin.o
 *(.bss*)
 .bss.addc.0    0x200009e4        0x1 CMakeFiles/STM32F4xProject.elf.dir/App/TMC220xUart/tmc220xUart.c.obj
 *fill*         0x200009e5        0x3 
 .bss.stepsPerRevolution
                0x200009e8        0x4 CMakeFiles/STM32F4xProject.elf.dir/App/TMC220xUart/tmc220xUart.c.obj
                0x200009e8                stepsPerRevolution
 *fill*         0x200009ec        0x4 
 .bss.tmc2209   0x200009f0       0x60 CMakeFiles/STM32F4xProject.elf.dir/App/TMC220xUart/tmc220xUart.c.obj
                0x200009f0                tmc2209
 .bss.humflag   0x20000a50        0x1 CMakeFiles/STM32F4xProject.elf.dir/App/humidifier/humidifier.c.obj
                0x20000a50                humflag
 *fill*         0x20000a51        0x3 
 .bss.my_Humidifier
                0x20000a54        0x8 CMakeFiles/STM32F4xProject.elf.dir/App/humidifier/humidifier.c.obj
                0x20000a54                my_Humidifier
 .bss.fac_us    0x20000a5c        0x1 CMakeFiles/STM32F4xProject.elf.dir/App/tools/tools.c.obj
 *fill*         0x20000a5d        0x3 
 .bss.gHuart    0x20000a60        0x4 CMakeFiles/STM32F4xProject.elf.dir/App/tools/tools.c.obj
                0x20000a60                gHuart
 .bss.dir.0     0x20000a64        0x1 CMakeFiles/STM32F4xProject.elf.dir/Core/Src/main.c.obj
 *fill*         0x20000a65        0x3 
 .bss.__sbrk_heap_end
                0x20000a68        0x4 CMakeFiles/STM32F4xProject.elf.dir/Core/Src/sysmem.c.obj
 .bss.closeHumCount
                0x20000a6c        0x1 CMakeFiles/STM32F4xProject.elf.dir/Core/Src/tim.c.obj
                0x20000a6c                closeHumCount
 *fill*         0x20000a6d        0x3 
 .bss.htim6     0x20000a70       0x48 CMakeFiles/STM32F4xProject.elf.dir/Core/Src/tim.c.obj
                0x20000a70                htim6
 .bss.htim7     0x20000ab8       0x48 CMakeFiles/STM32F4xProject.elf.dir/Core/Src/tim.c.obj
                0x20000ab8                htim7
 .bss.openHumCount
                0x20000b00        0x1 CMakeFiles/STM32F4xProject.elf.dir/Core/Src/tim.c.obj
                0x20000b00                openHumCount
 .bss.runFlag   0x20000b01        0x1 CMakeFiles/STM32F4xProject.elf.dir/Core/Src/tim.c.obj
                0x20000b01                runFlag
 .bss.sendFlag  0x20000b02        0x1 CMakeFiles/STM32F4xProject.elf.dir/Core/Src/tim.c.obj
                0x20000b02                sendFlag
 *fill*         0x20000b03        0x1 
 .bss.RxBuffer  0x20000b04      0x100 CMakeFiles/STM32F4xProject.elf.dir/Core/Src/usart.c.obj
                0x20000b04                RxBuffer
 .bss.USART_RX_BUF
                0x20000c04       0x14 CMakeFiles/STM32F4xProject.elf.dir/Core/Src/usart.c.obj
                0x20000c04                USART_RX_BUF
 .bss.USART_RX_STA
                0x20000c18        0x1 CMakeFiles/STM32F4xProject.elf.dir/Core/Src/usart.c.obj
                0x20000c18                USART_RX_STA
 .bss.Uart1_Rx_Cnt
                0x20000c19        0x1 CMakeFiles/STM32F4xProject.elf.dir/Core/Src/usart.c.obj
                0x20000c19                Uart1_Rx_Cnt
 .bss.aRxBuffer
                0x20000c1a        0x1 CMakeFiles/STM32F4xProject.elf.dir/Core/Src/usart.c.obj
                0x20000c1a                aRxBuffer
 *fill*         0x20000c1b        0x1 
 .bss.huart2    0x20000c1c       0x44 CMakeFiles/STM32F4xProject.elf.dir/Core/Src/usart.c.obj
                0x20000c1c                huart2
 .bss.huart3    0x20000c60       0x44 CMakeFiles/STM32F4xProject.elf.dir/Core/Src/usart.c.obj
                0x20000c60                huart3
 .bss.huart6    0x20000ca4       0x44 CMakeFiles/STM32F4xProject.elf.dir/Core/Src/usart.c.obj
                0x20000ca4                huart6
 .bss.needRunHumidifierTime
                0x20000ce8        0x1 CMakeFiles/STM32F4xProject.elf.dir/Core/Src/usart.c.obj
                0x20000ce8                needRunHumidifierTime
 .bss.needStopHumidifierTime
                0x20000ce9        0x1 CMakeFiles/STM32F4xProject.elf.dir/Core/Src/usart.c.obj
                0x20000ce9                needStopHumidifierTime
 *fill*         0x20000cea        0x2 
 .bss.usart2aRxBuffer
                0x20000cec        0x1 CMakeFiles/STM32F4xProject.elf.dir/Core/Src/usart.c.obj
                0x20000cec                usart2aRxBuffer
 *fill*         0x20000ced        0x3 
 .bss.uwTick    0x20000cf0        0x4 CMakeFiles/STM32F4xProject.elf.dir/Drivers/STM32F4xx_HAL_Driver/Src/stm32f4xx_hal.c.obj
                0x20000cf0                uwTick
 .bss.__lock___atexit_recursive_mutex
                0x20000cf4        0x1 d:/stm32/gcc-arm-none-eabi-10.3-2021.10/bin/../lib/gcc/arm-none-eabi/10.3.1/../../../../arm-none-eabi/lib/thumb/v7e-m/nofp\libg.a(lib_a-lock.o)
                0x20000cf4                __lock___atexit_recursive_mutex
 *fill*         0x20000cf5        0x3 
 .bss.__lock___malloc_recursive_mutex
                0x20000cf8        0x1 d:/stm32/gcc-arm-none-eabi-10.3-2021.10/bin/../lib/gcc/arm-none-eabi/10.3.1/../../../../arm-none-eabi/lib/thumb/v7e-m/nofp\libg.a(lib_a-lock.o)
                0x20000cf8                __lock___malloc_recursive_mutex
 *fill*         0x20000cf9        0x3 
 .bss.__lock___sfp_recursive_mutex
                0x20000cfc        0x1 d:/stm32/gcc-arm-none-eabi-10.3-2021.10/bin/../lib/gcc/arm-none-eabi/10.3.1/../../../../arm-none-eabi/lib/thumb/v7e-m/nofp\libg.a(lib_a-lock.o)
                0x20000cfc                __lock___sfp_recursive_mutex
 *fill*         0x20000cfd        0x3 
 .bss.__lock___sinit_recursive_mutex
                0x20000d00        0x1 d:/stm32/gcc-arm-none-eabi-10.3-2021.10/bin/../lib/gcc/arm-none-eabi/10.3.1/../../../../arm-none-eabi/lib/thumb/v7e-m/nofp\libg.a(lib_a-lock.o)
                0x20000d00                __lock___sinit_recursive_mutex
 *fill*         0x20000d01        0x3 
 .bss.__malloc_current_mallinfo
                0x20000d04       0x28 d:/stm32/gcc-arm-none-eabi-10.3-2021.10/bin/../lib/gcc/arm-none-eabi/10.3.1/../../../../arm-none-eabi/lib/thumb/v7e-m/nofp\libg.a(lib_a-mallocr.o)
                0x20000d04                __malloc_current_mallinfo
 .bss.__malloc_max_sbrked_mem
                0x20000d2c        0x4 d:/stm32/gcc-arm-none-eabi-10.3-2021.10/bin/../lib/gcc/arm-none-eabi/10.3.1/../../../../arm-none-eabi/lib/thumb/v7e-m/nofp\libg.a(lib_a-mallocr.o)
                0x20000d2c                __malloc_max_sbrked_mem
 .bss.__malloc_max_total_mem
                0x20000d30        0x4 d:/stm32/gcc-arm-none-eabi-10.3-2021.10/bin/../lib/gcc/arm-none-eabi/10.3.1/../../../../arm-none-eabi/lib/thumb/v7e-m/nofp\libg.a(lib_a-mallocr.o)
                0x20000d30                __malloc_max_total_mem
 .bss.__malloc_top_pad
                0x20000d34        0x4 d:/stm32/gcc-arm-none-eabi-10.3-2021.10/bin/../lib/gcc/arm-none-eabi/10.3.1/../../../../arm-none-eabi/lib/thumb/v7e-m/nofp\libg.a(lib_a-mallocr.o)
                0x20000d34                __malloc_top_pad
 .bss.errno     0x20000d38        0x4 d:/stm32/gcc-arm-none-eabi-10.3-2021.10/bin/../lib/gcc/arm-none-eabi/10.3.1/../../../../arm-none-eabi/lib/thumb/v7e-m/nofp\libg.a(lib_a-reent.o)
                0x20000d38                errno
 *(COMMON)
                0x20000d3c                . = ALIGN (0x4)
                0x20000d3c                _ebss = .
                0x20000d3c                __bss_end__ = _ebss

._user_heap_stack
                0x20000d3c      0x604
                0x20000d40                . = ALIGN (0x8)
 *fill*         0x20000d3c        0x4 
                [!provide]                PROVIDE (end = .)
                0x20000d40                PROVIDE (_end = .)
                0x20000f40                . = (. + _Min_Heap_Size)
 *fill*         0x20000d40      0x200 
                0x20001340                . = (. + _Min_Stack_Size)
 *fill*         0x20000f40      0x400 
                0x20001340                . = ALIGN (0x8)

/DISCARD/
 libc.a(*)
 libm.a(*)
 libgcc.a(*)

.ARM.attributes
                0x00000000       0x2a
 *(.ARM.attributes)
 .ARM.attributes
                0x00000000       0x1e d:/stm32/gcc-arm-none-eabi-10.3-2021.10/bin/../lib/gcc/arm-none-eabi/10.3.1/thumb/v7e-m/nofp/crti.o
 .ARM.attributes
                0x0000001e       0x2e d:/stm32/gcc-arm-none-eabi-10.3-2021.10/bin/../lib/gcc/arm-none-eabi/10.3.1/thumb/v7e-m/nofp/crtbegin.o
 .ARM.attributes
                0x0000004c       0x2e CMakeFiles/STM32F4xProject.elf.dir/App/TMC220xUart/tmc220xUart.c.obj
 .ARM.attributes
                0x0000007a       0x2e CMakeFiles/STM32F4xProject.elf.dir/App/humidifier/humidifier.c.obj
 .ARM.attributes
                0x000000a8       0x2e CMakeFiles/STM32F4xProject.elf.dir/App/tools/tools.c.obj
 .ARM.attributes
                0x000000d6       0x2e CMakeFiles/STM32F4xProject.elf.dir/Core/Src/gpio.c.obj
 .ARM.attributes
                0x00000104       0x2e CMakeFiles/STM32F4xProject.elf.dir/Core/Src/main.c.obj
 .ARM.attributes
                0x00000132       0x2e CMakeFiles/STM32F4xProject.elf.dir/Core/Src/stm32f4xx_hal_msp.c.obj
 .ARM.attributes
                0x00000160       0x2e CMakeFiles/STM32F4xProject.elf.dir/Core/Src/stm32f4xx_it.c.obj
 .ARM.attributes
                0x0000018e       0x2e CMakeFiles/STM32F4xProject.elf.dir/Core/Src/syscalls.c.obj
 .ARM.attributes
                0x000001bc       0x2e CMakeFiles/STM32F4xProject.elf.dir/Core/Src/sysmem.c.obj
 .ARM.attributes
                0x000001ea       0x2e CMakeFiles/STM32F4xProject.elf.dir/Core/Src/system_stm32f4xx.c.obj
 .ARM.attributes
                0x00000218       0x2e CMakeFiles/STM32F4xProject.elf.dir/Core/Src/tim.c.obj
 .ARM.attributes
                0x00000246       0x2e CMakeFiles/STM32F4xProject.elf.dir/Core/Src/usart.c.obj
 .ARM.attributes
                0x00000274       0x21 CMakeFiles/STM32F4xProject.elf.dir/Core/Startup/startup_stm32f407vetx.s.obj
 .ARM.attributes
                0x00000295       0x2e CMakeFiles/STM32F4xProject.elf.dir/Drivers/STM32F4xx_HAL_Driver/Src/stm32f4xx_hal.c.obj
 .ARM.attributes
                0x000002c3       0x2e CMakeFiles/STM32F4xProject.elf.dir/Drivers/STM32F4xx_HAL_Driver/Src/stm32f4xx_hal_cortex.c.obj
 .ARM.attributes
                0x000002f1       0x2e CMakeFiles/STM32F4xProject.elf.dir/Drivers/STM32F4xx_HAL_Driver/Src/stm32f4xx_hal_dma.c.obj
 .ARM.attributes
                0x0000031f       0x2e CMakeFiles/STM32F4xProject.elf.dir/Drivers/STM32F4xx_HAL_Driver/Src/stm32f4xx_hal_gpio.c.obj
 .ARM.attributes
                0x0000034d       0x2e CMakeFiles/STM32F4xProject.elf.dir/Drivers/STM32F4xx_HAL_Driver/Src/stm32f4xx_hal_rcc.c.obj
 .ARM.attributes
                0x0000037b       0x2e CMakeFiles/STM32F4xProject.elf.dir/Drivers/STM32F4xx_HAL_Driver/Src/stm32f4xx_hal_tim.c.obj
 .ARM.attributes
                0x000003a9       0x2e CMakeFiles/STM32F4xProject.elf.dir/Drivers/STM32F4xx_HAL_Driver/Src/stm32f4xx_hal_tim_ex.c.obj
 .ARM.attributes
                0x000003d7       0x2e CMakeFiles/STM32F4xProject.elf.dir/Drivers/STM32F4xx_HAL_Driver/Src/stm32f4xx_hal_uart.c.obj
 .ARM.attributes
                0x00000405       0x1e d:/stm32/gcc-arm-none-eabi-10.3-2021.10/bin/../lib/gcc/arm-none-eabi/10.3.1/thumb/v7e-m/nofp\libgcc.a(_arm_addsubdf3.o)
 .ARM.attributes
                0x00000423       0x1e d:/stm32/gcc-arm-none-eabi-10.3-2021.10/bin/../lib/gcc/arm-none-eabi/10.3.1/thumb/v7e-m/nofp\libgcc.a(_arm_muldivdf3.o)
 .ARM.attributes
                0x00000441       0x1e d:/stm32/gcc-arm-none-eabi-10.3-2021.10/bin/../lib/gcc/arm-none-eabi/10.3.1/thumb/v7e-m/nofp\libgcc.a(_arm_truncdfsf2.o)
 .ARM.attributes
                0x0000045f       0x1e d:/stm32/gcc-arm-none-eabi-10.3-2021.10/bin/../lib/gcc/arm-none-eabi/10.3.1/thumb/v7e-m/nofp\libgcc.a(_arm_addsubsf3.o)
 .ARM.attributes
                0x0000047d       0x1e d:/stm32/gcc-arm-none-eabi-10.3-2021.10/bin/../lib/gcc/arm-none-eabi/10.3.1/thumb/v7e-m/nofp\libgcc.a(_arm_fixunssfsi.o)
 .ARM.attributes
                0x0000049b       0x1e d:/stm32/gcc-arm-none-eabi-10.3-2021.10/bin/../lib/gcc/arm-none-eabi/10.3.1/thumb/v7e-m/nofp\libgcc.a(_aeabi_uldivmod.o)
 .ARM.attributes
                0x000004b9       0x2e d:/stm32/gcc-arm-none-eabi-10.3-2021.10/bin/../lib/gcc/arm-none-eabi/10.3.1/thumb/v7e-m/nofp\libgcc.a(_fixunsdfdi.o)
 .ARM.attributes
                0x000004e7       0x2e d:/stm32/gcc-arm-none-eabi-10.3-2021.10/bin/../lib/gcc/arm-none-eabi/10.3.1/thumb/v7e-m/nofp\libgcc.a(_udivmoddi4.o)
 .ARM.attributes
                0x00000515       0x1e d:/stm32/gcc-arm-none-eabi-10.3-2021.10/bin/../lib/gcc/arm-none-eabi/10.3.1/thumb/v7e-m/nofp\libgcc.a(_dvmd_tls.o)
 .ARM.attributes
                0x00000533       0x1e d:/stm32/gcc-arm-none-eabi-10.3-2021.10/bin/../lib/gcc/arm-none-eabi/10.3.1/thumb/v7e-m/nofp\libgcc.a(_arm_fixunsdfsi.o)
 .ARM.attributes
                0x00000551       0x2e d:/stm32/gcc-arm-none-eabi-10.3-2021.10/bin/../lib/gcc/arm-none-eabi/10.3.1/../../../../arm-none-eabi/lib/thumb/v7e-m/nofp\libg.a(lib_a-errno.o)
 .ARM.attributes
                0x0000057f       0x2e d:/stm32/gcc-arm-none-eabi-10.3-2021.10/bin/../lib/gcc/arm-none-eabi/10.3.1/../../../../arm-none-eabi/lib/thumb/v7e-m/nofp\libg.a(lib_a-impure.o)
 .ARM.attributes
                0x000005ad       0x2e d:/stm32/gcc-arm-none-eabi-10.3-2021.10/bin/../lib/gcc/arm-none-eabi/10.3.1/../../../../arm-none-eabi/lib/thumb/v7e-m/nofp\libg.a(lib_a-init.o)
 .ARM.attributes
                0x000005db       0x2e d:/stm32/gcc-arm-none-eabi-10.3-2021.10/bin/../lib/gcc/arm-none-eabi/10.3.1/../../../../arm-none-eabi/lib/thumb/v7e-m/nofp\libg.a(lib_a-memset.o)
 .ARM.attributes
                0x00000609       0x2e d:/stm32/gcc-arm-none-eabi-10.3-2021.10/bin/../lib/gcc/arm-none-eabi/10.3.1/../../../../arm-none-eabi/lib/thumb/v7e-m/nofp\libg.a(lib_a-setvbuf.o)
 .ARM.attributes
                0x00000637       0x2e d:/stm32/gcc-arm-none-eabi-10.3-2021.10/bin/../lib/gcc/arm-none-eabi/10.3.1/../../../../arm-none-eabi/lib/thumb/v7e-m/nofp\libg.a(lib_a-vsprintf.o)
 .ARM.attributes
                0x00000665       0x2e d:/stm32/gcc-arm-none-eabi-10.3-2021.10/bin/../lib/gcc/arm-none-eabi/10.3.1/../../../../arm-none-eabi/lib/thumb/v7e-m/nofp\libg.a(lib_a-__call_atexit.o)
 .ARM.attributes
                0x00000693       0x2e d:/stm32/gcc-arm-none-eabi-10.3-2021.10/bin/../lib/gcc/arm-none-eabi/10.3.1/../../../../arm-none-eabi/lib/thumb/v7e-m/nofp\libg.a(lib_a-atexit.o)
 .ARM.attributes
                0x000006c1       0x2e d:/stm32/gcc-arm-none-eabi-10.3-2021.10/bin/../lib/gcc/arm-none-eabi/10.3.1/../../../../arm-none-eabi/lib/thumb/v7e-m/nofp\libg.a(lib_a-fflush.o)
 .ARM.attributes
                0x000006ef       0x2e d:/stm32/gcc-arm-none-eabi-10.3-2021.10/bin/../lib/gcc/arm-none-eabi/10.3.1/../../../../arm-none-eabi/lib/thumb/v7e-m/nofp\libg.a(lib_a-findfp.o)
 .ARM.attributes
                0x0000071d       0x2e d:/stm32/gcc-arm-none-eabi-10.3-2021.10/bin/../lib/gcc/arm-none-eabi/10.3.1/../../../../arm-none-eabi/lib/thumb/v7e-m/nofp\libg.a(lib_a-fini.o)
 .ARM.attributes
                0x0000074b       0x2e d:/stm32/gcc-arm-none-eabi-10.3-2021.10/bin/../lib/gcc/arm-none-eabi/10.3.1/../../../../arm-none-eabi/lib/thumb/v7e-m/nofp\libg.a(lib_a-freer.o)
 .ARM.attributes
                0x00000779       0x2e d:/stm32/gcc-arm-none-eabi-10.3-2021.10/bin/../lib/gcc/arm-none-eabi/10.3.1/../../../../arm-none-eabi/lib/thumb/v7e-m/nofp\libg.a(lib_a-fwalk.o)
 .ARM.attributes
                0x000007a7       0x2e d:/stm32/gcc-arm-none-eabi-10.3-2021.10/bin/../lib/gcc/arm-none-eabi/10.3.1/../../../../arm-none-eabi/lib/thumb/v7e-m/nofp\libg.a(lib_a-lock.o)
 .ARM.attributes
                0x000007d5       0x2e d:/stm32/gcc-arm-none-eabi-10.3-2021.10/bin/../lib/gcc/arm-none-eabi/10.3.1/../../../../arm-none-eabi/lib/thumb/v7e-m/nofp\libg.a(lib_a-makebuf.o)
 .ARM.attributes
                0x00000803       0x2e d:/stm32/gcc-arm-none-eabi-10.3-2021.10/bin/../lib/gcc/arm-none-eabi/10.3.1/../../../../arm-none-eabi/lib/thumb/v7e-m/nofp\libg.a(lib_a-malloc.o)
 .ARM.attributes
                0x00000831       0x2e d:/stm32/gcc-arm-none-eabi-10.3-2021.10/bin/../lib/gcc/arm-none-eabi/10.3.1/../../../../arm-none-eabi/lib/thumb/v7e-m/nofp\libg.a(lib_a-mallocr.o)
 .ARM.attributes
                0x0000085f       0x2e d:/stm32/gcc-arm-none-eabi-10.3-2021.10/bin/../lib/gcc/arm-none-eabi/10.3.1/../../../../arm-none-eabi/lib/thumb/v7e-m/nofp\libg.a(lib_a-mlock.o)
 .ARM.attributes
                0x0000088d       0x2e d:/stm32/gcc-arm-none-eabi-10.3-2021.10/bin/../lib/gcc/arm-none-eabi/10.3.1/../../../../arm-none-eabi/lib/thumb/v7e-m/nofp\libg.a(lib_a-sbrkr.o)
 .ARM.attributes
                0x000008bb       0x2e d:/stm32/gcc-arm-none-eabi-10.3-2021.10/bin/../lib/gcc/arm-none-eabi/10.3.1/../../../../arm-none-eabi/lib/thumb/v7e-m/nofp\libg.a(lib_a-stdio.o)
 .ARM.attributes
                0x000008e9       0x2e d:/stm32/gcc-arm-none-eabi-10.3-2021.10/bin/../lib/gcc/arm-none-eabi/10.3.1/../../../../arm-none-eabi/lib/thumb/v7e-m/nofp\libg.a(lib_a-svfprintf.o)
 .ARM.attributes
                0x00000917       0x2e d:/stm32/gcc-arm-none-eabi-10.3-2021.10/bin/../lib/gcc/arm-none-eabi/10.3.1/../../../../arm-none-eabi/lib/thumb/v7e-m/nofp\libg.a(lib_a-writer.o)
 .ARM.attributes
                0x00000945       0x2e d:/stm32/gcc-arm-none-eabi-10.3-2021.10/bin/../lib/gcc/arm-none-eabi/10.3.1/../../../../arm-none-eabi/lib/thumb/v7e-m/nofp\libg.a(lib_a-__atexit.o)
 .ARM.attributes
                0x00000973       0x2e d:/stm32/gcc-arm-none-eabi-10.3-2021.10/bin/../lib/gcc/arm-none-eabi/10.3.1/../../../../arm-none-eabi/lib/thumb/v7e-m/nofp\libg.a(lib_a-closer.o)
 .ARM.attributes
                0x000009a1       0x2e d:/stm32/gcc-arm-none-eabi-10.3-2021.10/bin/../lib/gcc/arm-none-eabi/10.3.1/../../../../arm-none-eabi/lib/thumb/v7e-m/nofp\libg.a(lib_a-dtoa.o)
 .ARM.attributes
                0x000009cf       0x2e d:/stm32/gcc-arm-none-eabi-10.3-2021.10/bin/../lib/gcc/arm-none-eabi/10.3.1/../../../../arm-none-eabi/lib/thumb/v7e-m/nofp\libg.a(lib_a-fclose.o)
 .ARM.attributes
                0x000009fd       0x2e d:/stm32/gcc-arm-none-eabi-10.3-2021.10/bin/../lib/gcc/arm-none-eabi/10.3.1/../../../../arm-none-eabi/lib/thumb/v7e-m/nofp\libg.a(lib_a-fstatr.o)
 .ARM.attributes
                0x00000a2b       0x2e d:/stm32/gcc-arm-none-eabi-10.3-2021.10/bin/../lib/gcc/arm-none-eabi/10.3.1/../../../../arm-none-eabi/lib/thumb/v7e-m/nofp\libg.a(lib_a-isattyr.o)
 .ARM.attributes
                0x00000a59       0x2e d:/stm32/gcc-arm-none-eabi-10.3-2021.10/bin/../lib/gcc/arm-none-eabi/10.3.1/../../../../arm-none-eabi/lib/thumb/v7e-m/nofp\libg.a(lib_a-localeconv.o)
 .ARM.attributes
                0x00000a87       0x2e d:/stm32/gcc-arm-none-eabi-10.3-2021.10/bin/../lib/gcc/arm-none-eabi/10.3.1/../../../../arm-none-eabi/lib/thumb/v7e-m/nofp\libg.a(lib_a-lseekr.o)
 .ARM.attributes
                0x00000ab5       0x1c d:/stm32/gcc-arm-none-eabi-10.3-2021.10/bin/../lib/gcc/arm-none-eabi/10.3.1/../../../../arm-none-eabi/lib/thumb/v7e-m/nofp\libg.a(lib_a-memchr.o)
 .ARM.attributes
                0x00000ad1       0x1c d:/stm32/gcc-arm-none-eabi-10.3-2021.10/bin/../lib/gcc/arm-none-eabi/10.3.1/../../../../arm-none-eabi/lib/thumb/v7e-m/nofp\libg.a(lib_a-memcpy.o)
 .ARM.attributes
                0x00000aed       0x2e d:/stm32/gcc-arm-none-eabi-10.3-2021.10/bin/../lib/gcc/arm-none-eabi/10.3.1/../../../../arm-none-eabi/lib/thumb/v7e-m/nofp\libg.a(lib_a-mprec.o)
 .ARM.attributes
                0x00000b1b       0x2e d:/stm32/gcc-arm-none-eabi-10.3-2021.10/bin/../lib/gcc/arm-none-eabi/10.3.1/../../../../arm-none-eabi/lib/thumb/v7e-m/nofp\libg.a(lib_a-readr.o)
 .ARM.attributes
                0x00000b49       0x2e d:/stm32/gcc-arm-none-eabi-10.3-2021.10/bin/../lib/gcc/arm-none-eabi/10.3.1/../../../../arm-none-eabi/lib/thumb/v7e-m/nofp\libg.a(lib_a-reent.o)
 .ARM.attributes
                0x00000b77       0x2e d:/stm32/gcc-arm-none-eabi-10.3-2021.10/bin/../lib/gcc/arm-none-eabi/10.3.1/../../../../arm-none-eabi/lib/thumb/v7e-m/nofp\libg.a(lib_a-s_frexp.o)
 .ARM.attributes
                0x00000ba5       0x1c d:/stm32/gcc-arm-none-eabi-10.3-2021.10/bin/../lib/gcc/arm-none-eabi/10.3.1/../../../../arm-none-eabi/lib/thumb/v7e-m/nofp\libg.a(lib_a-strlen.o)
 .ARM.attributes
                0x00000bc1       0x2e d:/stm32/gcc-arm-none-eabi-10.3-2021.10/bin/../lib/gcc/arm-none-eabi/10.3.1/../../../../arm-none-eabi/lib/thumb/v7e-m/nofp\libg.a(lib_a-strncpy.o)
 .ARM.attributes
                0x00000bef       0x2e d:/stm32/gcc-arm-none-eabi-10.3-2021.10/bin/../lib/gcc/arm-none-eabi/10.3.1/../../../../arm-none-eabi/lib/thumb/v7e-m/nofp\libg.a(lib_a-svfiprintf.o)
 .ARM.attributes
                0x00000c1d       0x2e d:/stm32/gcc-arm-none-eabi-10.3-2021.10/bin/../lib/gcc/arm-none-eabi/10.3.1/../../../../arm-none-eabi/lib/thumb/v7e-m/nofp\libg.a(lib_a-assert.o)
 .ARM.attributes
                0x00000c4b       0x2e d:/stm32/gcc-arm-none-eabi-10.3-2021.10/bin/../lib/gcc/arm-none-eabi/10.3.1/../../../../arm-none-eabi/lib/thumb/v7e-m/nofp\libg.a(lib_a-callocr.o)
 .ARM.attributes
                0x00000c79       0x2e d:/stm32/gcc-arm-none-eabi-10.3-2021.10/bin/../lib/gcc/arm-none-eabi/10.3.1/../../../../arm-none-eabi/lib/thumb/v7e-m/nofp\libg.a(lib_a-fiprintf.o)
 .ARM.attributes
                0x00000ca7       0x2e d:/stm32/gcc-arm-none-eabi-10.3-2021.10/bin/../lib/gcc/arm-none-eabi/10.3.1/../../../../arm-none-eabi/lib/thumb/v7e-m/nofp\libg.a(lib_a-locale.o)
 .ARM.attributes
                0x00000cd5       0x2e d:/stm32/gcc-arm-none-eabi-10.3-2021.10/bin/../lib/gcc/arm-none-eabi/10.3.1/../../../../arm-none-eabi/lib/thumb/v7e-m/nofp\libg.a(lib_a-mbtowc_r.o)
 .ARM.attributes
                0x00000d03       0x2e d:/stm32/gcc-arm-none-eabi-10.3-2021.10/bin/../lib/gcc/arm-none-eabi/10.3.1/../../../../arm-none-eabi/lib/thumb/v7e-m/nofp\libg.a(lib_a-memmove.o)
 .ARM.attributes
                0x00000d31       0x2e d:/stm32/gcc-arm-none-eabi-10.3-2021.10/bin/../lib/gcc/arm-none-eabi/10.3.1/../../../../arm-none-eabi/lib/thumb/v7e-m/nofp\libg.a(lib_a-reallocr.o)
 .ARM.attributes
                0x00000d5f       0x2e d:/stm32/gcc-arm-none-eabi-10.3-2021.10/bin/../lib/gcc/arm-none-eabi/10.3.1/../../../../arm-none-eabi/lib/thumb/v7e-m/nofp\libg.a(lib_a-vfiprintf.o)
 .ARM.attributes
                0x00000d8d       0x2e d:/stm32/gcc-arm-none-eabi-10.3-2021.10/bin/../lib/gcc/arm-none-eabi/10.3.1/../../../../arm-none-eabi/lib/thumb/v7e-m/nofp\libg.a(lib_a-wctomb_r.o)